V/AlarmManager(  766): sending alarm Alarm{b4fee49 type 3 when 2800365 com.google.android.gms}
D/PowerManagerService(  766): updateWakeLockSummaryLocked: mWakefulness=Awake, mWakeLockSummary=0x1
V/AlarmManager(  766): sending alarm Alarm{118e34e type 2 when 2824645 android}
V/AlarmManager(  766): sending alarm Alarm{292ebc6f type 2 when 2825213 com.google.android.gms}
D/PowerManagerService(  766): updateWakeLockSummaryLocked: mWakefulness=Awake, mWakeLockSummary=0x1
D/PowerManagerService(  766): releaseWakeLockInternal: lock=1035987373 [*alarm*], flags=0x0, packageName=android, total_time=23ms
D/PowerManagerService(  766): updateWakeLockSummaryLocked: mWakefulness=Awake, mWakeLockSummary=0x1
D/FrameworkListener(  286): arg[0] = 'getaddrinfo'
D/FrameworkListener(  286): arg[1] = 'mtalk.google.com'
D/FrameworkListener(  286): arg[2] = '^'
D/FrameworkListener(  286): arg[3] = '1024'
D/FrameworkListener(  286): arg[4] = '0'
D/FrameworkListener(  286): arg[5] = '1'
D/FrameworkListener(  286): arg[6] = '0'
D/FrameworkListener(  286): arg[7] = '0'
D/FrameworkListener(  286): will free arg[0] = 'getaddrinfo'
D/FrameworkListener(  286): will free arg[1] = 'mtalk.google.com'
D/FrameworkListener(  286): will free arg[2] = '^'
D/FrameworkListener(  286): will free arg[3] = '1024'
D/FrameworkListener(  286): will free arg[4] = '0'
D/FrameworkListener(  286): will free arg[5] = '1'
D/FrameworkListener(  286): will free arg[6] = '0'
D/FrameworkListener(  286): will free arg[7] = '0'
W/InputMethodManagerService(  766): Window already focused, ignoring focus gain of: com.android.internal.view.IInputMethodClient$Stub$Proxy@113210bd attribute=null, token = android.os.BinderProxy@1d740e1
D/PowerManagerService(  766): releaseWakeLockInternal: lock=43574962 [GCM_CONN_ALARM], flags=0x0, packageName=com.google.android.gms, total_time=5006ms
D/PowerManagerService(  766): updateWakeLockSummaryLocked: mWakefulness=Awake, mWakeLockSummary=0x1
I/ActivityManager(  766): Start proc 19016:com.android.defcontainer/u0a71 for service com.android.defcontainer/.DefaultContainerService
D/FrameworkListener(  286): arg[0] = 'getaddrinfo'
D/FrameworkListener(  286): arg[1] = 'safebrowsing.google.com'
D/FrameworkListener(  286): arg[2] = '^'
D/FrameworkListener(  286): arg[3] = '1024'
D/FrameworkListener(  286): arg[4] = '0'
D/FrameworkListener(  286): arg[5] = '1'
D/FrameworkListener(  286): arg[6] = '0'
D/FrameworkListener(  286): arg[7] = '0'
D/FrameworkListener(  286): will free arg[0] = 'getaddrinfo'
D/FrameworkListener(  286): will free arg[1] = 'safebrowsing.google.com'
D/FrameworkListener(  286): will free arg[2] = '^'
D/FrameworkListener(  286): will free arg[3] = '1024'
D/FrameworkListener(  286): will free arg[4] = '0'
D/FrameworkListener(  286): will free arg[5] = '1'
D/FrameworkListener(  286): will free arg[6] = '0'
D/FrameworkListener(  286): will free arg[7] = '0'
V/DeviceStorageMonitorService(  766): freeMemory=3143938048, mMemLowThreshold: 209715200
I/DeviceStorageMonitorService(  766): Posting Message again
D/FrameworkListener(  286): arg[0] = 'getaddrinfo'
D/FrameworkListener(  286): arg[1] = 'safebrowsing.google.com'
D/FrameworkListener(  286): arg[2] = '^'
D/FrameworkListener(  286): arg[3] = '1024'
D/FrameworkListener(  286): arg[4] = '0'
D/FrameworkListener(  286): arg[5] = '1'
D/FrameworkListener(  286): arg[6] = '0'
D/FrameworkListener(  286): arg[7] = '0'
D/FrameworkListener(  286): will free arg[0] = 'getaddrinfo'
D/FrameworkListener(  286): will free arg[1] = 'safebrowsing.google.com'
D/FrameworkListener(  286): will free arg[2] = '^'
D/FrameworkListener(  286): will free arg[3] = '1024'
D/FrameworkListener(  286): will free arg[4] = '0'
D/FrameworkListener(  286): will free arg[5] = '1'
D/FrameworkListener(  286): will free arg[6] = '0'
D/FrameworkListener(  286): will free arg[7] = '0'
D/PowerManagerService(  766): updateWakeLockSummaryLocked: mWakefulness=Awake, mWakeLockSummary=0x1
D/FrameworkListener(  286): arg[0] = 'getaddrinfo'
D/FrameworkListener(  286): arg[1] = 'mtalk.google.com'
D/FrameworkListener(  286): arg[2] = '^'
D/FrameworkListener(  286): arg[3] = '1024'
D/FrameworkListener(  286): arg[4] = '0'
D/FrameworkListener(  286): arg[5] = '1'
D/FrameworkListener(  286): arg[6] = '0'
D/FrameworkListener(  286): arg[7] = '0'
D/FrameworkListener(  286): will free arg[0] = 'getaddrinfo'
D/FrameworkListener(  286): will free arg[1] = 'mtalk.google.com'
D/FrameworkListener(  286): will free arg[2] = '^'
D/FrameworkListener(  286): will free arg[3] = '1024'
D/FrameworkListener(  286): will free arg[4] = '0'
D/FrameworkListener(  286): will free arg[5] = '1'
D/FrameworkListener(  286): will free arg[6] = '0'
D/FrameworkListener(  286): will free arg[7] = '0'
I/ActivityManager(  766): Start proc 19046:com.google.android.talk/u0a130 for broadcast com.google.android.talk/com.google.android.apps.hangouts.service.NetworkStateReceiver
W/ResourcesManager(19046): Asset path '/system/framework/com.google.android.media.effects.jar' does not exist or contains no resources.
V/Telecom (  766): PhoneAccountRegistrar: No default connection manager specified
V/Telecom (  766): PhoneAccountRegistrar: No default connection manager specified
I/PackageManager(  766): Verification timed out for file:///data/local/tmp/VideoPlayerActivity-debug.apk
I/PackageManager(  766): Continuing with installation of file:///data/local/tmp/VideoPlayerActivity-debug.apk
I/ActivityManager(  766): Killing 18335:com.android.externalstorage/u0a73 (adj 15): empty #9
D/DefContainer(19016): Copying /data/local/tmp/VideoPlayerActivity-debug.apk to base.apk
D/PackageManager(  766): Renaming /data/app/vmdl1549195809.tmp to /data/app/tv.danmaku.ijk.media.demo-2
D/PackageManager(  766): deletePackageLI: tv.danmaku.ijk.media.demo user null
D/PackageManager(  766): Removing non-system package:tv.danmaku.ijk.media.demo
D/PackageManager(  766): removePackageDataLI: PackageSetting{25a958b7 tv.danmaku.ijk.media.demo/10287}
I/ActivityManager(  766): Force stopping tv.danmaku.ijk.media.demo appid=10287 user=-1: uninstall pkg
I/PackageManager(  766): args=com.android.server.pm.PackageManagerService$FileInstallArgs@1fed99ba
W/MountService(  766): getSecureContainerList() called when storage not mounted
D/FrameworkListener(  259): arg[0] = 'asec'
D/FrameworkListener(  259): arg[1] = 'list'
D/FrameworkListener(  259): will free arg[0] = 'asec'
D/FrameworkListener(  259): will free arg[1] = 'list'
I/PackageManager(  766): Package tv.danmaku.ijk.media.demo codePath changed from /data/app/tv.danmaku.ijk.media.demo-1 to /data/app/tv.danmaku.ijk.media.demo-2; Retaining data and using new
D/FrameworkListener(  286): arg[0] = 'getaddrinfo'
D/FrameworkListener(  286): arg[1] = 'safebrowsing.google.com'
D/FrameworkListener(  286): arg[2] = '^'
D/FrameworkListener(  286): arg[3] = '1024'
D/FrameworkListener(  286): arg[4] = '0'
D/FrameworkListener(  286): arg[5] = '1'
D/FrameworkListener(  286): arg[6] = '0'
D/FrameworkListener(  286): arg[7] = '0'
D/FrameworkListener(  286): will free arg[0] = 'getaddrinfo'
D/FrameworkListener(  286): will free arg[1] = 'safebrowsing.google.com'
D/FrameworkListener(  286): will free arg[2] = '^'
D/FrameworkListener(  286): will free arg[3] = '1024'
D/FrameworkListener(  286): will free arg[4] = '0'
D/FrameworkListener(  286): will free arg[5] = '1'
D/FrameworkListener(  286): will free arg[6] = '0'
D/FrameworkListener(  286): will free arg[7] = '0'
I/ActivityManager(  766): Force stopping tv.danmaku.ijk.media.demo appid=10287 user=-1: update pkg
W/PackageManager(  766): Code path for pkg : tv.danmaku.ijk.media.demo changing from /data/app/tv.danmaku.ijk.media.demo-1 to /data/app/tv.danmaku.ijk.media.demo-2
W/PackageManager(  766): Resource path for pkg : tv.danmaku.ijk.media.demo changing from /data/app/tv.danmaku.ijk.media.demo-1 to /data/app/tv.danmaku.ijk.media.demo-2
W/PackageManager(  766): Unknown permission android.permission.ACCESS_GPS in package tv.danmaku.ijk.media.demo
W/PackageManager(  766): Unknown permission android.permission.ACCESS_LOCATION in package tv.danmaku.ijk.media.demo
W/PackageManager(  766): Unknown permission adnroid.permission.CHANGE_WIFI_STATE in package tv.danmaku.ijk.media.demo
W/MountService(  766): getSecureContainerList() called when storage not mounted
D/FrameworkListener(  259): arg[0] = 'asec'
D/FrameworkListener(  259): arg[1] = 'list'
D/FrameworkListener(  259): will free arg[0] = 'asec'
D/FrameworkListener(  259): will free arg[1] = 'list'
I/ActivityManager(  766): Killing 17854:com.google.android.googlequicksearchbox:search/u0a102 (adj 15): empty #9
I/ActivityManager(  766): Force stopping tv.danmaku.ijk.media.demo appid=10287 user=0: pkg removed
I/ActivityManager(  766): Start proc 19088:com.tct.gallery3d/u0a82 for broadcast com.tct.gallery3d/.app.PackagesMonitor
W/ResourcesManager(19088): Asset path '/system/framework/com.google.android.media.effects.jar' does not exist or contains no resources.
D/JobSchedulerService(  766): Receieved: android.intent.action.PACKAGE_REMOVED
D/BackupManagerService(  766): Received broadcast Intent { act=android.intent.action.PACKAGE_REMOVED dat=package:tv.danmaku.ijk.media.demo flg=0x4000010 (has extras) }
D/FrameworkListener(  286): arg[0] = 'network'
D/FrameworkListener(  286): arg[1] = 'permission'
D/FrameworkListener(  286): arg[2] = 'user'
D/FrameworkListener(  286): arg[3] = 'clear'
D/FrameworkListener(  286): arg[4] = '10287'
D/FrameworkListener(  286): will free arg[0] = 'network'
D/FrameworkListener(  286): will free arg[1] = 'permission'
D/FrameworkListener(  286): will free arg[2] = 'user'
D/FrameworkListener(  286): will free arg[3] = 'clear'
D/FrameworkListener(  286): will free arg[4] = '10287'
D/PowerManagerService(  766): updateWakeLockSummaryLocked: mWakefulness=Awake, mWakeLockSummary=0x1
I/ActivityManager(  766): Killing 18354:com.tct.calendar/u0a72 (adj 15): empty #9
D/PowerManagerService(  766): updateWakeLockSummaryLocked: mWakefulness=Awake, mWakeLockSummary=0x1
D/PowerManagerService(  766): releaseWakeLockInternal: lock=657700802 [Icing], flags=0x0, packageName=com.google.android.gms, total_time=15ms
D/PowerManagerService(  766): updateWakeLockSummaryLocked: mWakefulness=Awake, mWakeLockSummary=0x1
I/ActivityManager(  766): Start proc 19110:com.android.musicfx/u0a85 for broadcast com.android.musicfx/.Compatibility$Receiver
I/ActivityManager(  766): Start proc 19131:com.tct.quicktranslate/u0a88 for broadcast com.tct.quicktranslate/.CheckIsSupportedReceiver
I/ActivityManager(  766): Killing 18461:com.google.android.gms:car/u0a75 (adj 15): empty #9
W/MountService(  766): getSecureContainerList() called when storage not mounted
D/FrameworkListener(  259): arg[0] = 'asec'
D/FrameworkListener(  259): arg[1] = 'list'
D/FrameworkListener(  259): will free arg[0] = 'asec'
D/FrameworkListener(  259): will free arg[1] = 'list'
D/BackupManagerService(  766): Received broadcast Intent { act=android.intent.action.PACKAGE_ADDED dat=package:tv.danmaku.ijk.media.demo flg=0x4000010 (has extras) }
I/ActivityManager(  766): Start proc 19151:com.google.android.googlequicksearchbox:search/u0a102 for broadcast com.google.android.googlequicksearchbox/com.google.android.search.core.icingsync.IcingCorporaChangedReceiver
W/BackupManagerService(  766): Removing schedule queue dupe of tv.danmaku.ijk.media.demo
I/ActivityManager(  766): Killing 18031:com.google.android.gms.wearable/u0a75 (adj 15): empty #9
W/ResourcesManager( 4517): Asset path '/system/framework/com.qti.snapdragon.sdk.display.jar' does not exist or contains no resources.
W/ResourcesManager( 4517): Asset path '/system/framework/qcrilhook.jar' does not exist or contains no resources.
W/ResourcesManager( 4517): Asset path '/system/framework/AudioBeaming.jar' does not exist or contains no resources.
W/ResourcesManager( 4517): Asset path '/system/framework/org.simalliance.openmobileapi.jar' does not exist or contains no resources.
W/ResourcesManager( 4517): Asset path '/system/framework/com.google.android.media.effects.jar' does not exist or contains no resources.
I/ActivityManager(  766): Start proc 19169:com.google.android.apps.docs/u0a118 for broadcast com.google.android.apps.docs/.receivers.AppPackageAddRemoveReceiver
I/ActivityManager(  766): Killing 18372:com.android.providers.calendar/u0a68 (adj 15): empty #9
W/ResourcesManager( 4517): Asset path '/system/framework/com.google.android.maps.jar' does not exist or contains no resources.
W/ActivityManager(  766): getRunningAppProcesses: caller 10118 does not hold REAL_GET_TASKS; limiting output
W/ActivityManager(  766): getRunningAppProcesses: caller 10118 does not hold REAL_GET_TASKS; limiting output
W/ActivityManager(  766): getRunningAppProcesses: caller 10118 does not hold REAL_GET_TASKS; limiting output
W/ActivityManager(  766): getRunningAppProcesses: caller 10118 does not hold REAL_GET_TASKS; limiting output
I/ActivityManager(  766): Start proc 19203:com.android.keychain/1000 for broadcast com.android.keychain/.KeyChainBroadcastReceiver
W/ContextImpl(19203): Calling a method in the system process without a qualified user: android.app.ContextImpl.startService:1734 android.content.ContextWrapper.startService:516 android.content.ContextWrapper.startService:516 com.android.keychain.KeyChainBroadcastReceiver.onReceive:12 android.app.ActivityThread.handleReceiver:2655 
I/ActivityManager(  766): Start proc 19221:com.jrdcom.wifitransfer/u0a149 for broadcast com.jrdcom.wifitransfer/.utility.WiFiTransferPackageReceiver
I/ActivityManager(  766): Killing 18674:com.tct.feedback/1000 (adj 15): empty #9
I/ActivityManager(  766): Killing 19046:com.google.android.talk/u0a130 (adj 15): empty #9
I/ActivityManager(  766): Start proc 19239:com.swiftkey.swiftkeyconfigurator/u0a158 for broadcast com.swiftkey.swiftkeyconfigurator/.PackageRemovedReceiver
I/ActivityManager(  766): Killing 19016:com.android.defcontainer/u0a71 (adj 15): empty #9
I/ActivityManager(  766): Start proc 19258:com.google.android.partnersetup/u0a78 for broadcast com.google.android.partnersetup/.RlzPingBroadcastReceiver
I/ActivityManager(  766): Killing 19110:com.android.musicfx/u0a85 (adj 15): empty #9
D/PowerManagerService(  766): updateWakeLockSummaryLocked: mWakefulness=Awake, mWakeLockSummary=0x1
D/PowerManagerService(  766): releaseWakeLockInternal: lock=65523723 [wake:com.google.android.gms/.config.ConfigFetchService], flags=0x0, packageName=com.google.android.gms, total_time=2ms
D/PowerManagerService(  766): updateWakeLockSummaryLocked: mWakefulness=Awake, mWakeLockSummary=0x1
I/ActivityManager(  766): Start proc 19281:com.android.musicfx/u0a85 for broadcast com.android.musicfx/.Compatibility$Receiver
I/ActivityManager(  766): Start proc 19298:com.google.android.gms.wearable/u0a75 for service com.google.android.gms/.wearable.service.WearableControlService
D/PowerManagerService(  766): updateWakeLockSummaryLocked: mWakefulness=Awake, mWakeLockSummary=0x1
D/PowerManagerService(  766): releaseWakeLockInternal: lock=657700802 [Icing], flags=0x0, packageName=com.google.android.gms, total_time=9ms
D/PowerManagerService(  766): updateWakeLockSummaryLocked: mWakefulness=Awake, mWakeLockSummary=0x1
W/ResourcesManager(19298): Asset path '/system/framework/com.android.media.remotedisplay.jar' does not exist or contains no resources.
W/ResourcesManager(19298): Asset path '/system/framework/com.android.location.provider.jar' does not exist or contains no resources.
D/PowerManagerService(  766): releaseWakeLockInternal: lock=43574962 [GCM_CONN_ALARM], flags=0x0, packageName=com.google.android.gms, total_time=5002ms
D/PowerManagerService(  766): updateWakeLockSummaryLocked: mWakefulness=Awake, mWakeLockSummary=0x1
I/ActivityManager(  766): Killing 19203:com.android.keychain/1000 (adj 15): empty #9
D/PowerManagerService(  766): updateWakeLockSummaryLocked: mWakefulness=Awake, mWakeLockSummary=0x1
D/PowerManagerService(  766): releaseWakeLockInternal: lock=118416128 [*net_scheduler*], flags=0x0, packageName=com.google.android.gms, total_time=12ms
D/PowerManagerService(  766): updateWakeLockSummaryLocked: mWakefulness=Awake, mWakeLockSummary=0x1
D/PowerManagerService(  766): updateWakeLockSummaryLocked: mWakefulness=Awake, mWakeLockSummary=0x1
D/PowerManagerService(  766): releaseWakeLockInternal: lock=657700802 [Icing], flags=0x0, packageName=com.google.android.gms, total_time=14ms
D/PowerManagerService(  766): updateWakeLockSummaryLocked: mWakefulness=Awake, mWakeLockSummary=0x1
D/PowerManagerService(  766): updateWakeLockSummaryLocked: mWakefulness=Awake, mWakeLockSummary=0x1
D/PowerManagerService(  766): releaseWakeLockInternal: lock=657700802 [Icing], flags=0x0, packageName=com.google.android.gms, total_time=39ms
D/PowerManagerService(  766): updateWakeLockSummaryLocked: mWakefulness=Awake, mWakeLockSummary=0x1
D/PowerManagerService(  766): updateWakeLockSummaryLocked: mWakefulness=Awake, mWakeLockSummary=0x1
D/PowerManagerService(  766): releaseWakeLockInternal: lock=657700802 [Icing], flags=0x0, packageName=com.google.android.gms, total_time=1110ms
D/PowerManagerService(  766): updateWakeLockSummaryLocked: mWakefulness=Awake, mWakeLockSummary=0x1
D/FrameworkListener(  286): arg[0] = 'getaddrinfo'
D/FrameworkListener(  286): arg[1] = 'safebrowsing.google.com'
D/FrameworkListener(  286): arg[2] = '^'
D/FrameworkListener(  286): arg[3] = '1024'
D/FrameworkListener(  286): arg[4] = '0'
D/FrameworkListener(  286): arg[5] = '1'
D/FrameworkListener(  286): arg[6] = '0'
D/FrameworkListener(  286): arg[7] = '0'
D/FrameworkListener(  286): will free arg[0] = 'getaddrinfo'
D/FrameworkListener(  286): will free arg[1] = 'safebrowsing.google.com'
D/FrameworkListener(  286): will free arg[2] = '^'
D/FrameworkListener(  286): will free arg[3] = '1024'
D/FrameworkListener(  286): will free arg[4] = '0'
D/FrameworkListener(  286): will free arg[5] = '1'
D/FrameworkListener(  286): will free arg[6] = '0'
D/FrameworkListener(  286): will free arg[7] = '0'
I/ActivityManager(  766): Killing 19088:com.tct.gallery3d/u0a82 (adj 15): empty #9
V/AlarmManager(  766): sending alarm Alarm{24ec8392 type 3 when 2853761 android}
D/PowerManagerService(  766): updateWakeLockSummaryLocked: mWakefulness=Awake, mWakeLockSummary=0x1
D/PowerManagerService(  766): releaseWakeLockInternal: lock=1035987373 [*alarm*], flags=0x0, packageName=android, total_time=87ms
D/PowerManagerService(  766): updateWakeLockSummaryLocked: mWakefulness=Awake, mWakeLockSummary=0x1
I/ActivityManager(  766): Killing 19258:com.google.android.partnersetup/u0a78 (adj 15): empty #9
W/PackageManager(  766): Invalid verification token 5 received
V/AlarmManager(  766): sending alarm Alarm{23d900bf type 0 when 1459924631404 com.android.vending}
D/PowerManagerService(  766): updateWakeLockSummaryLocked: mWakefulness=Awake, mWakeLockSummary=0x1
D/PowerManagerService(  766): releaseWakeLockInternal: lock=1035987373 [*alarm*], flags=0x0, packageName=android, total_time=1ms
D/PowerManagerService(  766): updateWakeLockSummaryLocked: mWakefulness=Awake, mWakeLockSummary=0x1
D/ConnectivityService(  766): reportBadNetwork(NetworkAgentInfo [WIFI () - 101]) by 10075
D/ConnectivityService(  766): setProvNotificationVisibleIntent: E visible=false networkType=0 extraInfo=null
D/ConnectivityService(  766): Validated NetworkAgentInfo [WIFI () - 101]
I/ActivityManager(  766): Start proc 19361:com.google.android.talk/u0a130 for broadcast com.google.android.talk/com.google.android.apps.hangouts.service.NetworkStateReceiver
W/ResourcesManager(19361): Asset path '/system/framework/com.google.android.media.effects.jar' does not exist or contains no resources.
V/Telecom (  766): PhoneAccountRegistrar: No default connection manager specified
V/Telecom (  766): PhoneAccountRegistrar: No default connection manager specified
I/ActivityManager(  766): Killing 19131:com.tct.quicktranslate/u0a88 (adj 15): empty #9
V/DeviceStorageMonitorService(  766): freeMemory=3146375168, mMemLowThreshold: 209715200
I/DeviceStorageMonitorService(  766): Posting Message again
I/ActivityManager(  766): START u0 {act=android.intent.action.MAIN cat=[android.intent.category.LAUNCHER] flg=0x10200000 cmp=tv.danmaku.ijk.media.demo/.VideoRecorderActivity (has extras)} from uid 10083 on display 0
V/WindowManager(  766): addAppToken: AppWindowToken{c7717bc token=Token{291997af ActivityRecord{145238e u0 tv.danmaku.ijk.media.demo/.VideoRecorderActivity t911}}} to stack=1 task=911 at 0
D/PowerManagerService(  766): updateWakeLockSummaryLocked: mWakefulness=Awake, mWakeLockSummary=0x1
V/WindowManager(  766): Adding window Window{31806e97 u0 Starting tv.danmaku.ijk.media.demo} at 3 of 6 (after Window{2d715e06 u0 com.tct.launcher/com.tct.launcher.Launcher})
I/ActivityManager(  766): Start proc 19407:tv.danmaku.ijk.media.demo/u0a287 for activity tv.danmaku.ijk.media.demo/.VideoRecorderActivity
D/FrameworkListener(  286): arg[0] = 'getaddrinfo'
D/FrameworkListener(  286): arg[1] = 's1.weiqu168.com'
D/FrameworkListener(  286): arg[2] = '1935'
D/FrameworkListener(  286): arg[3] = '0'
D/FrameworkListener(  286): arg[4] = '0'
D/FrameworkListener(  286): arg[5] = '1'
D/FrameworkListener(  286): arg[6] = '0'
D/FrameworkListener(  286): arg[7] = '0'
D/FrameworkListener(  286): will free arg[0] = 'getaddrinfo'
D/FrameworkListener(  286): will free arg[1] = 's1.weiqu168.com'
D/FrameworkListener(  286): will free arg[2] = '1935'
D/FrameworkListener(  286): will free arg[3] = '0'
D/FrameworkListener(  286): will free arg[4] = '0'
D/FrameworkListener(  286): will free arg[5] = '1'
D/FrameworkListener(  286): will free arg[6] = '0'
D/FrameworkListener(  286): will free arg[7] = '0'
D/PowerManagerService(  766): updateWakeLockSummaryLocked: mWakefulness=Awake, mWakeLockSummary=0x1
D/PowerManagerService(  766): updateWakeLockSummaryLocked: mWakefulness=Awake, mWakeLockSummary=0x1
D/PowerManagerService(  766): updateWakeLockSummaryLocked: mWakefulness=Awake, mWakeLockSummary=0x1
V/WindowManager(  766): Adding window Window{38133fab u0 tv.danmaku.ijk.media.demo/tv.danmaku.ijk.media.demo.VideoRecorderActivity} at 3 of 7 (before Window{31806e97 u0 Starting tv.danmaku.ijk.media.demo})
V/WindowManager(  766): Adding window Window{84411a1 u0 SurfaceView} at 3 of 8 (before Window{38133fab u0 tv.danmaku.ijk.media.demo/tv.danmaku.ijk.media.demo.VideoRecorderActivity})
F/libc    (19407): Fatal signal 11 (SIGSEGV), code 1, fault addr 0xb7343000 in tid 19529 (Thread-2008)
I/DEBUG   (  287): *** *** *** *** *** *** *** *** *** *** *** *** *** *** *** ***
I/DEBUG   (  287): Build fingerprint: 'TCL/5054X/Pop355:5.1.1/LMY47V/vC86-0:user/release-keys'
I/DEBUG   (  287): Revision: '0'
I/DEBUG   (  287): ABI: 'arm'
I/DEBUG   (  287): pid: 19407, tid: 19529, name: Thread-2008  >>> tv.danmaku.ijk.media.demo <<<
I/DEBUG   (  287): signal 11 (SIGSEGV), code 1 (SEGV_MAPERR), fault addr 0xb7343000
I/DEBUG   (  287):     r0 b733b9c0  r1 b7342ff0  r2 00000080  r3 00000000
I/DEBUG   (  287):     r4 b733ba80  r5 00000000  r6 00000500  r7 00005500
I/DEBUG   (  287):     r8 b7333f80  r9 b7343090  sl 00000000  fp 00000500
I/DEBUG   (  287):     ip a6233d90  sp a1d8ead0  lr a5eaa7c7  pc b6de9a34  cpsr 200f0010
I/DEBUG   (  287): 
I/DEBUG   (  287): backtrace:
I/DEBUG   (  287):     #00 pc 0000fa34  /system/lib/libc.so (__memcpy_base+92)
I/DEBUG   (  287):     #01 pc 000527c3  /data/app/tv.danmaku.ijk.media.demo-2/lib/arm/libijkffmpeg.so (av_fifo_generic_write+106)
W/ActivityManager(  766):   Force finishing activity 1 tv.danmaku.ijk.media.demo/.VideoRecorderActivity
I/BootReceiver(  766): Copying /data/tombstones/tombstone_07 to DropBox (SYSTEM_TOMBSTONE)
I/WindowState(  766): WIN DEATH: Window{38133fab u0 tv.danmaku.ijk.media.demo/tv.danmaku.ijk.media.demo.VideoRecorderActivity}
I/WindowState(  766): WIN DEATH: Window{84411a1 u0 SurfaceView}
W/ActivityManager(  766): Exception thrown during pause
W/ActivityManager(  766): android.os.DeadObjectException
W/ActivityManager(  766): 	at android.os.BinderProxy.transactNative(Native Method)
W/ActivityManager(  766): 	at android.os.BinderProxy.transact(Binder.java:496)
W/ActivityManager(  766): 	at android.app.ApplicationThreadProxy.schedulePauseActivity(ApplicationThreadNative.java:715)
W/ActivityManager(  766): 	at com.android.server.am.ActivityStack.startPausingLocked(ActivityStack.java:849)
W/ActivityManager(  766): 	at com.android.server.am.ActivityStack.finishActivityLocked(ActivityStack.java:2782)
W/ActivityManager(  766): 	at com.android.server.am.ActivityStack.finishTopRunningActivityLocked(ActivityStack.java:2639)
W/ActivityManager(  766): 	at com.android.server.am.ActivityStackSupervisor.finishTopRunningActivityLocked(ActivityStackSupervisor.java:2562)
W/ActivityManager(  766): 	at com.android.server.am.ActivityManagerService.handleAppCrashLocked(ActivityManagerService.java:12336)
W/ActivityManager(  766): 	at com.android.server.am.ActivityManagerService.makeAppCrashingLocked(ActivityManagerService.java:12224)
W/ActivityManager(  766): 	at com.android.server.am.ActivityManagerService.crashApplication(ActivityManagerService.java:12954)
W/ActivityManager(  766): 	at com.android.server.am.ActivityManagerService.handleApplicationCrashInner(ActivityManagerService.java:12452)
W/ActivityManager(  766): 	at com.android.server.am.NativeCrashListener$NativeCrashReporter.run(NativeCrashListener.java:86)
D/PowerManagerService(  766): updateWakeLockSummaryLocked: mWakefulness=Awake, mWakeLockSummary=0x1
D/ActivityManager(  766): failed to priority process com.tct.launcher
D/ActivityManager(  766): android.os.DeadObjectException
D/ActivityManager(  766): 	at android.os.BinderProxy.transactNative(Native Method)
D/ActivityManager(  766): 	at android.os.BinderProxy.transact(Binder.java:496)
D/ActivityManager(  766): 	at android.app.ApplicationThreadProxy.setProcPriority(ApplicationThreadNative.java:1371)
D/ActivityManager(  766): 	at com.android.server.am.ActivityManagerService.updateProcessPriority(ActivityManagerService.java:2733)
D/ActivityManager(  766): 	at com.android.server.am.ActivityStack.resumeTopActivityInnerLocked(ActivityStack.java:1882)
D/ActivityManager(  766): 	at com.android.server.am.ActivityStack.resumeTopActivityLocked(ActivityStack.java:1485)
D/ActivityManager(  766): 	at com.android.server.am.ActivityStack.resumeTopActivityLocked(ActivityStack.java:1468)
D/ActivityManager(  766): 	at com.android.server.am.ActivityStack.startPausingLocked(ActivityStack.java:904)
D/ActivityManager(  766): 	at com.android.server.am.ActivityStack.finishActivityLocked(ActivityStack.java:2782)
D/ActivityManager(  766): 	at com.android.server.am.ActivityStack.finishTopRunningActivityLocked(ActivityStack.java:2639)
D/ActivityManager(  766): 	at com.android.server.am.ActivityStackSupervisor.finishTopRunningActivityLocked(ActivityStackSupervisor.java:2562)
D/ActivityManager(  766): 	at com.android.server.am.ActivityManagerService.handleAppCrashLocked(ActivityManagerService.java:12336)
D/ActivityManager(  766): 	at com.android.server.am.ActivityManagerService.makeAppCrashingLocked(ActivityManagerService.java:12224)
D/ActivityManager(  766): 	at com.android.server.am.ActivityManagerService.crashApplication(ActivityManagerService.java:12954)
D/ActivityManager(  766): 	at com.android.server.am.ActivityManagerService.handleApplicationCrashInner(ActivityManagerService.java:12452)
D/ActivityManager(  766): 	at com.android.server.am.NativeCrashListener$NativeCrashReporter.run(NativeCrashListener.java:86)
D/PowerManagerService(  766): releaseWakeLockInternal: lock=202969682 [AudioIn], flags=0x0, packageName=media, total_time=1098ms
D/PowerManagerService(  766): updateWakeLockSummaryLocked: mWakefulness=Awake, mWakeLockSummary=0x1
D/PowerManagerService(  766): updateWakeLockSummaryLocked: mWakefulness=Awake, mWakeLockSummary=0x1
D/PowerManagerService(  766): releaseWakeLockInternal: lock=128842019 [AudioIn], flags=0x0, packageName=media, total_time=1ms
D/PowerManagerService(  766): updateWakeLockSummaryLocked: mWakefulness=Awake, mWakeLockSummary=0x1
I/ActivityManager(  766): Process tv.danmaku.ijk.media.demo (pid 19407) has died
W/InputMethodManagerService(  766): Window already focused, ignoring focus gain of: com.android.internal.view.IInputMethodClient$Stub$Proxy@2b860b6f attribute=null, token = android.os.BinderProxy@1d740e1
I/ActivityManager(  766): Start proc 19576:com.tct.feedback/1000 for broadcast com.tct.feedback/.external.bugreport.BroadcastReceiveANR
I/ActivityManager(  766): Start proc 19596:com.android.providers.calendar/u0a68 for content provider com.android.providers.calendar/.CalendarProvider2
D/PowerManagerService(  766): releaseWakeLockInternal: lock=841882170 [ActivityManager-Launch], flags=0x0, packageName=android, total_time=9435ms
D/PowerManagerService(  766): updateWakeLockSummaryLocked: mWakefulness=Awake, mWakeLockSummary=0x1
I/ActivityManager(  766): Killing 19169:com.google.android.apps.docs/u0a118 (adj 15): empty #9
W/ResourcesManager(19596): Asset path '/system/framework/android.test.runner.jar' does not exist or contains no resources.
I/ActivityManager(  766): Killing 19221:com.jrdcom.wifitransfer/u0a149 (adj 15): empty #9
I/ActivityManager(  766): Start proc 19637:com.tct.calendar/u0a72 for broadcast com.tct.calendar/.alerts.AlertReceiver
D/PowerManagerService(  766): updateWakeLockSummaryLocked: mWakefulness=Awake, mWakeLockSummary=0x1
I/ActivityManager(  766): Killing 19281:com.android.musicfx/u0a85 (adj 15): empty #9
D/PowerManagerService(  766): releaseWakeLockInternal: lock=354388349 [StartingAlertService], flags=0x0, packageName=com.tct.calendar, total_time=66ms
D/PowerManagerService(  766): updateWakeLockSummaryLocked: mWakefulness=Awake, mWakeLockSummary=0x1
D/PowerManagerService(  766): releaseWakeLockInternal: lock=832220355 [AudioMix], flags=0x0, packageName=media, total_time=3009ms
D/PowerManagerService(  766): updateWakeLockSummaryLocked: mWakefulness=Awake, mWakeLockSummary=0x1
D/PowerManagerService(  766): releaseWakeLockInternal: lock=558967104 [AudioMix], flags=0x0, packageName=media, total_time=3011ms
D/PowerManagerService(  766): updateWakeLockSummaryLocked: mWakefulness=Awake, mWakeLockSummary=0x1
D/TaskPersister(  766): removeObsoleteFile: deleting file=911_task.xml
W/InputMethodManagerService(  766): Window already focused, ignoring focus gain of: com.android.internal.view.IInputMethodClient$Stub$Proxy@33f1521f attribute=null, token = android.os.BinderProxy@1d740e1
V/DeviceStorageMonitorService(  766): freeMemory=3146362880, mMemLowThreshold: 209715200
I/DeviceStorageMonitorService(  766): Posting Message again
D/PowerManagerService(  766): releaseWakeLockInternal: lock=47934261 [wake:com.google.android.gms/.config.ConfigFetchService], flags=0x0, packageName=com.google.android.gms, total_time=60047ms
D/PowerManagerService(  766): updateWakeLockSummaryLocked: mWakefulness=Awake, mWakeLockSummary=0x1
V/AlarmManager(  766): sending alarm Alarm{3214fbca type 3 when 2910609 com.google.android.gms}
D/PowerManagerService(  766): updateWakeLockSummaryLocked: mWakefulness=Awake, mWakeLockSummary=0x1
D/PowerManagerService(  766): releaseWakeLockInternal: lock=1035987373 [*alarm*], flags=0x0, packageName=android, total_time=12ms
D/PowerManagerService(  766): updateWakeLockSummaryLocked: mWakefulness=Awake, mWakeLockSummary=0x1
V/AlarmManager(  766): sending alarm Alarm{3c893a22 type 3 when 2913761 android}
D/PowerManagerService(  766): updateWakeLockSummaryLocked: mWakefulness=Awake, mWakeLockSummary=0x1
D/PowerManagerService(  766): releaseWakeLockInternal: lock=1035987373 [*alarm*], flags=0x0, packageName=android, total_time=107ms
D/PowerManagerService(  766): updateWakeLockSummaryLocked: mWakefulness=Awake, mWakeLockSummary=0x1
V/DeviceStorageMonitorService(  766): freeMemory=3146362880, mMemLowThreshold: 209715200
I/DeviceStorageMonitorService(  766): Posting Message again
I/ActivityManager(  766): Start proc 19722:com.android.defcontainer/u0a71 for service com.android.defcontainer/.DefaultContainerService
D/FrameworkListener(  286): arg[0] = 'getaddrinfo'
D/FrameworkListener(  286): arg[1] = 'safebrowsing.google.com'
D/FrameworkListener(  286): arg[2] = '^'
D/FrameworkListener(  286): arg[3] = '1024'
D/FrameworkListener(  286): arg[4] = '0'
D/FrameworkListener(  286): arg[5] = '1'
D/FrameworkListener(  286): arg[6] = '0'
D/FrameworkListener(  286): arg[7] = '0'
D/FrameworkListener(  286): will free arg[0] = 'getaddrinfo'
D/FrameworkListener(  286): will free arg[1] = 'safebrowsing.google.com'
D/FrameworkListener(  286): will free arg[2] = '^'
D/FrameworkListener(  286): will free arg[3] = '1024'
D/FrameworkListener(  286): will free arg[4] = '0'
D/FrameworkListener(  286): will free arg[5] = '1'
D/FrameworkListener(  286): will free arg[6] = '0'
D/FrameworkListener(  286): will free arg[7] = '0'
D/FrameworkListener(  286): arg[0] = 'getaddrinfo'
D/FrameworkListener(  286): arg[1] = 'safebrowsing.google.com'
D/FrameworkListener(  286): arg[2] = '^'
D/FrameworkListener(  286): arg[3] = '1024'
D/FrameworkListener(  286): arg[4] = '0'
D/FrameworkListener(  286): arg[5] = '1'
D/FrameworkListener(  286): arg[6] = '0'
D/FrameworkListener(  286): arg[7] = '0'
D/FrameworkListener(  286): will free arg[0] = 'getaddrinfo'
D/FrameworkListener(  286): will free arg[1] = 'safebrowsing.google.com'
D/FrameworkListener(  286): will free arg[2] = '^'
D/FrameworkListener(  286): will free arg[3] = '1024'
D/FrameworkListener(  286): will free arg[4] = '0'
D/FrameworkListener(  286): will free arg[5] = '1'
D/FrameworkListener(  286): will free arg[6] = '0'
D/FrameworkListener(  286): will free arg[7] = '0'
I/PackageManager(  766): Verification timed out for file:///data/local/tmp/VideoPlayerActivity-debug.apk
I/PackageManager(  766): Continuing with installation of file:///data/local/tmp/VideoPlayerActivity-debug.apk
D/DefContainer(19722): Copying /data/local/tmp/VideoPlayerActivity-debug.apk to base.apk
D/FrameworkListener(  286): arg[0] = 'getaddrinfo'
D/FrameworkListener(  286): arg[1] = 'safebrowsing.google.com'
D/FrameworkListener(  286): arg[2] = '^'
D/FrameworkListener(  286): arg[3] = '1024'
D/FrameworkListener(  286): arg[4] = '0'
D/FrameworkListener(  286): arg[5] = '1'
D/FrameworkListener(  286): arg[6] = '0'
D/FrameworkListener(  286): arg[7] = '0'
D/FrameworkListener(  286): will free arg[0] = 'getaddrinfo'
D/FrameworkListener(  286): will free arg[1] = 'safebrowsing.google.com'
D/FrameworkListener(  286): will free arg[2] = '^'
D/FrameworkListener(  286): will free arg[3] = '1024'
D/FrameworkListener(  286): will free arg[4] = '0'
D/FrameworkListener(  286): will free arg[5] = '1'
D/FrameworkListener(  286): will free arg[6] = '0'
D/FrameworkListener(  286): will free arg[7] = '0'
D/PackageManager(  766): Renaming /data/app/vmdl1601351992.tmp to /data/app/tv.danmaku.ijk.media.demo-1
D/PackageManager(  766): deletePackageLI: tv.danmaku.ijk.media.demo user null
D/PackageManager(  766): Removing non-system package:tv.danmaku.ijk.media.demo
D/PackageManager(  766): removePackageDataLI: PackageSetting{25a958b7 tv.danmaku.ijk.media.demo/10287}
I/ActivityManager(  766): Force stopping tv.danmaku.ijk.media.demo appid=10287 user=-1: uninstall pkg
I/PackageManager(  766): args=com.android.server.pm.PackageManagerService$FileInstallArgs@37b13d21
W/MountService(  766): getSecureContainerList() called when storage not mounted
D/FrameworkListener(  259): arg[0] = 'asec'
D/FrameworkListener(  259): arg[1] = 'list'
D/FrameworkListener(  259): will free arg[0] = 'asec'
D/FrameworkListener(  259): will free arg[1] = 'list'
I/PackageManager(  766): Package tv.danmaku.ijk.media.demo codePath changed from /data/app/tv.danmaku.ijk.media.demo-2 to /data/app/tv.danmaku.ijk.media.demo-1; Retaining data and using new
I/ActivityManager(  766): Force stopping tv.danmaku.ijk.media.demo appid=10287 user=-1: update pkg
W/PackageManager(  766): Code path for pkg : tv.danmaku.ijk.media.demo changing from /data/app/tv.danmaku.ijk.media.demo-2 to /data/app/tv.danmaku.ijk.media.demo-1
W/PackageManager(  766): Resource path for pkg : tv.danmaku.ijk.media.demo changing from /data/app/tv.danmaku.ijk.media.demo-2 to /data/app/tv.danmaku.ijk.media.demo-1
W/PackageManager(  766): Unknown permission android.permission.ACCESS_GPS in package tv.danmaku.ijk.media.demo
W/PackageManager(  766): Unknown permission android.permission.ACCESS_LOCATION in package tv.danmaku.ijk.media.demo
W/PackageManager(  766): Unknown permission adnroid.permission.CHANGE_WIFI_STATE in package tv.danmaku.ijk.media.demo
W/MountService(  766): getSecureContainerList() called when storage not mounted
D/FrameworkListener(  259): arg[0] = 'asec'
D/FrameworkListener(  259): arg[1] = 'list'
D/FrameworkListener(  259): will free arg[0] = 'asec'
D/FrameworkListener(  259): will free arg[1] = 'list'
I/ActivityManager(  766): Killing 19239:com.swiftkey.swiftkeyconfigurator/u0a158 (adj 15): empty #9
I/ActivityManager(  766): Force stopping tv.danmaku.ijk.media.demo appid=10287 user=0: pkg removed
I/ActivityManager(  766): Start proc 19760:com.tct.gallery3d/u0a82 for broadcast com.tct.gallery3d/.app.PackagesMonitor
W/ResourcesManager(19760): Asset path '/system/framework/com.google.android.media.effects.jar' does not exist or contains no resources.
W/ResourcesManager( 4517): Asset path '/system/framework/com.qti.snapdragon.sdk.display.jar' does not exist or contains no resources.
W/ResourcesManager( 4517): Asset path '/system/framework/qcrilhook.jar' does not exist or contains no resources.
W/ResourcesManager( 4517): Asset path '/system/framework/AudioBeaming.jar' does not exist or contains no resources.
W/ResourcesManager( 4517): Asset path '/system/framework/org.simalliance.openmobileapi.jar' does not exist or contains no resources.
D/JobSchedulerService(  766): Receieved: android.intent.action.PACKAGE_REMOVED
D/BackupManagerService(  766): Received broadcast Intent { act=android.intent.action.PACKAGE_REMOVED dat=package:tv.danmaku.ijk.media.demo flg=0x4000010 (has extras) }
D/FrameworkListener(  286): arg[0] = 'network'
D/FrameworkListener(  286): arg[1] = 'permission'
D/FrameworkListener(  286): arg[2] = 'user'
D/FrameworkListener(  286): arg[3] = 'clear'
D/FrameworkListener(  286): arg[4] = '10287'
D/FrameworkListener(  286): will free arg[0] = 'network'
D/FrameworkListener(  286): will free arg[1] = 'permission'
D/FrameworkListener(  286): will free arg[2] = 'user'
D/FrameworkListener(  286): will free arg[3] = 'clear'
D/FrameworkListener(  286): will free arg[4] = '10287'
W/ResourcesManager( 4517): Asset path '/system/framework/com.google.android.media.effects.jar' does not exist or contains no resources.
W/ResourcesManager( 4517): Asset path '/system/framework/com.google.android.maps.jar' does not exist or contains no resources.
D/PowerManagerService(  766): updateWakeLockSummaryLocked: mWakefulness=Awake, mWakeLockSummary=0x1
D/BackupManagerService(  766): Received broadcast Intent { act=android.intent.action.PACKAGE_ADDED dat=package:tv.danmaku.ijk.media.demo flg=0x4000010 (has extras) }
W/BackupManagerService(  766): Removing schedule queue dupe of tv.danmaku.ijk.media.demo
I/ActivityManager(  766): Killing 19151:com.google.android.googlequicksearchbox:search/u0a102 (adj 15): empty #9
D/PowerManagerService(  766): updateWakeLockSummaryLocked: mWakefulness=Awake, mWakeLockSummary=0x1
D/PowerManagerService(  766): releaseWakeLockInternal: lock=177644090 [Icing], flags=0x0, packageName=com.google.android.gms, total_time=12ms
D/PowerManagerService(  766): updateWakeLockSummaryLocked: mWakefulness=Awake, mWakeLockSummary=0x1
I/ActivityManager(  766): Start proc 19782:com.android.musicfx/u0a85 for broadcast com.android.musicfx/.Compatibility$Receiver
W/MountService(  766): getSecureContainerList() called when storage not mounted
D/FrameworkListener(  259): arg[0] = 'asec'
D/FrameworkListener(  259): arg[1] = 'list'
D/FrameworkListener(  259): will free arg[0] = 'asec'
D/FrameworkListener(  259): will free arg[1] = 'list'
I/ActivityManager(  766): Start proc 19804:com.tct.quicktranslate/u0a88 for broadcast com.tct.quicktranslate/.CheckIsSupportedReceiver
I/ActivityManager(  766): Killing 19298:com.google.android.gms.wearable/u0a75 (adj 15): empty #9
I/ActivityManager(  766): Start proc 19822:com.google.android.googlequicksearchbox:search/u0a102 for broadcast com.google.android.googlequicksearchbox/com.google.android.search.core.icingsync.IcingCorporaChangedReceiver
I/ActivityManager(  766): Killing 19576:com.tct.feedback/1000 (adj 15): empty #9
I/ActivityManager(  766): Start proc 19839:com.google.android.apps.docs/u0a118 for broadcast com.google.android.apps.docs/.receivers.AppPackageAddRemoveReceiver
I/ActivityManager(  766): Killing 19596:com.android.providers.calendar/u0a68 (adj 15): empty #9
W/ActivityManager(  766): getRunningAppProcesses: caller 10118 does not hold REAL_GET_TASKS; limiting output
W/ActivityManager(  766): getRunningAppProcesses: caller 10118 does not hold REAL_GET_TASKS; limiting output
W/ActivityManager(  766): getRunningAppProcesses: caller 10118 does not hold REAL_GET_TASKS; limiting output
W/ActivityManager(  766): getRunningAppProcesses: caller 10118 does not hold REAL_GET_TASKS; limiting output
I/ActivityManager(  766): Start proc 19869:com.android.keychain/1000 for broadcast com.android.keychain/.KeyChainBroadcastReceiver
I/ActivityManager(  766): Killing 19637:com.tct.calendar/u0a72 (adj 15): empty #9
W/ContextImpl(19869): Calling a method in the system process without a qualified user: android.app.ContextImpl.startService:1734 android.content.ContextWrapper.startService:516 android.content.ContextWrapper.startService:516 com.android.keychain.KeyChainBroadcastReceiver.onReceive:12 android.app.ActivityThread.handleReceiver:2655 
I/ActivityManager(  766): Start proc 19891:com.jrdcom.wifitransfer/u0a149 for broadcast com.jrdcom.wifitransfer/.utility.WiFiTransferPackageReceiver
I/ActivityManager(  766): Killing 19722:com.android.defcontainer/u0a71 (adj 15): empty #9
I/ActivityManager(  766): Start proc 19909:com.swiftkey.swiftkeyconfigurator/u0a158 for broadcast com.swiftkey.swiftkeyconfigurator/.PackageRemovedReceiver
I/ActivityManager(  766): Killing 19760:com.tct.gallery3d/u0a82 (adj 15): empty #9
I/ActivityManager(  766): Start proc 19926:com.tct.gallery3d/u0a82 for broadcast com.tct.gallery3d/.app.PackagesMonitor
W/ResourcesManager(19926): Asset path '/system/framework/com.google.android.media.effects.jar' does not exist or contains no resources.
I/ActivityManager(  766): Start proc 19945:com.google.android.partnersetup/u0a78 for broadcast com.google.android.partnersetup/.RlzPingBroadcastReceiver
I/ActivityManager(  766): Killing 19782:com.android.musicfx/u0a85 (adj 15): empty #9
I/ActivityManager(  766): Killing 18425:com.android.vending/u0a91 (adj 15): empty #9
D/PowerManagerService(  766): updateWakeLockSummaryLocked: mWakefulness=Awake, mWakeLockSummary=0x1
D/PowerManagerService(  766): releaseWakeLockInternal: lock=469503466 [wake:com.google.android.gms/.config.ConfigFetchService], flags=0x0, packageName=com.google.android.gms, total_time=2ms
D/PowerManagerService(  766): updateWakeLockSummaryLocked: mWakefulness=Awake, mWakeLockSummary=0x1
I/ActivityManager(  766): Start proc 19966:com.android.musicfx/u0a85 for broadcast com.android.musicfx/.Compatibility$Receiver
I/ActivityManager(  766): Start proc 19984:com.google.android.gms.wearable/u0a75 for service com.google.android.gms/.wearable.service.WearableControlService
D/PowerManagerService(  766): updateWakeLockSummaryLocked: mWakefulness=Awake, mWakeLockSummary=0x1
D/PowerManagerService(  766): releaseWakeLockInternal: lock=177644090 [Icing], flags=0x0, packageName=com.google.android.gms, total_time=10ms
D/PowerManagerService(  766): updateWakeLockSummaryLocked: mWakefulness=Awake, mWakeLockSummary=0x1
I/ActivityManager(  766): Start proc 20003:com.android.vending/u0a91 for broadcast com.android.vending/com.google.android.finsky.receivers.PackageMonitorReceiver$RegisteredReceiver
I/ActivityManager(  766): Killing 19804:com.tct.quicktranslate/u0a88 (adj 15): empty #9
W/ResourcesManager(19984): Asset path '/system/framework/com.android.media.remotedisplay.jar' does not exist or contains no resources.
W/ResourcesManager(19984): Asset path '/system/framework/com.android.location.provider.jar' does not exist or contains no resources.
I/ActivityManager(  766): Killing 19822:com.google.android.googlequicksearchbox:search/u0a102 (adj 15): empty #9
I/ActivityManager(  766): Start proc 20041:com.google.android.gms:car/u0a75 for service com.google.android.gms/.car.CarService
W/ResourcesManager(20041): Asset path '/system/framework/com.android.media.remotedisplay.jar' does not exist or contains no resources.
W/ResourcesManager(20041): Asset path '/system/framework/com.android.location.provider.jar' does not exist or contains no resources.
I/ActivityManager(  766): Start proc 20060:com.tct.quicktranslate/u0a88 for broadcast com.tct.quicktranslate/.CheckIsSupportedReceiver
I/ActivityManager(  766): Killing 19869:com.android.keychain/1000 (adj 15): empty #9
I/ActivityManager(  766): Start proc 20082:com.google.android.googlequicksearchbox:search/u0a102 for broadcast com.google.android.googlequicksearchbox/com.google.android.search.core.icingsync.IcingCorporaChangedReceiver
I/ActivityManager(  766): Killing 19891:com.jrdcom.wifitransfer/u0a149 (adj 15): empty #9
I/ActivityManager(  766): Killing 19909:com.swiftkey.swiftkeyconfigurator/u0a158 (adj 15): empty #9
I/ActivityManager(  766): Start proc 20101:com.jrdcom.wifitransfer/u0a149 for broadcast com.jrdcom.wifitransfer/.utility.WiFiTransferPackageReceiver
I/ActivityManager(  766): Killing 19926:com.tct.gallery3d/u0a82 (adj 15): empty #9
D/PowerManagerService(  766): updateWakeLockSummaryLocked: mWakefulness=Awake, mWakeLockSummary=0x1
D/PowerManagerService(  766): releaseWakeLockInternal: lock=235686636 [*net_scheduler*], flags=0x0, packageName=com.google.android.gms, total_time=7ms
D/PowerManagerService(  766): updateWakeLockSummaryLocked: mWakefulness=Awake, mWakeLockSummary=0x1
D/PowerManagerService(  766): updateWakeLockSummaryLocked: mWakefulness=Awake, mWakeLockSummary=0x1
D/PowerManagerService(  766): releaseWakeLockInternal: lock=177644090 [Icing], flags=0x0, packageName=com.google.android.gms, total_time=14ms
D/PowerManagerService(  766): updateWakeLockSummaryLocked: mWakefulness=Awake, mWakeLockSummary=0x1
I/ActivityManager(  766): Start proc 20134:com.swiftkey.swiftkeyconfigurator/u0a158 for broadcast com.swiftkey.swiftkeyconfigurator/.PackageRemovedReceiver
D/PowerManagerService(  766): updateWakeLockSummaryLocked: mWakefulness=Awake, mWakeLockSummary=0x1
I/ActivityManager(  766): Killing 19945:com.google.android.partnersetup/u0a78 (adj 15): empty #9
D/PowerManagerService(  766): releaseWakeLockInternal: lock=177644090 [Icing], flags=0x0, packageName=com.google.android.gms, total_time=37ms
D/PowerManagerService(  766): updateWakeLockSummaryLocked: mWakefulness=Awake, mWakeLockSummary=0x1
D/PowerManagerService(  766): updateWakeLockSummaryLocked: mWakefulness=Awake, mWakeLockSummary=0x1
I/ActivityManager(  766): Killing 19984:com.google.android.gms.wearable/u0a75 (adj 15): empty #9
I/ActivityManager(  766): Start proc 20154:com.google.android.gms.wearable/u0a75 for service com.google.android.gms/.wearable.service.WearableService
W/ResourcesManager(20154): Asset path '/system/framework/com.android.media.remotedisplay.jar' does not exist or contains no resources.
W/ResourcesManager(20154): Asset path '/system/framework/com.android.location.provider.jar' does not exist or contains no resources.
D/PowerManagerService(  766): releaseWakeLockInternal: lock=177644090 [Icing], flags=0x0, packageName=com.google.android.gms, total_time=1143ms
D/PowerManagerService(  766): updateWakeLockSummaryLocked: mWakefulness=Awake, mWakeLockSummary=0x1
I/ActivityManager(  766): Killing 20041:com.google.android.gms:car/u0a75 (adj 15): empty #9
W/ActivityManager(  766): Scheduling restart of crashed service com.google.android.gms/.car.CarService in 1000ms
I/ActivityManager(  766): START u0 {act=android.intent.action.MAIN cat=[android.intent.category.LAUNCHER] flg=0x10200000 cmp=tv.danmaku.ijk.media.demo/.VideoRecorderActivity (has extras)} from uid 10083 on display 0
V/WindowManager(  766): addAppToken: AppWindowToken{f4e937f token=Token{10a46c9e ActivityRecord{1f398ad9 u0 tv.danmaku.ijk.media.demo/.VideoRecorderActivity t912}}} to stack=1 task=912 at 0
D/PowerManagerService(  766): updateWakeLockSummaryLocked: mWakefulness=Awake, mWakeLockSummary=0x1
V/WindowManager(  766): Adding window Window{2235cb2 u0 Starting tv.danmaku.ijk.media.demo} at 3 of 6 (after Window{2d715e06 u0 com.tct.launcher/com.tct.launcher.Launcher})
I/ActivityManager(  766): Start proc 20196:tv.danmaku.ijk.media.demo/u0a287 for activity tv.danmaku.ijk.media.demo/.VideoRecorderActivity
I/ActivityManager(  766): Start proc 20214:com.google.android.gms:car/u0a75 for service com.google.android.gms/.car.CarService
W/ResourcesManager(20214): Asset path '/system/framework/com.android.media.remotedisplay.jar' does not exist or contains no resources.
W/ResourcesManager(20214): Asset path '/system/framework/com.android.location.provider.jar' does not exist or contains no resources.
D/FrameworkListener(  286): arg[0] = 'getaddrinfo'
D/FrameworkListener(  286): arg[1] = 's1.weiqu168.com'
D/FrameworkListener(  286): arg[2] = '1935'
D/FrameworkListener(  286): arg[3] = '0'
D/FrameworkListener(  286): arg[4] = '0'
D/FrameworkListener(  286): arg[5] = '1'
D/FrameworkListener(  286): arg[6] = '0'
D/FrameworkListener(  286): arg[7] = '0'
D/FrameworkListener(  286): will free arg[0] = 'getaddrinfo'
D/FrameworkListener(  286): will free arg[1] = 's1.weiqu168.com'
D/FrameworkListener(  286): will free arg[2] = '1935'
D/FrameworkListener(  286): will free arg[3] = '0'
D/FrameworkListener(  286): will free arg[4] = '0'
