D/lucas   ( 4181): NetworkController mExactlyAirplaneMode: false, mAirplaneMode: false
D/StatusBar.NetworkController( 4181): refreshViews: Data not connected!! Set no data type icon / Roaming
W/Settings( 4828): Setting airplane_mode_on has moved from android.provider.Settings.System to android.provider.Settings.Global, returning read-only value.
D/SmartBondingService(  766): SmartBondingReceiver: onReceive action=android.net.wifi.WIFI_STATE_CHANGED
D/ConnectivityService(  766): getMobileDataEnabled returning false
D/SmartBondingService(  766): getNetworkEnabled : wifi : false mobile : false
W/DPMJ    (  766): |SERVICE|  getWlanDns caught null ptr exception: java.lang.NullPointerException: Attempt to invoke virtual method 'java.util.List android.net.LinkProperties.getDnsServers()' on a null object reference
D/LBSSystemMonitorService(  766): handleMessage what - 9
D/Wiper_jni(  766): Send Wifi Status info
W/Settings(  766): Setting led_on has moved from android.provider.Settings.Secure to android.provider.Settings.Global.
D/WifiMonitor(  766): stopMonitoring(p2p0) = WifiP2pService:
D/WifiMonitor(  766):  total records=6
D/WifiMonitor(  766):  rec[0]: time=04-06 17:49:28.658 processed=P2pDisabledState org=P2pDisabledState dest=P2pEnablingState what=131203(0x20083)
D/WifiMonitor(  766):  rec[1]: time=04-06 17:49:28.658 processed=P2pEnablingState org=P2pEnablingState dest=InactiveState what=147457(0x24001)
D/WifiMonitor(  766):  rec[2]: time=04-06 17:49:29.015 processed=P2pEnabledState org=InactiveState dest=P2pDisablingState what=131204(0x20084)
D/WifiMonitor(  766):  rec[3]: time=04-06 17:49:29.016 processed=P2pDisablingState org=P2pDisablingState dest=P2pDisabledState what=147458(0x24002)
D/WifiMonitor(  766):  rec[4]: time=04-06 17:49:29.022 processed=P2pDisabledState org=P2pDisabledState dest=P2pEnablingState what=131203(0x20083)
D/WifiMonitor(  766):  rec[5]: time=04-06 17:49:29.022 processed=P2pEnablingState org=P2pEnablingState dest=InactiveState what=147457(0x24001)
D/WifiMonitor(  766): curState=InactiveState
D/WifiMonitor(  766): mWifiP2pInfo groupFormed: false isGroupOwner: false groupOwnerAddress: null
D/WifiMonitor(  766): mGroup null
D/WifiMonitor(  766): mSavedPeerConfig 
D/WifiMonitor(  766):  address: 
D/WifiMonitor(  766):  wps:  setup: 0
D/WifiMonitor(  766):  BSSID: null
D/WifiMonitor(  766):  pin: null
D/WifiMonitor(  766): 
D/WifiMonitor(  766):  groupOwnerIntent: -1
D/WifiMonitor(  766):  persist: -2
D/WifiMonitor(  766): mSavedP2pGroup null
D/WifiMonitor(  766): 
E/LocSvc_LBSApiV02(  766): E/virtual int lbs_core::LBSApiV02::wifiEnabledStatusInject(int):670]: Error : st = 11, ind.status = -1519044732
W/subsystem_ramdu(22549): type=1400 audit(0.0:853): avc: denied { read } for name="ramdump_smem" dev="tmpfs" ino=9295 scontext=u:r:subsystem_ramdump:s0 tcontext=u:object_r:ramdump_device:s0 tclass=chr_file permissive=0
D/StatusBar.NetworkController( 4181): refreshViews connected={ } level=4 combinedSignalIconId=0x7f02038d/com.android.systemui:drawable/stat_sys_signal_null combinedActivityIconId=0x0 mobileLabel=Emergency calls only wifiLabel= emergencyOnly=true combinedLabel=No Internet connection mAirplaneMode=false mDataActivity=0 mPhoneSignalIconId=0x7f02038d/com.android.systemui:drawable/stat_sys_signal_null mQSPhoneSignalIconId=0x7f0200e5/com.android.systemui:drawable/ic_qs_signal_no_signal mDataDirectionIconId=0x0/(null) mDataSignalIconId=0x7f02038d/com.android.systemui:drawable/stat_sys_signal_null mDataTypeIconId=0x0/(null) mQSDataTypeIconId=0x0/(null) mNoSimIconId=0x7f0201c7/com.android.systemui:drawable/stat_sys_no_sim mWifiIconId=0x0/(null) mQSWifiIconId=0x0/(null) mWifiActivityIconId=0x0/(null) mBluetoothTetherIconId=0x10806bf/android:drawable/stat_sys_tether_bluetooth
D/lucas   ( 4181): NetworkController notifySignalsChangedCallbacks
D/StatusBar.NetworkController( 4181): dataRegState=1voiceRegState=1
D/lucas   ( 4181): NetworkController mNetworkName 2
D/lucas   ( 4181): NetworkController notifySignalsChangedCallbacks
D/StatusBar.NetworkController( 4181): dataRegState=1voiceRegState=1
D/lucas   ( 4181): NetworkController mNetworkName 2
D/lucas   ( 4181): onMobileDataSignalChanged noSim: true, enabled: false, mobileSignalIconId: 7f0200e5
D/StatusBar.NetworkController( 4181): refreshSignalCluster - setMobileDataIndicators:  mHasMobileDataFeature = true mPhoneSignalIconId = com.android.systemui:drawable/stat_sys_signal_null mDataSignalIconId = com.android.systemui:drawable/stat_sys_signal_null mMobileActivityIconId = (null) mDataTypeIconId = (null) mNoSimIconId = com.android.systemui:drawable/stat_sys_no_sim
D/StatusBar.NetworkController( 4181): refreshSignalCluster - setMobileDataIndicators:  mHasMobileDataFeature = true mPhoneSignalIconId = com.android.systemui:drawable/stat_sys_signal_null mDataSignalIconId = com.android.systemui:drawable/stat_sys_signal_null mMobileActivityIconId = (null) mDataTypeIconId = (null) mNoSimIconId = com.android.systemui:drawable/stat_sys_no_sim
I/subsystem_ramdump(22549): Usage:./system/bin/subsystem_ramdump [arg1] [arg2] [arg3]
I/subsystem_ramdump(22549): [arg1]: (1/2) Ramdump location: 1: eMMC: /data/ramdump or 2: SD card: /sdcard/ramdump
I/subsystem_ramdump(22549): [arg2]: (1/0) 1: Enable RPM log / 0: Disable RPM log
I/subsystem_ramdump(22549): [arg3]: (1/0) 1: Enable qdss ramdump / 0: Disable qdss ramdump
I/subsystem_ramdump(22549):  Using default ramdump location 1: eMMC: /data/ramdump
I/subsystem_ramdump(22549):  Using default 0: Disable RPM log
I/subsystem_ramdump(22549):  Using default 0: Disable qdss ramdump
E/subsystem_ramdump(22549): Unable to open /dev/ramdump_smem
E/subsystem_ramdump(22549): Failed to open ramdump devices
E/subsystem_ramdump(22549): Failed to initialize ramdump
D/StatusBar.NetworkController( 4181): refreshSignalCluster - setMobileDataIndicators:  mHasMobileDataFeature = true mPhoneSignalIconId = com.android.systemui:drawable/stat_sys_signal_null mDataSignalIconId = com.android.systemui:drawable/stat_sys_signal_null mMobileActivityIconId = (null) mDataTypeIconId = (null) mNoSimIconId = com.android.systemui:drawable/stat_sys_no_sim
I/MultiShareReceiver( 9960): Intent action = android.net.wifi.WIFI_STATE_CHANGED
D/CellularTile( 4181): SignalState[visible=true,icon=ResourceIcon[resId=0x7f0200be],label=Emergency calls only,contentDescription=Mobile No signal.. No data.. Emergency calls only.,dualLabelContentDescription=null,autoMirrorDrawable=false,mAnim=false,enabled=false,connected=false,activityIn=false,activityOut=false,overlayIconId=0,filter=false,wideOverlayIcon=false,roam=false]
D/lucas   ( 4181): cb.noSim: true, cb.enabled: false, cb.airplaneModeEnabled: false
D/CellularTile( 4181): SignalState[visible=true,icon=ResourceIcon[resId=0x7f0200be],label=Emergency calls only,contentDescription=Mobile No signal.. No data.. Emergency calls only.,dualLabelContentDescription=null,autoMirrorDrawable=false,mAnim=false,enabled=false,connected=false,activityIn=false,activityOut=false,overlayIconId=0,filter=false,wideOverlayIcon=false,roam=false]
D/lucas   ( 4181): cb.noSim: true, cb.enabled: false, cb.airplaneModeEnabled: false
D/CellularTile( 4181): SignalState[visible=true,icon=ResourceIcon[resId=0x7f0200be],label=Emergency calls only,contentDescription=Mobile No signal.. No data.. Emergency calls only.,dualLabelContentDescription=null,autoMirrorDrawable=false,mAnim=false,enabled=false,connected=false,activityIn=false,activityOut=false,overlayIconId=0,filter=false,wideOverlayIcon=false,roam=false]
D/lucas   ( 4181): cb.noSim: true, cb.enabled: false, cb.airplaneModeEnabled: false
D/AsyncChannel( 9960): connect srcHandler to the dstMessenger  E
D/AsyncChannel( 9960): connected srcHandler to the dstMessenger  E
D/AsyncChannel( 9960): connected srcHandler to the dstMessenger X
D/AsyncChannel( 9960): connect srcHandler to the dstMessenger X
D/AsyncChannel(  766): connect srcHandler to the dstMessenger  E
D/AsyncChannel(  766): connected srcHandler to the dstMessenger  E
D/AsyncChannel(  766): connected srcHandler to the dstMessenger X
D/AsyncChannel(  766): connect srcHandler to the dstMessenger X
D/WifiService(  766): New client listening to asynchronous messages
D/BluetoothManagerService(  766): Message: 20
D/BluetoothEventManager( 9960): custome bluetooth name: 
D/BluetoothManagerService(  766): Added callback: android.bluetooth.IBluetoothManagerCallback$Stub$Proxy@1454cdae:true
D/BluetoothAdapter( 9960): 864794873: getState() :  mService = null. Returning STATE_OFF
D/BluetoothAdapter( 9960): 864794873: getState() :  mService = null. Returning STATE_OFF
D/BluetoothAdapter( 9960): 864794873: getState() :  mService = null. Returning STATE_OFF
D/BluetoothManagerService(  766): Message: 30
D/BluetoothManagerService(  766): Message: 30
D/LocalBluetoothProfileManager( 9960): Adding local MAP profile
D/BluetoothMap( 9960): Create BluetoothMap proxy object
D/BluetoothManagerService(  766): Message: 30
D/BluetoothManagerService(  766): Message: 30
D/BluetoothSap( 9960): BluetoothSap() call bindService
D/BluetoothManagerService(  766): Message: 30
D/FtpProfile( 9960): Constructor of FtpProfile in Settings.
D/BluetoothManagerService(  766): Message: 30
D/LocalBluetoothProfileManager( 9960): LocalBluetoothProfileManager construction complete
D/BluetoothAdapter( 9960): 864794873: getState() :  mService = null. Returning STATE_OFF
D/wifidisplaystatereceiver( 9960):  Get display status change action isconnected = false
D/PowerManagerService(  766): releaseWakeLockInternal: lock=592709717 [AudioMix], flags=0x0, packageName=media, total_time=3001ms
D/PowerManagerService(  766): updateWakeLockSummaryLocked: mWakefulness=Awake, mWakeLockSummary=0x0
D/InputReader(  766): Perf-Track AppLaunch_dispatchPtr:Down:x=194.72955, y=578.54803
D/InputReader(  766): Perf-Track AppLaunch_dispatchPtr:Up:x=194.72955, y=578.54803
D/WifiService(  766): setWifiEnabled: true pid=4181, uid=10098
E/WifiService(  766): Invoking mWifiStateMachine.setWifiEnabled
I/SurfaceFlinger(  260): FPS: 32
V/SettingsProvider(  766): SystemProperties beginning wait time:1459925839428
V/SettingsProvider(  766): SystemProperties end wait time:1459925839429
D/WifiConfigStore(  766): Loading config and enabling all networks 
D/SmartBondingService(  766): SmartBondingReceiver: onReceive action=android.net.wifi.WIFI_STATE_CHANGED
W/DPMJ    (  766): |SERVICE|  getWlanDns caught null ptr exception: java.lang.NullPointerException: Attempt to invoke virtual method 'java.util.List android.net.LinkProperties.getDnsServers()' on a null object reference
D/ConnectivityService(  766): getMobileDataEnabled returning false
D/SmartBondingService(  766): getNetworkEnabled : wifi : true mobile : false
I/wifi    (  766): #wpa-cmd: IFNAME=wlan0 LIST_NETWORKS LAST_ID=-1
D/LBSSystemMonitorService(  766): handleMessage what - 9
D/Wiper_jni(  766): Send Wifi Status info
I/wifi    (  766): #wpa-cmd: IFNAME=wlan0 GET_NETWORK 0 ssid
I/wifi    (  766): #wpa-cmd: IFNAME=wlan0 GET_NETWORK 0 bssid
D/StatusBar.NetworkController( 4181): hasService: mServiceState=1 1 home null null null  Unknown Unknown CSS not supported -1 -1 RoamInd=-1 DefRoamInd=-1 EmergOnly=true LAU reject cause=-1 RAU reject cause=-1 IMS registration state=false retVal=false
D/lucas   ( 4181): NetworkController mExactlyAirplaneMode: false, mAirplaneMode: false
D/StatusBar.NetworkController( 4181): refreshViews: Data not connected!! Set no data type icon / Roaming
E/LocSvc_LBSApiV02(  766): E/virtual int lbs_core::LBSApiV02::wifiEnabledStatusInject(int):670]: Error : st = 11, ind.status = -1519044732
I/wifi    (  766): #wpa-cmd: IFNAME=wlan0 GET_NETWORK 0 priority
I/wifi    (  766): #wpa-cmd: IFNAME=wlan0 GET_NETWORK 0 sim_num
I/wifi    (  766): #wpa-cmd: IFNAME=wlan0 GET_NETWORK 0 scan_ssid
I/wifi    (  766): #wpa-cmd: IFNAME=wlan0 GET_NETWORK 0 wep_tx_keyidx
I/wifi    (  766): #wpa-cmd: IFNAME=wlan0 GET_NETWORK 0 wep_key0
I/wifi    (  766): #wpa-cmd: IFNAME=wlan0 GET_NETWORK 0 wep_key1
I/wifi    (  766): #wpa-cmd: IFNAME=wlan0 GET_NETWORK 0 wep_key2
D/StatusBar.NetworkController( 4181): refreshViews connected={ } level=4 combinedSignalIconId=0x7f02038d/com.android.systemui:drawable/stat_sys_signal_null combinedActivityIconId=0x0 mobileLabel=Emergency calls only wifiLabel= emergencyOnly=true combinedLabel=No Internet connection mAirplaneMode=false mDataActivity=0 mPhoneSignalIconId=0x7f02038d/com.android.systemui:drawable/stat_sys_signal_null mQSPhoneSignalIconId=0x7f0200e5/com.android.systemui:drawable/ic_qs_signal_no_signal mDataDirectionIconId=0x0/(null) mDataSignalIconId=0x7f02038d/com.android.systemui:drawable/stat_sys_signal_null mDataTypeIconId=0x0/(null) mQSDataTypeIconId=0x0/(null) mNoSimIconId=0x7f0201c7/com.android.systemui:drawable/stat_sys_no_sim mWifiIconId=0x7f0203a9/com.android.systemui:drawable/stat_sys_wifi_signal_null mQSWifiIconId=0x7f0200f6/com.android.systemui:drawable/ic_qs_wifi_no_network mWifiActivityIconId=0x0/(null) mBluetoothTetherIconId=0x10806bf/android:drawable/stat_sys_tether_bluetooth
D/lucas   ( 4181): NetworkController notifySignalsChangedCallbacks
D/StatusBar.NetworkController( 4181): dataRegState=1voiceRegState=1
D/lucas   ( 4181): NetworkController mNetworkName 2
D/lucas   ( 4181): NetworkController notifySignalsChangedCallbacks
D/StatusBar.NetworkController( 4181): dataRegState=1voiceRegState=1
D/lucas   ( 4181): NetworkController mNetworkName 2
D/lucas   ( 4181): onMobileDataSignalChanged noSim: true, enabled: false, mobileSignalIconId: 7f0200e5
D/StatusBar.NetworkController( 4181): refreshSignalCluster - setMobileDataIndicators:  mHasMobileDataFeature = true mPhoneSignalIconId = com.android.systemui:drawable/stat_sys_signal_null mDataSignalIconId = com.android.systemui:drawable/stat_sys_signal_null mMobileActivityIconId = (null) mDataTypeIconId = (null) mNoSimIconId = com.android.systemui:drawable/stat_sys_no_sim
I/MultiShareReceiver( 9960): Intent action = android.net.wifi.WIFI_STATE_CHANGED
I/wifi    (  766): #wpa-cmd: IFNAME=wlan0 GET_NETWORK 0 wep_key3
I/wifi    (  766): #wpa-cmd: IFNAME=wlan0 GET_NETWORK 0 psk
D/StatusBar.NetworkController( 4181): refreshSignalCluster - setMobileDataIndicators:  mHasMobileDataFeature = true mPhoneSignalIconId = com.android.systemui:drawable/stat_sys_signal_null mDataSignalIconId = com.android.systemui:drawable/stat_sys_signal_null mMobileActivityIconId = (null) mDataTypeIconId = (null) mNoSimIconId = com.android.systemui:drawable/stat_sys_no_sim
D/StatusBar.NetworkController( 4181): refreshSignalCluster - setMobileDataIndicators:  mHasMobileDataFeature = true mPhoneSignalIconId = com.android.systemui:drawable/stat_sys_signal_null mDataSignalIconId = com.android.systemui:drawable/stat_sys_signal_null mMobileActivityIconId = (null) mDataTypeIconId = (null) mNoSimIconId = com.android.systemui:drawable/stat_sys_no_sim
I/wifi    (  766): #wpa-cmd: IFNAME=wlan0 GET_NETWORK 0 proto
I/wifi    (  766): #wpa-cmd: IFNAME=wlan0 GET_NETWORK 0 key_mgmt
I/wifi    (  766): #wpa-cmd: IFNAME=wlan0 GET_NETWORK 0 auth_alg
I/wifi    (  766): #wpa-cmd: IFNAME=wlan0 GET_NETWORK 0 pairwise
I/wifi    (  766): #wpa-cmd: IFNAME=wlan0 GET_NETWORK 0 group
I/wifi    (  766): #wpa-cmd: IFNAME=wlan0 GET_NETWORK 0 eap
I/wifi    (  766): #wpa-cmd: IFNAME=wlan0 GET_NETWORK 0 phase2
I/wifi    (  766): #wpa-cmd: IFNAME=wlan0 GET_NETWORK 0 identity
I/wifi    (  766): #wpa-cmd: IFNAME=wlan0 GET_NETWORK 0 anonymous_identity
I/wifi    (  766): #wpa-cmd: IFNAME=wlan0 GET_NETWORK 0 password
I/wifi    (  766): #wpa-cmd: IFNAME=wlan0 GET_NETWORK 0 client_cert
D/CellularTile( 4181): SignalState[visible=true,icon=ResourceIcon[resId=0x7f0200be],label=Emergency calls only,contentDescription=Mobile No signal.. No data.. Emergency calls only.,dualLabelContentDescription=null,autoMirrorDrawable=false,mAnim=false,enabled=false,connected=false,activityIn=false,activityOut=false,overlayIconId=0,filter=false,wideOverlayIcon=false,roam=false]
D/lucas   ( 4181): cb.noSim: true, cb.enabled: false, cb.airplaneModeEnabled: false
I/wifi    (  766): #wpa-cmd: IFNAME=wlan0 GET_NETWORK 0 ca_cert
I/wifi    (  766): #wpa-cmd: IFNAME=wlan0 GET_NETWORK 0 subject_match
D/BluetoothAdapter( 9960): 864794873: getState() :  mService = null. Returning STATE_OFF
I/wifi    (  766): #wpa-cmd: IFNAME=wlan0 GET_NETWORK 0 engine
I/wifi    (  766): #wpa-cmd: IFNAME=wlan0 GET_NETWORK 0 engine_id
I/wifi    (  766): #wpa-cmd: IFNAME=wlan0 GET_NETWORK 0 key_id
I/wifi    (  766): #wpa-cmd: IFNAME=wlan0 GET_NETWORK 0 sim_num
I/wifi    (  766): #wpa-cmd: IFNAME=wlan0 GET_NETWORK 0 private_key
I/wifi    (  766): #wpa-cmd: IFNAME=wlan0 GET_NETWORK 1 ssid
I/wifi    (  766): #wpa-cmd: IFNAME=wlan0 GET_NETWORK 1 bssid
I/wifi    (  766): #wpa-cmd: IFNAME=wlan0 GET_NETWORK 1 priority
D/CellularTile( 4181): SignalState[visible=true,icon=ResourceIcon[resId=0x7f0200be],label=Emergency calls only,contentDescription=Mobile No signal.. No data.. Emergency calls only.,dualLabelContentDescription=null,autoMirrorDrawable=false,mAnim=false,enabled=false,connected=false,activityIn=false,activityOut=false,overlayIconId=0,filter=false,wideOverlayIcon=false,roam=false]
D/lucas   ( 4181): cb.noSim: true, cb.enabled: false, cb.airplaneModeEnabled: false
I/wifi    (  766): #wpa-cmd: IFNAME=wlan0 GET_NETWORK 1 sim_num
I/wifi    (  766): #wpa-cmd: IFNAME=wlan0 GET_NETWORK 1 scan_ssid
I/wifi    (  766): #wpa-cmd: IFNAME=wlan0 GET_NETWORK 1 wep_tx_keyidx
I/wifi    (  766): #wpa-cmd: IFNAME=wlan0 GET_NETWORK 1 wep_key0
I/wifi    (  766): #wpa-cmd: IFNAME=wlan0 GET_NETWORK 1 wep_key1
D/CellularTile( 4181): SignalState[visible=true,icon=ResourceIcon[resId=0x7f0200be],label=Emergency calls only,contentDescription=Mobile No signal.. No data.. Emergency calls only.,dualLabelContentDescription=null,autoMirrorDrawable=false,mAnim=false,enabled=false,connected=false,activityIn=false,activityOut=false,overlayIconId=0,filter=false,wideOverlayIcon=false,roam=false]
D/lucas   ( 4181): cb.noSim: true, cb.enabled: false, cb.airplaneModeEnabled: false
I/wifi    (  766): #wpa-cmd: IFNAME=wlan0 GET_NETWORK 1 wep_key2
I/wifi    (  766): #wpa-cmd: IFNAME=wlan0 GET_NETWORK 1 wep_key3
I/wifi    (  766): #wpa-cmd: IFNAME=wlan0 GET_NETWORK 1 psk
I/wifi    (  766): #wpa-cmd: IFNAME=wlan0 GET_NETWORK 1 proto
I/wifi    (  766): #wpa-cmd: IFNAME=wlan0 GET_NETWORK 1 key_mgmt
I/wifi    (  766): #wpa-cmd: IFNAME=wlan0 GET_NETWORK 1 auth_alg
I/wifi    (  766): #wpa-cmd: IFNAME=wlan0 GET_NETWORK 1 pairwise
I/wifi    (  766): #wpa-cmd: IFNAME=wlan0 GET_NETWORK 1 group
I/wifi    (  766): #wpa-cmd: IFNAME=wlan0 GET_NETWORK 1 eap
I/wifi    (  766): #wpa-cmd: IFNAME=wlan0 GET_NETWORK 1 phase2
I/wifi    (  766): #wpa-cmd: IFNAME=wlan0 GET_NETWORK 1 identity
I/wifi    (  766): #wpa-cmd: IFNAME=wlan0 GET_NETWORK 1 anonymous_identity
I/wifi    (  766): #wpa-cmd: IFNAME=wlan0 GET_NETWORK 1 password
I/wifi    (  766): #wpa-cmd: IFNAME=wlan0 GET_NETWORK 1 client_cert
I/wifi    (  766): #wpa-cmd: IFNAME=wlan0 GET_NETWORK 1 ca_cert
I/wifi    (  766): #wpa-cmd: IFNAME=wlan0 GET_NETWORK 1 subject_match
I/wifi    (  766): #wpa-cmd: IFNAME=wlan0 GET_NETWORK 1 engine
I/wifi    (  766): #wpa-cmd: IFNAME=wlan0 GET_NETWORK 1 engine_id
I/wifi    (  766): #wpa-cmd: IFNAME=wlan0 GET_NETWORK 1 key_id
I/wifi    (  766): #wpa-cmd: IFNAME=wlan0 GET_NETWORK 1 sim_num
I/wifi    (  766): #wpa-cmd: IFNAME=wlan0 GET_NETWORK 1 private_key
I/wifi    (  766): #wpa-cmd: IFNAME=wlan0 GET_NETWORK 2 ssid
I/wifi    (  766): #wpa-cmd: IFNAME=wlan0 GET_NETWORK 2 bssid
I/wifi    (  766): #wpa-cmd: IFNAME=wlan0 GET_NETWORK 2 priority
I/wifi    (  766): #wpa-cmd: IFNAME=wlan0 GET_NETWORK 2 sim_num
I/wifi    (  766): #wpa-cmd: IFNAME=wlan0 GET_NETWORK 2 scan_ssid
I/wifi    (  766): #wpa-cmd: IFNAME=wlan0 GET_NETWORK 2 wep_tx_keyidx
I/wifi    (  766): #wpa-cmd: IFNAME=wlan0 GET_NETWORK 2 wep_key0
I/wifi    (  766): #wpa-cmd: IFNAME=wlan0 GET_NETWORK 2 wep_key1
I/wifi    (  766): #wpa-cmd: IFNAME=wlan0 GET_NETWORK 2 wep_key2
I/wifi    (  766): #wpa-cmd: IFNAME=wlan0 GET_NETWORK 2 wep_key3
I/wifi    (  766): #wpa-cmd: IFNAME=wlan0 GET_NETWORK 2 psk
I/wifi    (  766): #wpa-cmd: IFNAME=wlan0 GET_NETWORK 2 proto
I/wifi    (  766): #wpa-cmd: IFNAME=wlan0 GET_NETWORK 2 key_mgmt
I/wifi    (  766): #wpa-cmd: IFNAME=wlan0 GET_NETWORK 2 auth_alg
I/wifi    (  766): #wpa-cmd: IFNAME=wlan0 GET_NETWORK 2 pairwise
I/wifi    (  766): #wpa-cmd: IFNAME=wlan0 GET_NETWORK 2 group
I/wifi    (  766): #wpa-cmd: IFNAME=wlan0 GET_NETWORK 2 eap
I/wifi    (  766): #wpa-cmd: IFNAME=wlan0 GET_NETWORK 2 phase2
I/wifi    (  766): #wpa-cmd: IFNAME=wlan0 GET_NETWORK 2 identity
I/wifi    (  766): #wpa-cmd: IFNAME=wlan0 GET_NETWORK 2 anonymous_identity
I/wifi    (  766): #wpa-cmd: IFNAME=wlan0 GET_NETWORK 2 password
I/wifi    (  766): #wpa-cmd: IFNAME=wlan0 GET_NETWORK 2 client_cert
I/wifi    (  766): #wpa-cmd: IFNAME=wlan0 GET_NETWORK 2 ca_cert
I/wifi    (  766): #wpa-cmd: IFNAME=wlan0 GET_NETWORK 2 subject_match
I/wifi    (  766): #wpa-cmd: IFNAME=wlan0 GET_NETWORK 2 engine
I/wifi    (  766): #wpa-cmd: IFNAME=wlan0 GET_NETWORK 2 engine_id
I/wifi    (  766): #wpa-cmd: IFNAME=wlan0 GET_NETWORK 2 key_id
I/wifi    (  766): #wpa-cmd: IFNAME=wlan0 GET_NETWORK 2 sim_num
I/wifi    (  766): #wpa-cmd: IFNAME=wlan0 GET_NETWORK 2 private_key
I/wifi    (  766): #wpa-cmd: IFNAME=wlan0 LIST_NETWORKS LAST_ID=2
E/WifiConfigStore(  766): Error parsing configuration: java.io.FileNotFoundException: /data/misc/wifi/ipconfig.txt: open failed: ENOENT (No such file or directory)
I/wifi    (  766): #wpa-cmd: IFNAME=wlan0 ENABLE_NETWORK 1
I/wifi    (  766): #wpa-cmd: IFNAME=wlan0 ENABLE_NETWORK 0
I/wifi    (  766): #wpa-cmd: IFNAME=wlan0 ENABLE_NETWORK 2
V/WLAN_PSA(  301): NL MSG, len[048], NL type[0x11] WNI type[0x5050] len[028]
V/WLAN_PSA(  301): NL MSG, PID: 301
I/WifiHAL (  766): Found some events!!!
I/WifiHAL (  766): event received NL80211_CMD_TRIGGER_SCAN, vendor_id = 0x0
I/WifiHAL (  766): event ignored!!
V/WLAN_PSA(  301): NL MSG, len[048], NL type[0x11] WNI type[0x5050] len[028]
V/WLAN_PSA(  301): NL MSG, PID: 301
V/WLAN_PSA(  301): NL MSG, len[048], NL type[0x11] WNI type[0x5050] len[028]
V/WLAN_PSA(  301): NL MSG, PID: 301
V/WLAN_PSA(  301): NL MSG, len[914], NL type[0x11] WNI type[0x5050] len[894]
V/WLAN_PSA(  301): NL MSG, PID: 301
V/WLAN_PSA(  301): NL MSG, len[048], NL type[0x11] WNI type[0x5050] len[028]
V/WLAN_PSA(  301): NL MSG, PID: 301
V/WLAN_PSA(  301): NL MSG, len[4043], NL type[0x1C] WNI type[0x5900] len[45839]
V/WLAN_PSA(  301): NL MSG, PID: 301
I/wifi    (  766): #wpa-cmd: IFNAME=wlan0 SAVE_CONFIG
V/WLAN_PSA(  301): NL MSG, len[4009], NL type[0x1C] WNI type[0x5900] len[37135]
V/WLAN_PSA(  301): NL MSG, PID: 301
I/wifi    (  766): #wpa-cmd: IFNAME=wlan0 RECONNECT
I/wifi    (  766): #wpa-cmd: IFNAME=wlan0 STATUS-NO_EVENTS
D/FrameworkListener(  286): arg[0] = 'interface'
D/FrameworkListener(  286): arg[1] = 'getcfg'
D/FrameworkListener(  286): arg[2] = 'p2p0'
D/FrameworkListener(  286): will free arg[0] = 'interface'
D/FrameworkListener(  286): will free arg[1] = 'getcfg'
D/FrameworkListener(  286): will free arg[2] = 'p2p0'
E/WifiAutoJoinController (  766): attemptAutoJoin() num recent config 0 ---> suppNetId=-1
D/FrameworkListener(  286): arg[0] = 'interface'
D/FrameworkListener(  286): arg[1] = 'setcfg'
D/FrameworkListener(  286): arg[2] = 'p2p0'
D/FrameworkListener(  286): arg[3] = '0.0.0.0'
D/FrameworkListener(  286): arg[4] = '0'
D/FrameworkListener(  286): arg[5] = 'up'
D/FrameworkListener(  286): arg[6] = 'multicast'
D/FrameworkListener(  286): arg[7] = 'broadcast'
D/CommandListener(  286): Setting iface cfg
D/CommandListener(  286): Trying to bring up p2p0
D/FrameworkListener(  286): will free arg[0] = 'interface'
D/FrameworkListener(  286): will free arg[1] = 'setcfg'
D/FrameworkListener(  286): will free arg[2] = 'p2p0'
D/FrameworkListener(  286): will free arg[3] = '0.0.0.0'
D/FrameworkListener(  286): will free arg[4] = '0'
D/FrameworkListener(  286): will free arg[5] = 'up'
D/FrameworkListener(  286): will free arg[6] = 'multicast'
D/FrameworkListener(  286): will free arg[7] = 'broadcast'
D/WifiMonitor(  766): startMonitoring(p2p0) with mConnected = true
I/wifi    (  766): #wpa-cmd: IFNAME=wlan0 SCAN
D/wifidisplaystatereceiver( 9960):  Get display status change action isconnected = false
I/wifi    (  766): #wpa-cmd: SET persistent_reconnect 1
I/wifi    (  766): #wpa-cmd: SET device_name POP 3
I/wifi    (  766): #wpa-cmd: SET p2p_ssid_postfix -POP 3
V/WLAN_PSA(  301): NL MSG, len[4056], NL type[0x1C] WNI type[0x5900] len[49167]
V/WLAN_PSA(  301): NL MSG, PID: 301
I/wifi    (  766): #wpa-cmd: SET device_type 10-0050F204-5
I/wifi    (  766): #wpa-cmd: SET config_methods virtual_push_button physical_display keypad
I/wifi    (  766): #wpa-cmd: P2P_SET conc_pref sta
D/WifiNative-HAL(  766): p2pGetDeviceAddress
I/wifi    (  766): #wpa-cmd: STATUS
D/WifiNative-HAL(  766): p2pGetDeviceAddress returning 00:0a:f5:2a:6f:38
I/wifi    (  766): #wpa-cmd: P2P_FLUSH
I/wifi    (  766): #wpa-cmd: P2P_SERVICE_FLUSH
I/wifi    (  766): #wpa-cmd: LIST_NETWORKS
I/wifi    (  766): #wpa-cmd: SAVE_CONFIG
I/wifi    (  766): #wpa-cmd: DRIVER COUNTRY CN
I/wpa_supplicant( 4191): p2p0: CTRL-EVENT-REGDOM-CHANGE init=USER type=COUNTRY alpha2=CN
V/WLAN_PSA(  301): NL MSG, len[4034], NL type[0x1C] WNI type[0x5900] len[43535]
V/WLAN_PSA(  301): NL MSG, PID: 301
V/WLAN_PSA(  301): NL MSG, len[3982], NL type[0x1C] WNI type[0x5900] len[30223]
V/WLAN_PSA(  301): NL MSG, PID: 301
V/WLAN_PSA(  301): NL MSG, len[4035], NL type[0x1C] WNI type[0x5900] len[43791]
V/WLAN_PSA(  301): NL MSG, PID: 301
V/WLAN_PSA(  301): NL MSG, len[4024], NL type[0x1C] WNI type[0x5900] len[40975]
V/WLAN_PSA(  301): NL MSG, PID: 301
V/WLAN_PSA(  301): NL MSG, len[4025], NL type[0x1C] WNI type[0x5900] len[41231]
V/WLAN_PSA(  301): NL MSG, PID: 301
V/WLAN_PSA(  301): NL MSG, len[3984], NL type[0x1C] WNI type[0x5900] len[30735]
V/WLAN_PSA(  301): NL MSG, PID: 301
V/WLAN_PSA(  301): NL MSG, len[4074], NL type[0x1C] WNI type[0x5900] len[53775]
V/WLAN_PSA(  301): NL MSG, PID: 301
V/WLAN_PSA(  301): NL MSG, len[4038], NL type[0x1C] WNI type[0x5900] len[44559]
V/WLAN_PSA(  301): NL MSG, PID: 301
D/AES     (  766):  AEEIOCTL_RT_MON_Kick IOCTL,cmd= -2147192822, lParam=300. 
V/WLAN_PSA(  301): NL MSG, len[4065], NL type[0x1C] WNI type[0x5900] len[51471]
V/WLAN_PSA(  301): NL MSG, PID: 301
V/WLAN_PSA(  301): NL MSG, len[4039], NL type[0x1C] WNI type[0x5900] len[44815]
V/WLAN_PSA(  301): NL MSG, PID: 301
V/WLAN_PSA(  301): NL MSG, len[4042], NL type[0x1C] WNI type[0x5900] len[45583]
V/WLAN_PSA(  301): NL MSG, PID: 301
V/WLAN_PSA(  301): NL MSG, len[4089], NL type[0x1C] WNI type[0x5900] len[57615]
V/WLAN_PSA(  301): NL MSG, PID: 301
V/WLAN_PSA(  301): NL MSG, len[4017], NL type[0x1C] WNI type[0x5900] len[39183]
V/WLAN_PSA(  301): NL MSG, PID: 301
V/WLAN_PSA(  301): NL MSG, len[4018], NL type[0x1C] WNI type[0x5900] len[39439]
V/WLAN_PSA(  301): NL MSG, PID: 301
V/WLAN_PSA(  301): NL MSG, len[4032], NL type[0x1C] WNI type[0x5900] len[43023]
V/WLAN_PSA(  301): NL MSG, PID: 301
V/WLAN_PSA(  301): NL MSG, len[914], NL type[0x11] WNI type[0x5050] len[894]
V/WLAN_PSA(  301): NL MSG, PID: 301
V/WLAN_PSA(  301): NL MSG, len[4089], NL type[0x1C] WNI type[0x5900] len[57615]
V/WLAN_PSA(  301): NL MSG, PID: 301
V/WLAN_PSA(  301): NL MSG, len[4025], NL type[0x1C] WNI type[0x5900] len[41231]
V/WLAN_PSA(  301): NL MSG, PID: 301
V/WLAN_PSA(  301): NL MSG, len[4014], NL type[0x1C] WNI type[0x5900] len[38415]
V/WLAN_PSA(  301): NL MSG, PID: 301
V/WLAN_PSA(  301): NL MSG, len[4014], NL type[0x1C] WNI type[0x5900] len[38415]
V/WLAN_PSA(  301): NL MSG, PID: 301
I/WifiHAL (  766): Found some events!!!
I/WifiHAL (  766): event received NL80211_CMD_NEW_SCAN_RESULTS, vendor_id = 0x0
I/WifiHAL (  766): event ignored!!
I/wpa_supplicant( 4191): nl80211: Received scan results (112 BSSes)
V/WLAN_PSA(  301): NL MSG, len[4085], NL type[0x1C] WNI type[0x5900] len[56591]
V/WLAN_PSA(  301): NL MSG, PID: 301
I/wpa_supplicant( 4191): wlan0: BSS: Add new id 763 BSSID 22:f3:a3:24:60:01 SSID 'blackcrystal'
I/wpa_supplicant( 4191): wlan0: BSS: Add new id 764 BSSID f0:5c:19:90:d7:e2 SSID 'externalhotspot84'
I/wpa_supplicant( 4191): wlan0: BSS: Add new id 765 BSSID f0:5c:19:90:d7:e1 SSID 'net4guest'
I/wpa_supplicant( 4191): wlan0: Trying to associate with SSID 'blackcrystal'
I/wifi    (  766): #wpa-cmd: IFNAME=wlan0 BSS RANGE=0- MASK=0x21987
V/WLAN_PSA(  301): NL MSG, len[4051], NL type[0x1C] WNI type[0x5900] len[47887]
V/WLAN_PSA(  301): NL MSG, PID: 301
V/WLAN_PSA(  301): NL MSG, len[048], NL type[0x11] WNI type[0x5050] len[028]
V/WLAN_PSA(  301): NL MSG, PID: 301
V/WLAN_PSA(  301): NL MSG, len[4086], NL type[0x1C] WNI type[0x5900] len[56847]
V/WLAN_PSA(  301): NL MSG, PID: 301
E/wpa_supplicant( 4191): eap_proxy: eap_proxy_notify_config
E/wpa_supplicant( 4191): eap_proxy: eap_proxy_allowed_method
I/wifi    (  766): #wpa-cmd: IFNAME=wlan0 BSS RANGE=508- MASK=0x21987
I/wifi    (  766): #wpa-cmd: IFNAME=wlan0 BSS RANGE=653- MASK=0x21987
I/wifi    (  766): #wpa-cmd: IFNAME=wlan0 BSS RANGE=746- MASK=0x21987
V/WLAN_PSA(  301): NL MSG, len[4033], NL type[0x1C] WNI type[0x5900] len[43279]
V/WLAN_PSA(  301): NL MSG, PID: 301
V/WLAN_PSA(  301): NL MSG, len[4051], NL type[0x1C] WNI type[0x5900] len[47887]
V/WLAN_PSA(  301): NL MSG, PID: 301
W/DPMJ    (  766): |SERVICE|  getWlanDns caught null ptr exception: java.lang.NullPointerException: Attempt to invoke virtual method 'java.util.List android.net.LinkProperties.getDnsServers()' on a null object reference
D/StatusBar.NetworkController( 4181): hasService: mServiceState=1 1 home null null null  Unknown Unknown CSS not supported -1 -1 RoamInd=-1 DefRoamInd=-1 EmergOnly=true LAU reject cause=-1 RAU reject cause=-1 IMS registration state=false retVal=false
D/lucas   ( 4181): NetworkController mExactlyAirplaneMode: false, mAirplaneMode: false
D/StatusBar.NetworkController( 4181): refreshViews: Data not connected!! Set no data type icon / Roaming
I/MultiShareReceiver( 9960): Intent action = android.net.wifi.STATE_CHANGE
D/StatusBar.NetworkController( 4181): refreshViews connected={ } level=4 combinedSignalIconId=0x7f02038d/com.android.systemui:drawable/stat_sys_signal_null combinedActivityIconId=0x0 mobileLabel=Emergency calls only wifiLabel= emergencyOnly=true combinedLabel=No Internet connection mAirplaneMode=false mDataActivity=0 mPhoneSignalIconId=0x7f02038d/com.android.systemui:drawable/stat_sys_signal_null mQSPhoneSignalIconId=0x7f0200e5/com.android.systemui:drawable/ic_qs_signal_no_signal mDataDirectionIconId=0x0/(null) mDataSignalIconId=0x7f02038d/com.android.systemui:drawable/stat_sys_signal_null mDataTypeIconId=0x0/(null) mQSDataTypeIconId=0x0/(null) mNoSimIconId=0x7f0201c7/com.android.systemui:drawable/stat_sys_no_sim mWifiIconId=0x7f0203a9/com.android.systemui:drawable/stat_sys_wifi_signal_null mQSWifiIconId=0x7f0200f6/com.android.systemui:drawable/ic_qs_wifi_no_network mWifiActivityIconId=0x0/(null) mBluetoothTetherIconId=0x10806bf/android:drawable/stat_sys_tether_bluetooth
D/lucas   ( 4181): NetworkController notifySignalsChangedCallbacks
D/StatusBar.NetworkController( 4181): dataRegState=1voiceRegState=1
D/lucas   ( 4181): NetworkController mNetworkName 2
D/lucas   ( 4181): NetworkController notifySignalsChangedCallbacks
D/StatusBar.NetworkController( 4181): dataRegState=1voiceRegState=1
D/lucas   ( 4181): NetworkController mNetworkName 2
D/lucas   ( 4181): onMobileDataSignalChanged noSim: true, enabled: false, mobileSignalIconId: 7f0200e5
D/CellularTile( 4181): SignalState[visible=true,icon=ResourceIcon[resId=0x7f0200be],label=Emergency calls only,contentDescription=Mobile No signal.. No data.. Emergency calls only.,dualLabelContentDescription=null,autoMirrorDrawable=false,mAnim=false,enabled=false,connected=false,activityIn=false,activityOut=false,overlayIconId=0,filter=false,wideOverlayIcon=false,roam=false]
D/lucas   ( 4181): cb.noSim: true, cb.enabled: false, cb.airplaneModeEnabled: false
V/WLAN_PSA(  301): NL MSG, len[4069], NL type[0x1C] WNI type[0x5900] len[52495]
V/WLAN_PSA(  301): NL MSG, PID: 301
V/WLAN_PSA(  301): NL MSG, len[056], NL type[0x11] WNI type[0x5050] len[036]
V/WLAN_PSA(  301): NL MSG, PID: 301
V/WLAN_PSA(  301): NL MSG, len[048], NL type[0x11] WNI type[0x5050] len[028]
V/WLAN_PSA(  301): NL MSG, PID: 301
V/WLAN_PSA(  301): NL MSG, len[4063], NL type[0x1C] WNI type[0x5900] len[50959]
V/WLAN_PSA(  301): NL MSG, PID: 301
I/MulitShareManager( 9960): isAudioShareServiceRunning = false
I/MulitShareManager( 9960): isMultiScreenRunning = false
D/CellularTile( 4181): SignalState[visible=true,icon=ResourceIcon[resId=0x7f0200be],label=Emergency calls only,contentDescription=Mobile No signal.. No data.. Emergency calls only.,dualLabelContentDescription=null,autoMirrorDrawable=false,mAnim=false,enabled=false,connected=false,activityIn=false,activityOut=false,overlayIconId=0,filter=false,wideOverlayIcon=false,roam=false]
D/lucas   ( 4181): cb.noSim: true, cb.enabled: false, cb.airplaneModeEnabled: false
D/CellularTile( 4181): SignalState[visible=true,icon=ResourceIcon[resId=0x7f0200be],label=Emergency calls only,contentDescription=Mobile No signal.. No data.. Emergency calls only.,dualLabelContentDescription=null,autoMirrorDrawable=false,mAnim=false,enabled=false,connected=false,activityIn=false,activityOut=false,overlayIconId=0,filter=false,wideOverlayIcon=false,roam=false]
D/lucas   ( 4181): cb.noSim: true, cb.enabled: false, cb.airplaneModeEnabled: false
V/WLAN_PSA(  301): NL MSG, len[056], NL type[0x11] WNI type[0x5050] len[036]
V/WLAN_PSA(  301): NL MSG, PID: 301
V/WLAN_PSA(  301): NL MSG, len[4058], NL type[0x1C] WNI type[0x5900] len[49679]
V/WLAN_PSA(  301): NL MSG, PID: 301
V/WLAN_PSA(  301): NL MSG, len[048], NL type[0x11] WNI type[0x5050] len[028]
V/WLAN_PSA(  301): NL MSG, PID: 301
V/WLAN_PSA(  301): NL MSG, len[4031], NL type[0x1C] WNI type[0x5900] len[42767]
V/WLAN_PSA(  301): NL MSG, PID: 301
V/WLAN_PSA(  301): NL MSG, len[021], NL type[0x18] WNI type[0x 601] len[003]
V/WLAN_PSA(  301): NL MSG, PID: 0
V/WLAN_PSA(  301): NL MSG, len[4046], NL type[0x1C] WNI type[0x5900] len[46607]
V/WLAN_PSA(  301): NL MSG, PID: 301
I/WifiHAL (  766): Found some events!!!
I/WifiHAL (  766): event received NL80211_CMD_CONNECT, vendor_id = 0x0
I/WifiHAL (  766): event ignored!!
V/WLAN_PSA(  301): NL MSG, len[047], NL type[0x11] WNI type[0x5050] len[027]
V/WLAN_PSA(  301): NL MSG, PID: 301
D/Tethering(  766): interfaceLinkStateChanged wlan0, false
D/Tethering(  766): interfaceStatusChanged wlan0, false
D/Tethering(  766): interfaceLinkStateChanged wlan0, false
D/Tethering(  766): interfaceStatusChanged wlan0, false
W/DPMJ    (  766): |SERVICE|  getWlanDns caught null ptr exception: java.lang.NullPointerException: Attempt to invoke virtual method 'java.util.List android.net.LinkProperties.getDnsServers()' on a null object reference
D/StatusBar.NetworkController( 4181): hasService: mServiceState=1 1 home null null null  Unknown Unknown CSS not supported -1 -1 RoamInd=-1 DefRoamInd=-1 EmergOnly=true LAU reject cause=-1 RAU reject cause=-1 IMS registration state=false retVal=false
D/lucas   ( 4181): NetworkController mExactlyAirplaneMode: false, mAirplaneMode: false
D/StatusBar.NetworkController( 4181): refreshViews: Data not connected!! Set no data type icon / Roaming
D/Tethering(  766): interfaceLinkStateChanged wlan0, false
D/Tethering(  766): interfaceStatusChanged wlan0, false
D/Tethering(  766): interfaceLinkStateChanged wlan0, true
D/Tethering(  766): interfaceStatusChanged wlan0, true
D/Tethering(  766): checkDunRequired, secureSetting=2
I/wpa_supplicant( 4191): wlan0: Associated with 22:f3:a3:24:60:01
D/Tethering(  766): sendTetherStateChangedBroadcast 1, 0, 0
D/StatusBar.NetworkController( 4181): refreshViews connected={ } level=4 combinedSignalIconId=0x7f02038d/com.android.systemui:drawable/stat_sys_signal_null combinedActivityIconId=0x0 mobileLabel=Emergency calls only wifiLabel= emergencyOnly=true combinedLabel=No Internet connection mAirplaneMode=false mDataActivity=0 mPhoneSignalIconId=0x7f02038d/com.android.systemui:drawable/stat_sys_signal_null mQSPhoneSignalIconId=0x7f0200e5/com.android.systemui:drawable/ic_qs_signal_no_signal mDataDirectionIconId=0x0/(null) mDataSignalIconId=0x7f02038d/com.android.systemui:drawable/stat_sys_signal_null mDataTypeIconId=0x0/(null) mQSDataTypeIconId=0x0/(null) mNoSimIconId=0x7f0201c7/com.android.systemui:drawable/stat_sys_no_sim mWifiIconId=0x7f0203a9/com.android.systemui:drawable/stat_sys_wifi_signal_null mQSWifiIconId=0x7f0200f6/com.android.systemui:drawable/ic_qs_wifi_no_network mWifiActivityIconId=0x0/(null) mBluetoothTetherIconId=0x10806bf/android:drawable/stat_sys_tether_bluetooth
D/lucas   ( 4181): NetworkController notifySignalsChangedCallbacks
D/StatusBar.NetworkController( 4181): dataRegState=1voiceRegState=1
D/lucas   ( 4181): NetworkController mNetworkName 2
D/lucas   ( 4181): NetworkController notifySignalsChangedCallbacks
D/StatusBar.NetworkController( 4181): dataRegState=1voiceRegState=1
D/lucas   ( 4181): NetworkController mNetworkName 2
D/lucas   ( 4181): onMobileDataSignalChanged noSim: true, enabled: false, mobileSignalIconId: 7f0200e5
D/Tethering(  766): checkDunRequired, secureSetting=2
D/PowerManagerService(  766): updateWakeLockSummaryLocked: mWakefulness=Awake, mWakeLockSummary=0x1
D/Tethering(  766): checkDunRequired, secureSetting=2
D/Tethering(  766): checkDunRequired, secureSetting=2
D/FrameworkListener(  286): arg[0] = 'bandwidth'
D/FrameworkListener(  286): arg[1] = 'gettetherstats'
D/FrameworkListener(  286): will free arg[0] = 'bandwidth'
D/FrameworkListener(  286): will free arg[1] = 'gettetherstats'
I/MultiShareReceiver( 9960): Intent action = android.net.wifi.STATE_CHANGE
W/DPMJ    (  766): |SERVICE|  getWlanDns caught null ptr exception: java.lang.NullPointerException: Attempt to invoke virtual method 'java.util.List android.net.LinkProperties.getDnsServers()' on a null object reference
W/DPMJ    (  766): |SERVICE|  getWlanDns caught null ptr exception: java.lang.NullPointerException: Attempt to invoke virtual method 'java.util.List android.net.LinkProperties.getDnsServers()' on a null object reference
V/WLAN_PSA(  301): NL MSG, len[3995], NL type[0x1C] WNI type[0x5900] len[33551]
V/WLAN_PSA(  301): NL MSG, PID: 301
I/wpa_supplicant( 4191): wlan0: WPA: Key negotiation completed with 22:f3:a3:24:60:01 [PTK=CCMP GTK=CCMP]
I/wpa_supplicant( 4191): wlan0: CTRL-EVENT-CONNECTED - Connection to 22:f3:a3:24:60:01 completed [id=2 id_str=]
V/WLAN_PSA(  301): NL MSG, len[045], NL type[0x11] WNI type[0x5050] len[025]
V/WLAN_PSA(  301): NL MSG, PID: 301
V/WLAN_PSA(  301): NL MSG, len[048], NL type[0x11] WNI type[0x5050] len[028]
V/WLAN_PSA(  301): NL MSG, PID: 301
V/WLAN_PSA(  301): NL MSG, len[048], NL type[0x11] WNI type[0x5050] len[028]
V/WLAN_PSA(  301): NL MSG, PID: 301
V/WLAN_PSA(  301): NL MSG, len[045], NL type[0x11] WNI type[0x5050] len[025]
V/WLAN_PSA(  301): NL MSG, PID: 301
V/WLAN_PSA(  301): NL MSG, len[4094], NL type[0x1C] WNI type[0x5900] len[58895]
V/WLAN_PSA(  301): NL MSG, PID: 301
V/WLAN_PSA(  301): NL MSG, len[045], NL type[0x11] WNI type[0x5050] len[025]
V/WLAN_PSA(  301): NL MSG, PID: 301
V/WLAN_PSA(  301): NL MSG, len[4021], NL type[0x1C] WNI type[0x5900] len[40207]
V/WLAN_PSA(  301): NL MSG, PID: 301
D/Tethering(  766): interfaceLinkStateChanged wlan0, true
D/Tethering(  766): interfaceStatusChanged wlan0, true
V/WLAN_PSA(  301): NL MSG, len[048], NL type[0x11] WNI type[0x5050] len[028]
D/PowerManagerService(  766): releaseWakeLockInternal: lock=791632909 [NetworkStats], flags=0x0, packageName=android, total_time=18ms
V/WLAN_PSA(  301): NL MSG, PID: 301
D/PowerManagerService(  766): updateWakeLockSummaryLocked: mWakefulness=Awake, mWakeLockSummary=0x0
I/MulitShareManager( 9960): isAudioShareServiceRunning = false
I/MulitShareManager( 9960): isMultiScreenRunning = false
D/StatusBar.NetworkController( 4181): hasService: mServiceState=1 1 home null null null  Unknown Unknown CSS not supported -1 -1 RoamInd=-1 DefRoamInd=-1 EmergOnly=true LAU reject cause=-1 RAU reject cause=-1 IMS registration state=false retVal=false
D/lucas   ( 4181): NetworkController mExactlyAirplaneMode: false, mAirplaneMode: false
D/StatusBar.NetworkController( 4181): refreshViews: Data not connected!! Set no data type icon / Roaming
D/CellularTile( 4181): SignalState[visible=true,icon=ResourceIcon[resId=0x7f0200be],label=Emergency calls only,contentDescription=Mobile No signal.. No data.. Emergency calls only.,dualLabelContentDescription=null,autoMirrorDrawable=false,mAnim=false,enabled=false,connected=false,activityIn=false,activityOut=false,overlayIconId=0,filter=false,wideOverlayIcon=false,roam=false]
D/lucas   ( 4181): cb.noSim: true, cb.enabled: false, cb.airplaneModeEnabled: false
D/CellularTile( 4181): SignalState[visible=true,icon=ResourceIcon[resId=0x7f0200be],label=Emergency calls only,contentDescription=Mobile No signal.. No data.. Emergency calls only.,dualLabelContentDescription=null,autoMirrorDrawable=false,mAnim=false,enabled=false,connected=false,activityIn=false,activityOut=false,overlayIconId=0,filter=false,wideOverlayIcon=false,roam=false]
D/lucas   ( 4181): cb.noSim: true, cb.enabled: false, cb.airplaneModeEnabled: false
V/WLAN_PSA(  301): NL MSG, len[048], NL type[0x11] WNI type[0x5050] len[028]
V/WLAN_PSA(  301): NL MSG, PID: 301
V/WLAN_PSA(  301): NL MSG, len[045], NL type[0x11] WNI type[0x5050] len[025]
V/WLAN_PSA(  301): NL MSG, PID: 301
V/WLAN_PSA(  301): NL MSG, len[4053], NL type[0x1C] WNI type[0x5900] len[48399]
V/WLAN_PSA(  301): NL MSG, PID: 301
D/StatusBar.NetworkController( 4181): refreshViews connected={ } level=4 combinedSignalIconId=0x7f02038d/com.android.systemui:drawable/stat_sys_signal_null combinedActivityIconId=0x0 mobileLabel=Emergency calls only wifiLabel= emergencyOnly=true combinedLabel=No Internet connection mAirplaneMode=false mDataActivity=0 mPhoneSignalIconId=0x7f02038d/com.android.systemui:drawable/stat_sys_signal_null mQSPhoneSignalIconId=0x7f0200e5/com.android.systemui:drawable/ic_qs_signal_no_signal mDataDirectionIconId=0x0/(null) mDataSignalIconId=0x7f02038d/com.android.systemui:drawable/stat_sys_signal_null mDataTypeIconId=0x0/(null) mQSDataTypeIconId=0x0/(null) mNoSimIconId=0x7f0201c7/com.android.systemui:drawable/stat_sys_no_sim mWifiIconId=0x7f0203a9/com.android.systemui:drawable/stat_sys_wifi_signal_null mQSWifiIconId=0x7f0200f6/com.android.systemui:drawable/ic_qs_wifi_no_network mWifiActivityIconId=0x0/(null) mBluetoothTetherIconId=0x10806bf/android:drawable/stat_sys_tether_bluetooth
I/MultiShareReceiver( 9960): Intent action = android.net.wifi.STATE_CHANGE
D/lucas   ( 4181): NetworkController notifySignalsChangedCallbacks
D/StatusBar.NetworkController( 4181): dataRegState=1voiceRegState=1
D/lucas   ( 4181): NetworkController mNetworkName 2
D/lucas   ( 4181): NetworkController notifySignalsChangedCallbacks
D/StatusBar.NetworkController( 4181): dataRegState=1voiceRegState=1
D/lucas   ( 4181): NetworkController mNetworkName 2
D/lucas   ( 4181): onMobileDataSignalChanged noSim: true, enabled: false, mobileSignalIconId: 7f0200e5
D/CellularTile( 4181): SignalState[visible=true,icon=ResourceIcon[resId=0x7f0200be],label=Emergency calls only,contentDescription=Mobile No signal.. No data.. Emergency calls only.,dualLabelContentDescription=null,autoMirrorDrawable=false,mAnim=false,enabled=false,connected=false,activityIn=false,activityOut=false,overlayIconId=0,filter=false,wideOverlayIcon=false,roam=false]
D/lucas   ( 4181): cb.noSim: true, cb.enabled: false, cb.airplaneModeEnabled: false
D/StatusBar.NetworkController( 4181): hasService: mServiceState=1 1 home null null null  Unknown Unknown CSS not supported -1 -1 RoamInd=-1 DefRoamInd=-1 EmergOnly=true LAU reject cause=-1 RAU reject cause=-1 IMS registration state=false retVal=false
D/lucas   ( 4181): NetworkController mExactlyAirplaneMode: false, mAirplaneMode: false
D/StatusBar.NetworkController( 4181): refreshViews: Data not connected!! Set no data type icon / Roaming
D/CellularTile( 4181): SignalState[visible=true,icon=ResourceIcon[resId=0x7f0200be],label=Emergency calls only,contentDescription=Mobile No signal.. No data.. Emergency calls only.,dualLabelContentDescription=null,autoMirrorDrawable=false,mAnim=false,enabled=false,connected=false,activityIn=false,activityOut=false,overlayIconId=0,filter=false,wideOverlayIcon=false,roam=false]
D/lucas   ( 4181): cb.noSim: true, cb.enabled: false, cb.airplaneModeEnabled: false
I/MulitShareManager( 9960): isAudioShareServiceRunning = false
I/MulitShareManager( 9960): isMultiScreenRunning = false
D/CellularTile( 4181): SignalState[visible=true,icon=ResourceIcon[resId=0x7f0200be],label=Emergency calls only,contentDescription=Mobile No signal.. No data.. Emergency calls only.,dualLabelContentDescription=null,autoMirrorDrawable=false,mAnim=false,enabled=false,connected=false,activityIn=false,activityOut=false,overlayIconId=0,filter=false,wideOverlayIcon=false,roam=false]
D/lucas   ( 4181): cb.noSim: true, cb.enabled: false, cb.airplaneModeEnabled: false
W/DPMJ    (  766): |SERVICE|  getWlanDns caught null ptr exception: java.lang.NullPointerException: Attempt to invoke virtual method 'java.util.List android.net.LinkProperties.getDnsServers()' on a null object reference
D/CellularTile( 4181): SignalState[visible=true,icon=ResourceIcon[resId=0x7f0200be],label=Emergency calls only,contentDescription=Mobile No signal.. No data.. Emergency calls only.,dualLabelContentDescription=null,autoMirrorDrawable=false,mAnim=false,enabled=false,connected=false,activityIn=false,activityOut=false,overlayIconId=0,filter=false,wideOverlayIcon=false,roam=false]
D/lucas   ( 4181): cb.noSim: true, cb.enabled: false, cb.airplaneModeEnabled: false
D/StatusBar.NetworkController( 4181): refreshViews connected={ } level=4 combinedSignalIconId=0x7f02038d/com.android.systemui:drawable/stat_sys_signal_null combinedActivityIconId=0x0 mobileLabel=Emergency calls only wifiLabel= emergencyOnly=true combinedLabel=No Internet connection mAirplaneMode=false mDataActivity=0 mPhoneSignalIconId=0x7f02038d/com.android.systemui:drawable/stat_sys_signal_null mQSPhoneSignalIconId=0x7f0200e5/com.android.systemui:drawable/ic_qs_signal_no_signal mDataDirectionIconId=0x0/(null) mDataSignalIconId=0x7f02038d/com.android.systemui:drawable/stat_sys_signal_null mDataTypeIconId=0x0/(null) mQSDataTypeIconId=0x0/(null) mNoSimIconId=0x7f0201c7/com.android.systemui:drawable/stat_sys_no_sim mWifiIconId=0x7f0203a9/com.android.systemui:drawable/stat_sys_wifi_signal_null mQSWifiIconId=0x7f0200f6/com.android.systemui:drawable/ic_qs_wifi_no_network mWifiActivityIconId=0x0/(null) mBluetoothTetherIconId=0x10806bf/android:drawable/stat_sys_tether_bluetooth
D/lucas   ( 4181): NetworkController notifySignalsChangedCallbacks
D/StatusBar.NetworkController( 4181): dataRegState=1voiceRegState=1
D/lucas   ( 4181): NetworkController mNetworkName 2
D/lucas   ( 4181): NetworkController notifySignalsChangedCallbacks
D/StatusBar.NetworkController( 4181): dataRegState=1voiceRegState=1
D/lucas   ( 4181): NetworkController mNetworkName 2
D/lucas   ( 4181): onMobileDataSignalChanged noSim: true, enabled: false, mobileSignalIconId: 7f0200e5
D/WifiNetworkAgent(  766): NetworkAgent: Registering NetworkAgent
W/DPMJ    (  766): |SERVICE|  getWlanDns caught null ptr exception: java.lang.NullPointerException: Attempt to invoke virtual method 'java.util.List android.net.LinkProperties.getDnsServers()' on a null object reference
D/CellularTile( 4181): SignalState[visible=true,icon=ResourceIcon[resId=0x7f0200be],label=Emergency calls only,contentDescription=Mobile No signal.. No data.. Emergency calls only.,dualLabelContentDescription=null,autoMirrorDrawable=false,mAnim=false,enabled=false,connected=false,activityIn=false,activityOut=false,overlayIconId=0,filter=false,wideOverlayIcon=false,roam=false]
D/lucas   ( 4181): cb.noSim: true, cb.enabled: false, cb.airplaneModeEnabled: false
D/CellularTile( 4181): SignalState[visible=true,icon=ResourceIcon[resId=0x7f0200be],label=Emergency calls only,contentDescription=Mobile No signal.. No data.. Emergency calls only.,dualLabelContentDescription=null,autoMirrorDrawable=false,mAnim=false,enabled=false,connected=false,activityIn=false,activityOut=false,overlayIconId=0,filter=false,wideOverlayIcon=false,roam=false]
D/lucas   ( 4181): cb.noSim: true, cb.enabled: false, cb.airplaneModeEnabled: false
D/CellularTile( 4181): SignalState[visible=true,icon=ResourceIcon[resId=0x7f0200be],label=Emergency calls only,contentDescription=Mobile No signal.. No data.. Emergency calls only.,dualLabelContentDescription=null,autoMirrorDrawable=false,mAnim=false,enabled=false,connected=false,activityIn=false,activityOut=false,overlayIconId=0,filter=false,wideOverlayIcon=false,roam=false]
D/lucas   ( 4181): cb.noSim: true, cb.enabled: false, cb.airplaneModeEnabled: false
I/MultiShareReceiver( 9960): Intent action = android.net.wifi.STATE_CHANGE
D/ConnectivityService(  766): registerNetworkAgent NetworkAgentInfo{ ni{[type: WIFI[], state: CONNECTING/CONNECTING, reason: (unspecified), extra: "blackcrystal", roaming: false, failover: false, isAvailable: true, isConnectedToProvisioningNetwork: false]}  network{null}  lp{{InterfaceName: wlan0 LinkAddresses: [fe80::64c1:3dff:fe7c:e26b/64,]  Routes: [] DnsAddresses: [] Domains: null MTU: 0 TcpBufferSizes: 524288,1048576,2097152,262144,524288,1048576}}  nc{[ Transports: WIFI Capabilities: INTERNET&NOT_RESTRICTED&TRUSTED&NOT_VPN LinkUpBandwidth>=1048576Kbps LinkDnBandwidth>=1048576Kbps]}  Score{20}  everValidated{false}  lastValidated{false}  created{false}  explicitlySelected{false} }
E/WifiConfigStore(  766): saveWifiConfigBSSID Setting BSSID for "blackcrystal"-WPA_PSK to any
D/ConnectivityService(  766): Got NetworkAgent Messenger
E/wifi_gbk2utf(  766): g_pItemList is NULL
I/wifi    (  766): #wpa-cmd: IFNAME=wlan0 SET_NETWORK 2 bssid any
