--------- beginning of crash
F/libc    ( 8809): Fatal signal 11 (SIGSEGV), code 1, fault addr 0xb7342000 in tid 8930 (Thread-733)
I/DEBUG   (  287): *** *** *** *** *** *** *** *** *** *** *** *** *** *** *** ***
I/DEBUG   (  287): Build fingerprint: 'TCL/5054X/Pop355:5.1.1/LMY47V/vC86-0:user/release-keys'
I/DEBUG   (  287): Revision: '0'
I/DEBUG   (  287): ABI: 'arm'
I/DEBUG   (  287): pid: 8809, tid: 8930, name: Thread-733  >>> tv.danmaku.ijk.media.demo <<<
I/DEBUG   (  287): signal 11 (SIGSEGV), code 1 (SEGV_MAPERR), fault addr 0xb7342000
I/DEBUG   (  287):     r0 b733a9f0  r1 b7342000  r2 00000000  r3 00000000
I/DEBUG   (  287):     r4 b733aa30  r5 00000000  r6 00000500  r7 00005500
I/DEBUG   (  287):     r8 b7332f30  r9 b7342040  sl 00000000  fp 00000500
I/DEBUG   (  287):     ip a6233d90  sp a1e90ad0  lr a5eaa7c7  pc b6de9a30  cpsr 600f0010
I/DEBUG   (  287): 
I/DEBUG   (  287): backtrace:
I/DEBUG   (  287):     #00 pc 0000fa30  /system/lib/libc.so (__memcpy_base+88)
I/DEBUG   (  287):     #01 pc 000527c3  /data/app/tv.danmaku.ijk.media.demo-1/lib/arm/libijkffmpeg.so (av_fifo_generic_write+106)
F/libc    ( 9101): Fatal signal 11 (SIGSEGV), code 1, fault addr 0xb7342000 in tid 9222 (Thread-753)
I/DEBUG   (  287): *** *** *** *** *** *** *** *** *** *** *** *** *** *** *** ***
I/DEBUG   (  287): Build fingerprint: 'TCL/5054X/Pop355:5.1.1/LMY47V/vC86-0:user/release-keys'
I/DEBUG   (  287): Revision: '0'
I/DEBUG   (  287): ABI: 'arm'
I/DEBUG   (  287): pid: 9101, tid: 9222, name: Thread-753  >>> tv.danmaku.ijk.media.demo <<<
I/DEBUG   (  287): signal 11 (SIGSEGV), code 1 (SEGV_MAPERR), fault addr 0xb7342000
I/DEBUG   (  287):     r0 b733a9c0  r1 b7341ff0  r2 00000000  r3 00000000
I/DEBUG   (  287):     r4 b733aa00  r5 00000000  r6 00000500  r7 00005500
I/DEBUG   (  287):     r8 b7332f00  r9 b7342010  sl 00000000  fp 00000500
I/DEBUG   (  287):     ip a6233d90  sp a1e90ad0  lr a5eaa7c7  pc b6de9a34  cpsr 600f0010
I/DEBUG   (  287): 
I/DEBUG   (  287): backtrace:
I/DEBUG   (  287):     #00 pc 0000fa34  /system/lib/libc.so (__memcpy_base+92)
I/DEBUG   (  287):     #01 pc 000527c3  /data/app/tv.danmaku.ijk.media.demo-1/lib/arm/libijkffmpeg.so (av_fifo_generic_write+106)
F/libc    ( 9381): Fatal signal 11 (SIGSEGV), code 1, fault addr 0xb733f000 in tid 9499 (Thread-763)
I/DEBUG   (  287): *** *** *** *** *** *** *** *** *** *** *** *** *** *** *** ***
I/DEBUG   (  287): Build fingerprint: 'TCL/5054X/Pop355:5.1.1/LMY47V/vC86-0:user/release-keys'
I/DEBUG   (  287): Revision: '0'
I/DEBUG   (  287): ABI: 'arm'
I/DEBUG   (  287): pid: 9381, tid: 9499, name: Thread-763  >>> tv.danmaku.ijk.media.demo <<<
I/DEBUG   (  287): signal 11 (SIGSEGV), code 1 (SEGV_MAPERR), fault addr 0xb733f000
I/DEBUG   (  287):     r0 b7336290  r1 b733eff8  r2 00000140  r3 00000000
I/DEBUG   (  287):     r4 b7336410  r5 00000000  r6 00000500  r7 00000f00
I/DEBUG   (  287):     r8 b7332f60  r9 b733f178  sl 00000000  fp 00000500
I/DEBUG   (  287):     ip a6233d90  sp a1e90ad0  lr a5eaa7c7  pc b6de9a30  cpsr 200f0010
I/DEBUG   (  287): 
I/DEBUG   (  287): backtrace:
I/DEBUG   (  287):     #00 pc 0000fa30  /system/lib/libc.so (__memcpy_base+88)
I/DEBUG   (  287):     #01 pc 000527c3  /data/app/tv.danmaku.ijk.media.demo-1/lib/arm/libijkffmpeg.so (av_fifo_generic_write+106)
F/libc    ( 9739): Fatal signal 11 (SIGSEGV), code 1, fault addr 0xb733f000 in tid 9883 (Thread-783)
I/DEBUG   (  287): *** *** *** *** *** *** *** *** *** *** *** *** *** *** *** ***
I/DEBUG   (  287): Build fingerprint: 'TCL/5054X/Pop355:5.1.1/LMY47V/vC86-0:user/release-keys'
I/DEBUG   (  287): Revision: '0'
I/DEBUG   (  287): ABI: 'arm'
I/DEBUG   (  287): pid: 9739, tid: 9883, name: Thread-783  >>> tv.danmaku.ijk.media.demo <<<
I/DEBUG   (  287): signal 11 (SIGSEGV), code 1 (SEGV_MAPERR), fault addr 0xb733f000
I/DEBUG   (  287):     r0 b7336240  r1 b733eff0  r2 00000100  r3 00000000
I/DEBUG   (  287):     r4 b7336380  r5 00000000  r6 00000500  r7 00000f00
I/DEBUG   (  287):     r8 b7332e80  r9 b733f130  sl 00000000  fp 00000500
I/DEBUG   (  287):     ip a6233d90  sp a1e90ad0  lr a5eaa7c7  pc b6de9a30  cpsr 200f0010
I/DEBUG   (  287): 
I/DEBUG   (  287): backtrace:
I/DEBUG   (  287):     #00 pc 0000fa30  /system/lib/libc.so (__memcpy_base+88)
I/DEBUG   (  287):     #01 pc 000527c3  /data/app/tv.danmaku.ijk.media.demo-1/lib/arm/libijkffmpeg.so (av_fifo_generic_write+106)
F/libc    (11332): Fatal signal 11 (SIGSEGV), code 1, fault addr 0xb7340000 in tid 11453 (Thread-913)
I/DEBUG   (  287): *** *** *** *** *** *** *** *** *** *** *** *** *** *** *** ***
I/DEBUG   (  287): Build fingerprint: 'TCL/5054X/Pop355:5.1.1/LMY47V/vC86-0:user/release-keys'
I/DEBUG   (  287): Revision: '0'
I/DEBUG   (  287): ABI: 'arm'
I/DEBUG   (  287): pid: 11332, tid: 11453, name: Thread-913  >>> tv.danmaku.ijk.media.demo <<<
I/DEBUG   (  287): signal 11 (SIGSEGV), code 1 (SEGV_MAPERR), fault addr 0xb7340000
I/DEBUG   (  287):     r0 b73378f0  r1 b7340000  r2 00000000  r3 00000000
I/DEBUG   (  287):     r4 b7337930  r5 00000000  r6 00000500  r7 00002300
I/DEBUG   (  287):     r8 b7333030  r9 b7340020  sl 00000000  fp 00000500
I/DEBUG   (  287):     ip a6233d90  sp a1e90ad0  lr a5eaa7c7  pc b6de9a34  cpsr 600f0010
I/DEBUG   (  287): 
I/DEBUG   (  287): backtrace:
I/DEBUG   (  287):     #00 pc 0000fa34  /system/lib/libc.so (__memcpy_base+92)
I/DEBUG   (  287):     #01 pc 000527c3  /data/app/tv.danmaku.ijk.media.demo-2/lib/arm/libijkffmpeg.so (av_fifo_generic_write+106)
F/libc    (14106): Fatal signal 11 (SIGSEGV), code 1, fault addr 0xb7341000 in tid 14226 (Thread-1243)
I/DEBUG   (  287): *** *** *** *** *** *** *** *** *** *** *** *** *** *** *** ***
I/DEBUG   (  287): Build fingerprint: 'TCL/5054X/Pop355:5.1.1/LMY47V/vC86-0:user/release-keys'
I/DEBUG   (  287): Revision: '0'
I/DEBUG   (  287): ABI: 'arm'
I/DEBUG   (  287): pid: 14106, tid: 14226, name: Thread-1243  >>> tv.danmaku.ijk.media.demo <<<
I/DEBUG   (  287): signal 11 (SIGSEGV), code 1 (SEGV_MAPERR), fault addr 0xb7341000
I/DEBUG   (  287):     r0 b7339160  r1 b7341000  r2 00000040  r3 00000000
I/DEBUG   (  287):     r4 b73391e0  r5 00000000  r6 00000500  r7 00003c00
I/DEBUG   (  287):     r8 b7332fe0  r9 b7341060  sl 00000000  fp 00000500
I/DEBUG   (  287):     ip a6233d90  sp a1e90ad0  lr a5eaa7c7  pc b6de9a34  cpsr 200f0010
I/DEBUG   (  287): 
I/DEBUG   (  287): backtrace:
I/DEBUG   (  287):     #00 pc 0000fa34  /system/lib/libc.so (__memcpy_base+92)
I/DEBUG   (  287):     #01 pc 000527c3  /data/app/tv.danmaku.ijk.media.demo-2/lib/arm/libijkffmpeg.so (av_fifo_generic_write+106)
--------- beginning of system
I/ActivityManager(  766): Killing 17710:com.android.defcontainer/u0a71 (adj 15): empty #9
D/PowerManagerService(  766): updateWakeLockSummaryLocked: mWakefulness=Awake, mWakeLockSummary=0x23
D/PowerManagerService(  766): releaseWakeLockInternal: lock=596923800 [*vibrator*], flags=0x0, packageName=android, total_time=142ms
D/PowerManagerService(  766): updateWakeLockSummaryLocked: mWakefulness=Awake, mWakeLockSummary=0x23
I/ActivityManager(  766): Start proc 17935:com.android.keychain/1000 for broadcast com.android.keychain/.KeyChainBroadcastReceiver
I/ActivityManager(  766): Killing 16724:com.google.android.gms.wearable/u0a75 (adj 15): empty #9
W/ContextImpl(17935): Calling a method in the system process without a qualified user: android.app.ContextImpl.startService:1734 android.content.ContextWrapper.startService:516 android.content.ContextWrapper.startService:516 com.android.keychain.KeyChainBroadcastReceiver.onReceive:12 android.app.ActivityThread.handleReceiver:2655 
I/ActivityManager(  766): Start proc 17957:com.jrdcom.wifitransfer/u0a149 for broadcast com.jrdcom.wifitransfer/.utility.WiFiTransferPackageReceiver
I/ActivityManager(  766): Killing 17753:com.android.musicfx/u0a85 (adj 15): empty #9
I/ActivityManager(  766): Start proc 17975:com.swiftkey.swiftkeyconfigurator/u0a158 for broadcast com.swiftkey.swiftkeyconfigurator/.PackageRemovedReceiver
I/ActivityManager(  766): Killing 17733:com.android.providers.calendar/u0a68 (adj 15): empty #9
I/ActivityManager(  766): Start proc 17993:com.android.documentsui/u0a108 for broadcast com.android.documentsui/.PackageReceiver
I/ActivityManager(  766): Killing 17813:com.google.android.gms:car/u0a75 (adj 15): empty #9
V/DeviceStorageMonitorService(  766): freeMemory=3136798720, mMemLowThreshold: 209715200
I/ActivityManager(  766): Start proc 18013:com.android.externalstorage/u0a73 for content provider com.android.externalstorage/.ExternalStorageProvider
W/ActivityManager(  766): Scheduling restart of crashed service com.google.android.gms/.car.CarService in 1000ms
I/DeviceStorageMonitorService(  766): Posting Message again
I/ActivityManager(  766): Start proc 18031:com.google.android.gms.wearable/u0a75 for service com.google.android.gms/.wearable.service.WearableService
I/ActivityManager(  766): Start proc 18048:com.tct.calendar/u0a72 for broadcast com.tct.calendar/.alerts.AlertReceiver
I/ActivityManager(  766): Killing 17834:com.tct.quicktranslate/u0a88 (adj 15): empty #9
D/PowerManagerService(  766): releaseWakeLockInternal: lock=190062191 [Icing], flags=0x0, packageName=com.google.android.gms, total_time=1303ms
D/PowerManagerService(  766): updateWakeLockSummaryLocked: mWakefulness=Awake, mWakeLockSummary=0x23
W/ResourcesManager(18031): Asset path '/system/framework/com.android.media.remotedisplay.jar' does not exist or contains no resources.
W/ResourcesManager(18031): Asset path '/system/framework/com.android.location.provider.jar' does not exist or contains no resources.
I/ActivityManager(  766): START u0 {act=android.intent.action.DELETE dat=package:com.crystal.rtmppublisher flg=0x10800000 cmp=com.android.packageinstaller/.UninstallerActivity (has extras)} from uid 10083 on display 0
V/WindowManager(  766): addAppToken: AppWindowToken{39a93337 token=Token{32fb5836 ActivityRecord{6a105d1 u0 com.android.packageinstaller/.UninstallerActivity t908}}} to stack=1 task=908 at 0
D/PowerManagerService(  766): updateWakeLockSummaryLocked: mWakefulness=Awake, mWakeLockSummary=0x23
I/ActivityManager(  766): Start proc 18070:com.android.providers.calendar/u0a68 for content provider com.android.providers.calendar/.CalendarProvider2
V/WindowManager(  766): Adding window Window{3053cbd3 u0 com.android.packageinstaller/com.android.packageinstaller.UninstallerActivity} at 3 of 7 (after Window{2d715e06 u0 com.tct.launcher/com.tct.launcher.Launcher})
V/WindowManager(  766): Adding window Window{305d9e09 u0 com.android.packageinstaller/com.android.packageinstaller.UninstallerActivity} at 3 of 8 (before Window{3053cbd3 u0 com.android.packageinstaller/com.android.packageinstaller.UninstallerActivity})
W/ResourcesManager(18070): Asset path '/system/framework/android.test.runner.jar' does not exist or contains no resources.
D/PowerManagerService(  766): releaseWakeLockInternal: lock=841882170 [ActivityManager-Launch], flags=0x0, packageName=android, total_time=357ms
D/PowerManagerService(  766): updateWakeLockSummaryLocked: mWakefulness=Awake, mWakeLockSummary=0x23
D/PowerManagerService(  766): updateWakeLockSummaryLocked: mWakefulness=Awake, mWakeLockSummary=0x23
D/TaskPersister(  766): removeObsoleteFile: deleting file=907_task_thumbnail.png
D/PowerManagerService(  766): releaseWakeLockInternal: lock=707599225 [StartingAlertService], flags=0x0, packageName=com.tct.calendar, total_time=65ms
D/PowerManagerService(  766): updateWakeLockSummaryLocked: mWakefulness=Awake, mWakeLockSummary=0x23
I/ActivityManager(  766): Killing 17777:com.android.vending/u0a91 (adj 15): empty #9
I/ActivityManager(  766): START u0 {act=android.intent.action.VIEW cmp=com.android.packageinstaller/.UninstallAppProgress (has extras)} from uid 10126 on display 0
V/WindowManager(  766): addAppToken: AppWindowToken{1651c0b1 token=Token{24842758 ActivityRecord{3350f43b u0 com.android.packageinstaller/.UninstallAppProgress t908}}} to stack=1 task=908 at 1
D/PowerManagerService(  766): updateWakeLockSummaryLocked: mWakefulness=Awake, mWakeLockSummary=0x23
D/PowerManagerService(  766): releaseWakeLockInternal: lock=460618094 [WindowManager], flags=0x0, packageName=android, total_time=3941ms
D/PowerManagerService(  766): updateWakeLockSummaryLocked: mWakefulness=Awake, mWakeLockSummary=0x1
D/PackageManager(  766): deletePackageAsUser: pkg=com.crystal.rtmppublisher user=0
D/PackageManager(  766): deletePackageX: pkg=com.crystal.rtmppublisher user=0
D/PackageManager(  766): deletePackageLI: com.crystal.rtmppublisher user UserHandle{0}
D/PackageManager(  766): Only deleting for single user
D/PackageManager(  766): Not installed by other users, full delete
D/PackageManager(  766): Removing non-system package:com.crystal.rtmppublisher
I/ActivityManager(  766): Force stopping com.crystal.rtmppublisher appid=10286 user=-1: uninstall pkg
D/PackageManager(  766): removePackageDataLI: PackageSetting{3290b6ed com.crystal.rtmppublisher/10286}
V/WindowManager(  766): Adding window Window{3b3bafb3 u0 com.android.packageinstaller/com.android.packageinstaller.UninstallAppProgress} at 5 of 8 (after Window{3053cbd3 u0 com.android.packageinstaller/com.android.packageinstaller.UninstallerActivity EXITING})
D/PackageManager(  766): Propagating install state across downgrade
D/PackageManager(  766):     user 0 => true
I/PackageManager(  766): args=com.android.server.pm.PackageManagerService$FileInstallArgs@3f648970
W/MountService(  766): getSecureContainerList() called when storage not mounted
D/FrameworkListener(  259): arg[0] = 'asec'
D/FrameworkListener(  259): arg[1] = 'list'
D/FrameworkListener(  259): will free arg[0] = 'asec'
D/FrameworkListener(  259): will free arg[1] = 'list'
D/PackageManager(  766): delete res: systemUpdate=false removedForAllUsers=true
I/ActivityManager(  766): Force stopping com.crystal.rtmppublisher appid=10286 user=0: pkg removed
D/PowerManagerService(  766): updateWakeLockSummaryLocked: mWakefulness=Awake, mWakeLockSummary=0x1
D/PowerManagerService(  766): releaseWakeLockInternal: lock=162788871 [Wakeful StateMachine: GeofencerStateMachine], flags=0x0, packageName=com.google.android.gms, total_time=5ms
D/PowerManagerService(  766): updateWakeLockSummaryLocked: mWakefulness=Awake, mWakeLockSummary=0x1
D/PowerManagerService(  766): releaseWakeLockInternal: lock=841882170 [ActivityManager-Launch], flags=0x0, packageName=android, total_time=269ms
D/PowerManagerService(  766): updateWakeLockSummaryLocked: mWakefulness=Awake, mWakeLockSummary=0x1
D/JobSchedulerService(  766): Receieved: android.intent.action.PACKAGE_REMOVED
D/BackupManagerService(  766): Received broadcast Intent { act=android.intent.action.PACKAGE_REMOVED dat=package:com.crystal.rtmppublisher flg=0x4000010 (has extras) }
D/FrameworkListener(  286): arg[0] = 'network'
D/FrameworkListener(  286): arg[1] = 'permission'
D/FrameworkListener(  286): arg[2] = 'user'
D/FrameworkListener(  286): arg[3] = 'clear'
D/FrameworkListener(  286): arg[4] = '10286'
D/FrameworkListener(  286): will free arg[0] = 'network'
D/FrameworkListener(  286): will free arg[1] = 'permission'
D/FrameworkListener(  286): will free arg[2] = 'user'
D/FrameworkListener(  286): will free arg[3] = 'clear'
D/FrameworkListener(  286): will free arg[4] = '10286'
D/PowerManagerService(  766): updateWakeLockSummaryLocked: mWakefulness=Awake, mWakeLockSummary=0x1
D/FrameworkListener(  286): arg[0] = 'bandwidth'
D/FrameworkListener(  286): arg[1] = 'gettetherstats'
D/FrameworkListener(  286): will free arg[0] = 'bandwidth'
D/FrameworkListener(  286): will free arg[1] = 'gettetherstats'
I/ActivityManager(  766): Start proc 18112:com.tct.gallery3d/u0a82 for broadcast com.tct.gallery3d/.app.PackagesMonitor
I/ActivityManager(  766): Killing 17901:com.google.android.partnersetup/u0a78 (adj 15): empty #9
D/PowerManagerService(  766): releaseWakeLockInternal: lock=791632909 [NetworkStats], flags=0x0, packageName=android, total_time=104ms
D/PowerManagerService(  766): updateWakeLockSummaryLocked: mWakefulness=Awake, mWakeLockSummary=0x1
W/ResourcesManager(18112): Asset path '/system/framework/com.google.android.media.effects.jar' does not exist or contains no resources.
W/ResourcesManager( 4517): Asset path '/system/framework/com.qti.snapdragon.sdk.display.jar' does not exist or contains no resources.
W/ResourcesManager( 4517): Asset path '/system/framework/qcrilhook.jar' does not exist or contains no resources.
W/ResourcesManager( 4517): Asset path '/system/framework/AudioBeaming.jar' does not exist or contains no resources.
W/ResourcesManager( 4517): Asset path '/system/framework/org.simalliance.openmobileapi.jar' does not exist or contains no resources.
W/ResourcesManager( 4517): Asset path '/system/framework/com.google.android.media.effects.jar' does not exist or contains no resources.
W/ResourcesManager( 4517): Asset path '/system/framework/com.google.android.maps.jar' does not exist or contains no resources.
I/ActivityManager(  766): Start proc 18130:com.android.defcontainer/u0a71 for service com.android.defcontainer/.DefaultContainerService
D/PowerManagerService(  766): updateWakeLockSummaryLocked: mWakefulness=Awake, mWakeLockSummary=0x1
D/PowerManagerService(  766): updateWakeLockSummaryLocked: mWakefulness=Awake, mWakeLockSummary=0x1
D/PowerManagerService(  766): releaseWakeLockInternal: lock=470629268 [*net_scheduler*], flags=0x0, packageName=com.google.android.gms, total_time=10ms
D/PowerManagerService(  766): updateWakeLockSummaryLocked: mWakefulness=Awake, mWakeLockSummary=0x1
D/PowerManagerService(  766): updateWakeLockSummaryLocked: mWakefulness=Awake, mWakeLockSummary=0x23
I/ActivityManager(  766): Killing 17935:com.android.keychain/1000 (adj 15): empty #9
D/PowerManagerService(  766): updateWakeLockSummaryLocked: mWakefulness=Awake, mWakeLockSummary=0x23
D/PowerManagerService(  766): updateWakeLockSummaryLocked: mWakefulness=Awake, mWakeLockSummary=0x23
D/PowerManagerService(  766): releaseWakeLockInternal: lock=347036758 [Icing], flags=0x0, packageName=com.google.android.gms, total_time=14ms
D/PowerManagerService(  766): updateWakeLockSummaryLocked: mWakefulness=Awake, mWakeLockSummary=0x23
I/ActivityManager(  766): Start proc 18162:com.android.musicfx/u0a85 for broadcast com.android.musicfx/.Compatibility$Receiver
I/ActivityManager(  766): Killing 17957:com.jrdcom.wifitransfer/u0a149 (adj 15): empty #9
I/ActivityManager(  766): Start proc 18181:com.android.vending/u0a91 for broadcast com.android.vending/com.google.android.finsky.receivers.PackageMonitorReceiver$RegisteredReceiver
I/ActivityManager(  766): Killing 17975:com.swiftkey.swiftkeyconfigurator/u0a158 (adj 15): empty #9
D/PowerManagerService(  766): releaseWakeLockInternal: lock=841882170 [ActivityManager-Launch], flags=0x0, packageName=android, total_time=711ms
D/PowerManagerService(  766): updateWakeLockSummaryLocked: mWakefulness=Awake, mWakeLockSummary=0x23
I/ActivityManager(  766): Start proc 18217:com.google.android.gms:car/u0a75 for service com.google.android.gms/.car.CarService
W/ResourcesManager(18217): Asset path '/system/framework/com.android.media.remotedisplay.jar' does not exist or contains no resources.
W/ResourcesManager(18217): Asset path '/system/framework/com.android.location.provider.jar' does not exist or contains no resources.
I/ActivityManager(  766): Start proc 18238:com.tct.quicktranslate/u0a88 for broadcast com.tct.quicktranslate/.CheckIsSupportedReceiver
I/ActivityManager(  766): Killing 17993:com.android.documentsui/u0a108 (adj 15): empty #9
I/ActivityManager(  766): Start proc 18259:com.android.keychain/1000 for broadcast com.android.keychain/.KeyChainBroadcastReceiver
W/ContextImpl(18259): Calling a method in the system process without a qualified user: android.app.ContextImpl.startService:1734 android.content.ContextWrapper.startService:516 android.content.ContextWrapper.startService:516 com.android.keychain.KeyChainBroadcastReceiver.onReceive:12 android.app.ActivityThread.handleReceiver:2655 
D/PowerManagerService(  766): updateWakeLockSummaryLocked: mWakefulness=Awake, mWakeLockSummary=0x23
I/ActivityManager(  766): Start proc 18279:com.jrdcom.wifitransfer/u0a149 for broadcast com.jrdcom.wifitransfer/.utility.WiFiTransferPackageReceiver
I/ActivityManager(  766): Killing 18013:com.android.externalstorage/u0a73 (adj 15): empty #9
I/ActivityManager(  766): Killing 18048:com.tct.calendar/u0a72 (adj 15): empty #9
I/ActivityManager(  766): Killing 18130:com.android.defcontainer/u0a71 (adj 15): empty #9
I/ActivityManager(  766): Killing 18112:com.tct.gallery3d/u0a82 (adj 15): empty #9
I/ActivityManager(  766): Killing 18070:com.android.providers.calendar/u0a68 (adj 15): empty #9
I/ActivityManager(  766): Start proc 18299:com.swiftkey.swiftkeyconfigurator/u0a158 for broadcast com.swiftkey.swiftkeyconfigurator/.PackageRemovedReceiver
I/ActivityManager(  766): Killing 18162:com.android.musicfx/u0a85 (adj 15): empty #9
I/ActivityManager(  766): Start proc 18317:com.android.documentsui/u0a108 for broadcast com.android.documentsui/.PackageReceiver
I/ActivityManager(  766): Start proc 18335:com.android.externalstorage/u0a73 for content provider com.android.externalstorage/.ExternalStorageProvider
I/ActivityManager(  766): Killing 18217:com.google.android.gms:car/u0a75 (adj 15): empty #9
W/ActivityManager(  766): Scheduling restart of crashed service com.google.android.gms/.car.CarService in 1000ms
I/ActivityManager(  766): Killing 18238:com.tct.quicktranslate/u0a88 (adj 15): empty #9
I/ActivityManager(  766): Start proc 18354:com.tct.calendar/u0a72 for broadcast com.tct.calendar/.alerts.AlertReceiver
I/ActivityManager(  766): Start proc 18372:com.android.providers.calendar/u0a68 for content provider com.android.providers.calendar/.CalendarProvider2
W/ResourcesManager(18372): Asset path '/system/framework/android.test.runner.jar' does not exist or contains no resources.
D/PowerManagerService(  766): updateWakeLockSummaryLocked: mWakefulness=Awake, mWakeLockSummary=0x23
D/PowerManagerService(  766): releaseWakeLockInternal: lock=53005710 [StartingAlertService], flags=0x0, packageName=com.tct.calendar, total_time=56ms
D/PowerManagerService(  766): updateWakeLockSummaryLocked: mWakefulness=Awake, mWakeLockSummary=0x23
I/ActivityManager(  766): Killing 18181:com.android.vending/u0a91 (adj 15): empty #9
D/PowerManagerService(  766): releaseWakeLockInternal: lock=347036758 [Icing], flags=0x0, packageName=com.google.android.gms, total_time=1177ms
D/PowerManagerService(  766): updateWakeLockSummaryLocked: mWakefulness=Awake, mWakeLockSummary=0x23
D/PowerManagerService(  766): updateWakeLockSummaryLocked: mWakefulness=Awake, mWakeLockSummary=0x23
D/PowerManagerService(  766): releaseWakeLockInternal: lock=53005710 [StartingAlertService], flags=0x0, packageName=com.tct.calendar, total_time=78ms
D/PowerManagerService(  766): updateWakeLockSummaryLocked: mWakefulness=Awake, mWakeLockSummary=0x23
I/ActivityManager(  766): Killing 17873:com.google.android.apps.docs/u0a118 (adj 15): empty #9
I/ActivityManager(  766): Killing 17346:com.android.packageinstaller/u0a126 (adj 15): empty #9
I/WindowState(  766): WIN DEATH: Window{29fb5b01 u0 Toast}
D/PowerManagerService(  766): releaseWakeLockInternal: lock=460618094 [WindowManager], flags=0x0, packageName=android, total_time=3972ms
D/PowerManagerService(  766): updateWakeLockSummaryLocked: mWakefulness=Awake, mWakeLockSummary=0x1
I/ActivityManager(  766): Killing 18259:com.android.keychain/1000 (adj 15): empty #9
V/AlarmManager(  766): sending alarm Alarm{1ab29c54 type 3 when 2733762 android}
D/PowerManagerService(  766): updateWakeLockSummaryLocked: mWakefulness=Awake, mWakeLockSummary=0x1
D/PowerManagerService(  766): releaseWakeLockInternal: lock=1035987373 [*alarm*], flags=0x0, packageName=android, total_time=99ms
D/PowerManagerService(  766): updateWakeLockSummaryLocked: mWakefulness=Awake, mWakeLockSummary=0x1
V/AlarmManager(  766): sending alarm Alarm{6a657fd type 0 when 1459924506086 com.android.vending}
I/ActivityManager(  766): Start proc 18425:com.android.vending/u0a91 for service com.android.vending/com.google.android.finsky.services.ContentSyncService
D/PowerManagerService(  766): updateWakeLockSummaryLocked: mWakefulness=Awake, mWakeLockSummary=0x1
D/PowerManagerService(  766): releaseWakeLockInternal: lock=1035987373 [*alarm*], flags=0x0, packageName=android, total_time=0ms
D/PowerManagerService(  766): updateWakeLockSummaryLocked: mWakefulness=Awake, mWakeLockSummary=0x1
I/ActivityManager(  766): Start proc 18461:com.google.android.gms:car/u0a75 for service com.google.android.gms/.car.CarService
W/ResourcesManager(18461): Asset path '/system/framework/com.android.media.remotedisplay.jar' does not exist or contains no resources.
W/ResourcesManager(18461): Asset path '/system/framework/com.android.location.provider.jar' does not exist or contains no resources.
I/ActivityManager(  766): Killing 18279:com.jrdcom.wifitransfer/u0a149 (adj 15): empty #9
I/ActivityManager(  766): START u0 {act=android.intent.action.MAIN cat=[android.intent.category.LAUNCHER] flg=0x10200000 cmp=tv.danmaku.ijk.media.demo/.VideoRecorderActivity (has extras)} from uid 10083 on display 0
V/WindowManager(  766): addAppToken: AppWindowToken{2b5398dd token=Token{3f7ad4b4 ActivityRecord{1742cd87 u0 tv.danmaku.ijk.media.demo/.VideoRecorderActivity t909}}} to stack=1 task=909 at 0
D/PowerManagerService(  766): updateWakeLockSummaryLocked: mWakefulness=Awake, mWakeLockSummary=0x1
V/WindowManager(  766): Adding window Window{5579a7c u0 Starting tv.danmaku.ijk.media.demo} at 3 of 6 (after Window{2d715e06 u0 com.tct.launcher/com.tct.launcher.Launcher})
I/ActivityManager(  766): Start proc 18504:tv.danmaku.ijk.media.demo/u0a287 for activity tv.danmaku.ijk.media.demo/.VideoRecorderActivity
I/ActivityManager(  766): Killing 18299:com.swiftkey.swiftkeyconfigurator/u0a158 (adj 15): empty #9
D/ActivityManager(  766): failed to priority process tv.danmaku.ijk.media.demo
D/ActivityManager(  766): android.os.DeadObjectException
D/ActivityManager(  766): 	at android.os.BinderProxy.transactNative(Native Method)
D/ActivityManager(  766): 	at android.os.BinderProxy.transact(Binder.java:496)
D/ActivityManager(  766): 	at android.app.ApplicationThreadProxy.setProcPriority(ApplicationThreadNative.java:1371)
D/ActivityManager(  766): 	at com.android.server.am.ActivityManagerService.updateProcessPriority(ActivityManagerService.java:2733)
D/ActivityManager(  766): 	at com.android.server.am.ActivityStackSupervisor.realStartActivityLocked(ActivityStackSupervisor.java:1244)
D/ActivityManager(  766): 	at com.android.server.am.ActivityStackSupervisor.attachApplicationLocked(ActivityStackSupervisor.java:613)
D/ActivityManager(  766): 	at com.android.server.am.ActivityManagerService.attachApplicationLocked(ActivityManagerService.java:6709)
D/ActivityManager(  766): 	at com.android.server.am.ActivityManagerService.attachApplication(ActivityManagerService.java:6771)
D/ActivityManager(  766): 	at android.app.ActivityManagerNative.onTransact(ActivityManagerNative.java:504)
D/ActivityManager(  766): 	at com.android.server.am.ActivityManagerService.onTransact(ActivityManagerService.java:2430)
D/ActivityManager(  766): 	at android.os.Binder.execTransact(Binder.java:446)
D/FrameworkListener(  286): arg[0] = 'getaddrinfo'
D/FrameworkListener(  286): arg[1] = 's1.weiqu168.com'
D/FrameworkListener(  286): arg[2] = '1935'
D/FrameworkListener(  286): arg[3] = '0'
D/FrameworkListener(  286): arg[4] = '0'
D/FrameworkListener(  286): arg[5] = '1'
D/FrameworkListener(  286): arg[6] = '0'
D/FrameworkListener(  286): arg[7] = '0'
D/FrameworkListener(  286): will free arg[0] = 'getaddrinfo'
D/FrameworkListener(  286): will free arg[1] = 's1.weiqu168.com'
D/FrameworkListener(  286): will free arg[2] = '1935'
D/FrameworkListener(  286): will free arg[3] = '0'
D/FrameworkListener(  286): will free arg[4] = '0'
D/FrameworkListener(  286): will free arg[5] = '1'
D/FrameworkListener(  286): will free arg[6] = '0'
D/FrameworkListener(  286): will free arg[7] = '0'
V/DeviceStorageMonitorService(  766): freeMemory=3146305536, mMemLowThreshold: 209715200
I/DeviceStorageMonitorService(  766): Posting Message again
D/PowerManagerService(  766): updateWakeLockSummaryLocked: mWakefulness=Awake, mWakeLockSummary=0x1
D/PowerManagerService(  766): updateWakeLockSummaryLocked: mWakefulness=Awake, mWakeLockSummary=0x1
D/PowerManagerService(  766): updateWakeLockSummaryLocked: mWakefulness=Awake, mWakeLockSummary=0x1
V/WindowManager(  766): Adding window Window{31c9680 u0 tv.danmaku.ijk.media.demo/tv.danmaku.ijk.media.demo.VideoRecorderActivity} at 3 of 7 (before Window{5579a7c u0 Starting tv.danmaku.ijk.media.demo})
V/WindowManager(  766): Adding window Window{a1ed0fe u0 SurfaceView} at 3 of 8 (before Window{31c9680 u0 tv.danmaku.ijk.media.demo/tv.danmaku.ijk.media.demo.VideoRecorderActivity})
F/libc    (18504): Fatal signal 11 (SIGSEGV), code 1, fault addr 0xb733f000 in tid 18626 (Thread-1923)
I/DEBUG   (  287): *** *** *** *** *** *** *** *** *** *** *** *** *** *** *** ***
I/DEBUG   (  287): Build fingerprint: 'TCL/5054X/Pop355:5.1.1/LMY47V/vC86-0:user/release-keys'
I/DEBUG   (  287): Revision: '0'
I/DEBUG   (  287): ABI: 'arm'
I/DEBUG   (  287): pid: 18504, tid: 18626, name: Thread-1923  >>> tv.danmaku.ijk.media.demo <<<
I/DEBUG   (  287): signal 11 (SIGSEGV), code 1 (SEGV_MAPERR), fault addr 0xb733f000
I/DEBUG   (  287):     r0 b7336090  r1 b733eff0  r2 00000000  r3 00000000
I/DEBUG   (  287):     r4 b73360d0  r5 00000000  r6 00000500  r7 00000a00
I/DEBUG   (  287):     r8 b7333100  r9 b733f030  sl 00000000  fp 00000500
I/DEBUG   (  287):     ip a6233d90  sp a1e90ad0  lr a5eaa7c7  pc b6de9a30  cpsr 600f0010
I/DEBUG   (  287): 
I/DEBUG   (  287): backtrace:
I/DEBUG   (  287):     #00 pc 0000fa30  /system/lib/libc.so (__memcpy_base+88)
I/DEBUG   (  287):     #01 pc 000527c3  /data/app/tv.danmaku.ijk.media.demo-1/lib/arm/libijkffmpeg.so (av_fifo_generic_write+106)
I/BootReceiver(  766): Copying /data/tombstones/tombstone_05 to DropBox (SYSTEM_TOMBSTONE)
W/ActivityManager(  766):   Force finishing activity 1 tv.danmaku.ijk.media.demo/.VideoRecorderActivity
I/WindowState(  766): WIN DEATH: Window{31c9680 u0 tv.danmaku.ijk.media.demo/tv.danmaku.ijk.media.demo.VideoRecorderActivity}
I/WindowState(  766): WIN DEATH: Window{a1ed0fe u0 SurfaceView}
W/ActivityManager(  766): Exception thrown during pause
W/ActivityManager(  766): android.os.DeadObjectException
W/ActivityManager(  766): 	at android.os.BinderProxy.transactNative(Native Method)
W/ActivityManager(  766): 	at android.os.BinderProxy.transact(Binder.java:496)
W/ActivityManager(  766): 	at android.app.ApplicationThreadProxy.schedulePauseActivity(ApplicationThreadNative.java:715)
W/ActivityManager(  766): 	at com.android.server.am.ActivityStack.startPausingLocked(ActivityStack.java:849)
W/ActivityManager(  766): 	at com.android.server.am.ActivityStack.finishActivityLocked(ActivityStack.java:2782)
W/ActivityManager(  766): 	at com.android.server.am.ActivityStack.finishTopRunningActivityLocked(ActivityStack.java:2639)
W/ActivityManager(  766): 	at com.android.server.am.ActivityStackSupervisor.finishTopRunningActivityLocked(ActivityStackSupervisor.java:2562)
W/ActivityManager(  766): 	at com.android.server.am.ActivityManagerService.handleAppCrashLocked(ActivityManagerService.java:12336)
W/ActivityManager(  766): 	at com.android.server.am.ActivityManagerService.makeAppCrashingLocked(ActivityManagerService.java:12224)
W/ActivityManager(  766): 	at com.android.server.am.ActivityManagerService.crashApplication(ActivityManagerService.java:12954)
W/ActivityManager(  766): 	at com.android.server.am.ActivityManagerService.handleApplicationCrashInner(ActivityManagerService.java:12452)
W/ActivityManager(  766): 	at com.android.server.am.NativeCrashListener$NativeCrashReporter.run(NativeCrashListener.java:86)
D/PowerManagerService(  766): updateWakeLockSummaryLocked: mWakefulness=Awake, mWakeLockSummary=0x1
D/ActivityManager(  766): failed to priority process com.tct.launcher
D/ActivityManager(  766): android.os.DeadObjectException
D/ActivityManager(  766): 	at android.os.BinderProxy.transactNative(Native Method)
D/ActivityManager(  766): 	at android.os.BinderProxy.transact(Binder.java:496)
D/ActivityManager(  766): 	at android.app.ApplicationThreadProxy.setProcPriority(ApplicationThreadNative.java:1371)
D/ActivityManager(  766): 	at com.android.server.am.ActivityManagerService.updateProcessPriority(ActivityManagerService.java:2733)
D/ActivityManager(  766): 	at com.android.server.am.ActivityStack.resumeTopActivityInnerLocked(ActivityStack.java:1882)
D/ActivityManager(  766): 	at com.android.server.am.ActivityStack.resumeTopActivityLocked(ActivityStack.java:1485)
D/ActivityManager(  766): 	at com.android.server.am.ActivityStack.resumeTopActivityLocked(ActivityStack.java:1468)
D/ActivityManager(  766): 	at com.android.server.am.ActivityStack.startPausingLocked(ActivityStack.java:904)
D/ActivityManager(  766): 	at com.android.server.am.ActivityStack.finishActivityLocked(ActivityStack.java:2782)
D/ActivityManager(  766): 	at com.android.server.am.ActivityStack.finishTopRunningActivityLocked(ActivityStack.java:2639)
D/ActivityManager(  766): 	at com.android.server.am.ActivityStackSupervisor.finishTopRunningActivityLocked(ActivityStackSupervisor.java:2562)
D/ActivityManager(  766): 	at com.android.server.am.ActivityManagerService.handleAppCrashLocked(ActivityManagerService.java:12336)
D/ActivityManager(  766): 	at com.android.server.am.ActivityManagerService.makeAppCrashingLocked(ActivityManagerService.java:12224)
D/ActivityManager(  766): 	at com.android.server.am.ActivityManagerService.crashApplication(ActivityManagerService.java:12954)
D/ActivityManager(  766): 	at com.android.server.am.ActivityManagerService.handleApplicationCrashInner(ActivityManagerService.java:12452)
D/ActivityManager(  766): 	at com.android.server.am.NativeCrashListener$NativeCrashReporter.run(NativeCrashListener.java:86)
D/PowerManagerService(  766): releaseWakeLockInternal: lock=998757243 [AudioIn], flags=0x0, packageName=media, total_time=996ms
D/PowerManagerService(  766): updateWakeLockSummaryLocked: mWakefulness=Awake, mWakeLockSummary=0x1
D/PowerManagerService(  766): updateWakeLockSummaryLocked: mWakefulness=Awake, mWakeLockSummary=0x1
D/PowerManagerService(  766): releaseWakeLockInternal: lock=124171672 [AudioIn], flags=0x0, packageName=media, total_time=0ms
D/PowerManagerService(  766): updateWakeLockSummaryLocked: mWakefulness=Awake, mWakeLockSummary=0x1
I/ActivityManager(  766): Process tv.danmaku.ijk.media.demo (pid 18504) has died
W/InputMethodManagerService(  766): Window already focused, ignoring focus gain of: com.android.internal.view.IInputMethodClient$Stub$Proxy@10c4d947 attribute=null, token = android.os.BinderProxy@1d740e1
I/ActivityManager(  766): Start proc 18674:com.tct.feedback/1000 for broadcast com.tct.feedback/.external.bugreport.BroadcastReceiveANR
D/PowerManagerService(  766): releaseWakeLockInternal: lock=841882170 [ActivityManager-Launch], flags=0x0, packageName=android, total_time=9041ms
D/PowerManagerService(  766): updateWakeLockSummaryLocked: mWakefulness=Awake, mWakeLockSummary=0x1
I/ActivityManager(  766): Killing 18317:com.android.documentsui/u0a108 (adj 15): empty #9
D/PowerManagerService(  766): releaseWakeLockInternal: lock=159140654 [AudioMix], flags=0x0, packageName=media, total_time=3001ms
D/PowerManagerService(  766): updateWakeLockSummaryLocked: mWakefulness=Awake, mWakeLockSummary=0x1
D/PowerManagerService(  766): releaseWakeLockInternal: lock=1013462735 [AudioMix], flags=0x0, packageName=media, total_time=3010ms
D/PowerManagerService(  766): updateWakeLockSummaryLocked: mWakefulness=Awake, mWakeLockSummary=0x1
D/TaskPersister(  766): removeObsoleteFile: deleting file=909_task.xml
W/InputMethodManagerService(  766): Window already focused, ignoring focus gain of: com.android.internal.view.IInputMethodClient$Stub$Proxy@18911765 attribute=null, token = android.os.BinderProxy@1d740e1
D/PowerManagerService(  766): releaseWakeLockInternal: lock=1058594376 [wake:com.google.android.gms/.config.ConfigFetchService], flags=0x0, packageName=com.google.android.gms, total_time=60017ms
D/PowerManagerService(  766): updateWakeLockSummaryLocked: mWakefulness=Awake, mWakeLockSummary=0x1
D/PowerManagerService(  766): updateWakeLockSummaryLocked: mWakefulness=Awake, mWakeLockSummary=0x1
D/PowerManagerService(  766): releaseWakeLockInternal: lock=596923800 [*vibrator*], flags=0x0, packageName=android, total_time=104ms
D/PowerManagerService(  766): updateWakeLockSummaryLocked: mWakefulness=Awake, mWakeLockSummary=0x1
I/ActivityManager(  766): START u0 {act=android.intent.action.MAIN cat=[android.intent.category.HOME] flg=0x10200000 cmp=com.tct.launcher/.Launcher} from uid 1000 on display 0
D/PowerManagerService(  766): updateWakeLockSummaryLocked: mWakefulness=Awake, mWakeLockSummary=0x1
I/ActivityManager(  766): START u0 {act=com.android.systemui.recents.SHOW_RECENTS flg=0x10804000 cmp=com.android.systemui/.recents.RecentsActivity} from uid 10098 on display 0
D/PowerManagerService(  766): updateWakeLockSummaryLocked: mWakefulness=Awake, mWakeLockSummary=0x1
D/PowerManagerService(  766): releaseWakeLockInternal: lock=596923800 [*vibrator*], flags=0x0, packageName=android, total_time=104ms
D/PowerManagerService(  766): updateWakeLockSummaryLocked: mWakefulness=Awake, mWakeLockSummary=0x1
D/PowerManagerService(  766): releaseWakeLockInternal: lock=841882170 [ActivityManager-Launch], flags=0x0, packageName=android, total_time=105ms
D/PowerManagerService(  766): updateWakeLockSummaryLocked: mWakefulness=Awake, mWakeLockSummary=0x1
I/ActivityManager(  766): Force stopping com.green appid=10211 user=0: from pid 4181
I/ActivityManager(  766): START u0 {act=android.intent.action.MAIN cat=[android.intent.category.HOME] flg=0x10200000 cmp=com.tct.launcher/.Launcher} from uid 10098 on display 0
D/PowerManagerService(  766): updateWakeLockSummaryLocked: mWakefulness=Awake, mWakeLockSummary=0x1
D/TaskPersister(  766): removeObsoleteFile: deleting file=901_task.xml
D/TaskPersister(  766): removeObsoleteFile: deleting file=901_task_thumbnail.png
I/ActivityManager(  766): START u0 {act=android.intent.action.MAIN cat=[android.intent.category.HOME] flg=0x10200000 cmp=com.tct.launcher/.Launcher} from uid 10098 on display 0
D/PowerManagerService(  766): updateWakeLockSummaryLocked: mWakefulness=Awake, mWakeLockSummary=0x23
D/PowerManagerService(  766): releaseWakeLockInternal: lock=841882170 [ActivityManager-Launch], flags=0x0, packageName=android, total_time=277ms
D/PowerManagerService(  766): updateWakeLockSummaryLocked: mWakefulness=Awake, mWakeLockSummary=0x23
D/PowerManagerService(  766): releaseWakeLockInternal: lock=302444432 [wake:com.google.android.gms/.config.ConfigFetchService], flags=0x0, packageName=com.google.android.gms, total_time=60002ms
D/PowerManagerService(  766): updateWakeLockSummaryLocked: mWakefulness=Awake, mWakeLockSummary=0x23
D/PowerManagerService(  766): updateWakeLockSummaryLocked: mWakefulness=Awake, mWakeLockSummary=0x23
D/PowerManagerService(  766): releaseWakeLockInternal: lock=596923800 [*vibrator*], flags=0x0, packageName=android, total_time=108ms
D/PowerManagerService(  766): updateWakeLockSummaryLocked: mWakefulness=Awake, mWakeLockSummary=0x23
I/ActivityManager(  766): START u0 {act=android.intent.action.MAIN cat=[android.intent.category.LAUNCHER] flg=0x10200000 cmp=tv.danmaku.ijk.media.demo/.VideoRecorderActivity (has extras)} from uid 10083 on display 0
V/WindowManager(  766): addAppToken: AppWindowToken{372948af token=Token{1df0f88e ActivityRecord{23521089 u0 tv.danmaku.ijk.media.demo/.VideoRecorderActivity t910}}} to stack=1 task=910 at 0
D/PowerManagerService(  766): updateWakeLockSummaryLocked: mWakefulness=Awake, mWakeLockSummary=0x23
V/WindowManager(  766): Adding window Window{1fd39ea7 u0 Starting tv.danmaku.ijk.media.demo} at 3 of 7 (after Window{2d715e06 u0 com.tct.launcher/com.tct.launcher.Launcher})
I/ActivityManager(  766): Start proc 18760:tv.danmaku.ijk.media.demo/u0a287 for activity tv.danmaku.ijk.media.demo/.VideoRecorderActivity
D/FrameworkListener(  286): arg[0] = 'getaddrinfo'
D/FrameworkListener(  286): arg[1] = 's1.weiqu168.com'
D/FrameworkListener(  286): arg[2] = '1935'
D/FrameworkListener(  286): arg[3] = '0'
D/FrameworkListener(  286): arg[4] = '0'
D/FrameworkListener(  286): arg[5] = '1'
D/FrameworkListener(  286): arg[6] = '0'
D/FrameworkListener(  286): arg[7] = '0'
D/FrameworkListener(  286): will free arg[0] = 'getaddrinfo'
D/FrameworkListener(  286): will free arg[1] = 's1.weiqu168.com'
D/FrameworkListener(  286): will free arg[2] = '1935'
D/FrameworkListener(  286): will free arg[3] = '0'
D/FrameworkListener(  286): will free arg[4] = '0'
D/FrameworkListener(  286): will free arg[5] = '1'
D/FrameworkListener(  286): will free arg[6] = '0'
D/FrameworkListener(  286): will free arg[7] = '0'
D/PowerManagerService(  766): releaseWakeLockInternal: lock=460618094 [WindowManager], flags=0x0, packageName=android, total_time=3971ms
D/PowerManagerService(  766): updateWakeLockSummaryLocked: mWakefulness=Awake, mWakeLockSummary=0x1
D/PowerManagerService(  766): releaseWakeLockInternal: lock=509816313 [wake:com.google.android.gms/.config.ConfigFetchService], flags=0x0, packageName=com.google.android.gms, total_time=60002ms
D/PowerManagerService(  766): updateWakeLockSummaryLocked: mWakefulness=Awake, mWakeLockSummary=0x1
V/DeviceStorageMonitorService(  766): freeMemory=3146358784, mMemLowThreshold: 209715200
I/DeviceStorageMonitorService(  766): Posting Message again
D/PowerManagerService(  766): releaseWakeLockInternal: lock=1036237727 [wake:com.google.android.gms/.config.ConfigFetchService], flags=0x0, packageName=com.google.android.gms, total_time=60006ms
D/PowerManagerService(  766): updateWakeLockSummaryLocked: mWakefulness=Awake, mWakeLockSummary=0x1
D/PowerManagerService(  766): updateWakeLockSummaryLocked: mWakefulness=Awake, mWakeLockSummary=0x1
D/PowerManagerService(  766): updateWakeLockSummaryLocked: mWakefulness=Awake, mWakeLockSummary=0x1
D/PowerManagerService(  766): updateWakeLockSummaryLocked: mWakefulness=Awake, mWakeLockSummary=0x1
V/WindowManager(  766): Adding window Window{63f9a16 u0 tv.danmaku.ijk.media.demo/tv.danmaku.ijk.media.demo.VideoRecorderActivity} at 3 of 7 (before Window{1fd39ea7 u0 Starting tv.danmaku.ijk.media.demo})
V/WindowManager(  766): Adding window Window{148f8584 u0 SurfaceView} at 3 of 8 (before Window{63f9a16 u0 tv.danmaku.ijk.media.demo/tv.danmaku.ijk.media.demo.VideoRecorderActivity})
F/libc    (18760): Fatal signal 11 (SIGSEGV), code 1, fault addr 0xb733f000 in tid 18882 (Thread-1932)
I/DEBUG   (  287): *** *** *** *** *** *** *** *** *** *** *** *** *** *** *** ***
I/DEBUG   (  287): Build fingerprint: 'TCL/5054X/Pop355:5.1.1/LMY47V/vC86-0:user/release-keys'
I/DEBUG   (  287): Revision: '0'
I/DEBUG   (  287): ABI: 'arm'
I/DEBUG   (  287): pid: 18760, tid: 18882, name: Thread-1932  >>> tv.danmaku.ijk.media.demo <<<
I/DEBUG   (  287): signal 11 (SIGSEGV), code 1 (SEGV_MAPERR), fault addr 0xb733f000
I/DEBUG   (  287):     r0 b7336070  r1 b733eff0  r2 00000080  r3 00000000
I/DEBUG   (  287):     r4 b7336130  r5 00000000  r6 00000500  r7 00000a00
I/DEBUG   (  287):     r8 b7333130  r9 b733f090  sl 00000000  fp 00000500
I/DEBUG   (  287):     ip a6233d90  sp a1e90ad0  lr a5eaa7c7  pc b6de9a34  cpsr 200f0010
I/DEBUG   (  287): 
I/DEBUG   (  287): backtrace:
I/DEBUG   (  287):     #00 pc 0000fa34  /system/lib/libc.so (__memcpy_base+92)
I/DEBUG   (  287):     #01 pc 000527c3  /data/app/tv.danmaku.ijk.media.demo-1/lib/arm/libijkffmpeg.so (av_fifo_generic_write+106)
I/BootReceiver(  766): Copying /data/tombstones/tombstone_06 to DropBox (SYSTEM_TOMBSTONE)
W/ActivityManager(  766):   Force finishing activity 1 tv.danmaku.ijk.media.demo/.VideoRecorderActivity
I/WindowState(  766): WIN DEATH: Window{63f9a16 u0 tv.danmaku.ijk.media.demo/tv.danmaku.ijk.media.demo.VideoRecorderActivity}
I/WindowState(  766): WIN DEATH: Window{148f8584 u0 SurfaceView}
W/ActivityManager(  766): Exception thrown during pause
W/ActivityManager(  766): android.os.DeadObjectException
W/ActivityManager(  766): 	at android.os.BinderProxy.transactNative(Native Method)
W/ActivityManager(  766): 	at android.os.BinderProxy.transact(Binder.java:496)
W/ActivityManager(  766): 	at android.app.ApplicationThreadProxy.schedulePauseActivity(ApplicationThreadNative.java:715)
W/ActivityManager(  766): 	at com.android.server.am.ActivityStack.startPausingLocked(ActivityStack.java:849)
W/ActivityManager(  766): 	at com.android.server.am.ActivityStack.finishActivityLocked(ActivityStack.java:2782)
W/ActivityManager(  766): 	at com.android.server.am.ActivityStack.finishTopRunningActivityLocked(ActivityStack.java:2639)
W/ActivityManager(  766): 	at com.android.server.am.ActivityStackSupervisor.finishTopRunningActivityLocked(ActivityStackSupervisor.java:2562)
W/ActivityManager(  766): 	at com.android.server.am.ActivityManagerService.handleAppCrashLocked(ActivityManagerService.java:12336)
W/ActivityManager(  766): 	at com.android.server.am.ActivityManagerService.makeAppCrashingLocked(ActivityManagerService.java:12224)
W/ActivityManager(  766): 	at com.android.server.am.ActivityManagerService.crashApplication(ActivityManagerService.java:12954)
W/ActivityManager(  766): 	at com.android.server.am.ActivityManagerService.handleApplicationCrashInner(ActivityManagerService.java:12452)
W/ActivityManager(  766): 	at com.android.server.am.NativeCrashListener$NativeCrashReporter.run(NativeCrashListener.java:86)
D/PowerManagerService(  766): updateWakeLockSummaryLocked: mWakefulness=Awake, mWakeLockSummary=0x1
D/ActivityManager(  766): failed to priority process com.tct.launcher
D/ActivityManager(  766): android.os.DeadObjectException
D/ActivityManager(  766): 	at android.os.BinderProxy.transactNative(Native Method)
D/ActivityManager(  766): 	at android.os.BinderProxy.transact(Binder.java:496)
D/ActivityManager(  766): 	at android.app.ApplicationThreadProxy.setProcPriority(ApplicationThreadNative.java:1371)
D/ActivityManager(  766): 	at com.android.server.am.ActivityManagerService.updateProcessPriority(ActivityManagerService.java:2733)
D/ActivityManager(  766): 	at com.android.server.am.ActivityStack.resumeTopActivityInnerLocked(ActivityStack.java:1882)
D/ActivityManager(  766): 	at com.android.server.am.ActivityStack.resumeTopActivityLocked(ActivityStack.java:1485)
D/ActivityManager(  766): 	at com.android.server.am.ActivityStack.resumeTopActivityLocked(ActivityStack.java:1468)
D/ActivityManager(  766): 	at com.android.server.am.ActivityStack.startPausingLocked(ActivityStack.java:904)
D/ActivityManager(  766): 	at com.android.server.am.ActivityStack.finishActivityLocked(ActivityStack.java:2782)
D/ActivityManager(  766): 	at com.android.server.am.ActivityStack.finishTopRunningActivityLocked(ActivityStack.java:2639)
D/ActivityManager(  766): 	at com.android.server.am.ActivityStackSupervisor.finishTopRunningActivityLocked(ActivityStackSupervisor.java:2562)
D/ActivityManager(  766): 	at com.android.server.am.ActivityManagerService.handleAppCrashLocked(ActivityManagerService.java:12336)
D/ActivityManager(  766): 	at com.android.server.am.ActivityManagerService.makeAppCrashingLocked(ActivityManagerService.java:12224)
D/ActivityManager(  766): 	at com.android.server.am.ActivityManagerService.crashApplication(ActivityManagerService.java:12954)
D/ActivityManager(  766): 	at com.android.server.am.ActivityManagerService.handleApplicationCrashInner(ActivityManagerService.java:12452)
D/ActivityManager(  766): 	at com.android.server.am.NativeCrashListener$NativeCrashReporter.run(NativeCrashListener.java:86)
D/PowerManagerService(  766): releaseWakeLockInternal: lock=896436073 [AudioIn], flags=0x0, packageName=media, total_time=1038ms
D/PowerManagerService(  766): updateWakeLockSummaryLocked: mWakefulness=Awake, mWakeLockSummary=0x1
D/PowerManagerService(  766): updateWakeLockSummaryLocked: mWakefulness=Awake, mWakeLockSummary=0x1
D/PowerManagerService(  766): releaseWakeLockInternal: lock=294114798 [AudioIn], flags=0x0, packageName=media, total_time=1ms
D/PowerManagerService(  766): updateWakeLockSummaryLocked: mWakefulness=Awake, mWakeLockSummary=0x1
I/ActivityManager(  766): Process tv.danmaku.ijk.media.demo (pid 18760) has died
W/InputMethodManagerService(  766): Window already focused, ignoring focus gain of: com.android.internal.view.IInputMethodClient$Stub$Proxy@3a33e94c attribute=null, token = android.os.BinderProxy@1d740e1
D/PowerManagerService(  766): releaseWakeLockInternal: lock=841882170 [ActivityManager-Launch], flags=0x0, packageName=android, total_time=8819ms
D/PowerManagerService(  766): updateWakeLockSummaryLocked: mWakefulness=Awake, mWakeLockSummary=0x1
D/PowerManagerService(  766): releaseWakeLockInternal: lock=245119234 [AudioMix], flags=0x0, packageName=media, total_time=3002ms
D/PowerManagerService(  766): updateWakeLockSummaryLocked: mWakefulness=Awake, mWakeLockSummary=0x1
D/PowerManagerService(  766): releaseWakeLockInternal: lock=728699411 [AudioMix], flags=0x0, packageName=media, total_time=3006ms
D/PowerManagerService(  766): updateWakeLockSummaryLocked: mWakefulness=Awake, mWakeLockSummary=0x1
D/TaskPersister(  766): removeObsoleteFile: deleting file=910_task.xml
V/AlarmManager(  766): sending alarm Alarm{237eac50 type 3 when 2793761 android}
D/PowerManagerService(  766): updateWakeLockSummaryLocked: mWakefulness=Awake, mWakeLockSummary=0x1
D/PowerManagerService(  766): releaseWakeLockInternal: lock=1035987373 [*alarm*], flags=0x0, packageName=android, total_time=118ms
D/PowerManagerService(  766): updateWakeLockSummaryLocked: mWakefulness=Awake, mWakeLockSummary=0x1
V/DeviceStorageMonitorService(  766): freeMemory=3146375168, mMemLowThreshold: 209715200
I/DeviceStorageMonitorService(  766): Posting Message again
