I/art     (  766): Background partial concurrent mark sweep GC freed 160326(7MB) AllocSpace objects, 29(769KB) LOS objects, 42% free, 16MB/28MB, paused 1.923ms total 140.174ms
V/WLAN_PSA(  301): NL MSG, len[048], NL type[0x11] WNI type[0x5050] len[028]
V/WLAN_PSA(  301): NL MSG, PID: 301
I/subsystem_ramdump(22500): Usage:./system/bin/subsystem_ramdump [arg1] [arg2] [arg3]
I/subsystem_ramdump(22500): [arg1]: (1/2) Ramdump location: 1: eMMC: /data/ramdump or 2: SD card: /sdcard/ramdump
I/subsystem_ramdump(22500): [arg2]: (1/0) 1: Enable RPM log / 0: Disable RPM log
I/subsystem_ramdump(22500): [arg3]: (1/0) 1: Enable qdss ramdump / 0: Disable qdss ramdump
I/subsystem_ramdump(22500):  Using default ramdump location 1: eMMC: /data/ramdump
I/subsystem_ramdump(22500):  Using default 0: Disable RPM log
I/subsystem_ramdump(22500):  Using default 0: Disable qdss ramdump
E/subsystem_ramdump(22500): Unable to open /dev/ramdump_smem
E/subsystem_ramdump(22500): Failed to open ramdump devices
E/subsystem_ramdump(22500): Failed to initialize ramdump
W/subsystem_ramdu(22500): type=1400 audit(0.0:833): avc: denied { read } for name="ramdump_smem" dev="tmpfs" ino=9295 scontext=u:r:subsystem_ramdump:s0 tcontext=u:object_r:ramdump_device:s0 tclass=chr_file permissive=0
D/ThermalEngine(  307): sensor_wait: xo_therm Wait done.
D/ThermalEngine(  307): sensor_monitor: xo_therm Reading 31000 .
I/ThermalEngine(  307): Sensor:xo_therm:31000 mC
D/ThermalEngine(  307): update_active_thresh: xo_therm Active(1), Hi(1) 42000, Lo(0) -2147483648, Interval(1) 10000
D/ThermalEngine(  307): sensor_monitor: xo_therm Sensor wait.
D/ThermalEngine(  307): sensor_wait: xo_therm Wait start. 10000ms
I/subsystem_ramdump(22501): Usage:./system/bin/subsystem_ramdump [arg1] [arg2] [arg3]
I/subsystem_ramdump(22501): [arg1]: (1/2) Ramdump location: 1: eMMC: /data/ramdump or 2: SD card: /sdcard/ramdump
I/subsystem_ramdump(22501): [arg2]: (1/0) 1: Enable RPM log / 0: Disable RPM log
I/subsystem_ramdump(22501): [arg3]: (1/0) 1: Enable qdss ramdump / 0: Disable qdss ramdump
I/subsystem_ramdump(22501):  Using default ramdump location 1: eMMC: /data/ramdump
I/subsystem_ramdump(22501):  Using default 0: Disable RPM log
I/subsystem_ramdump(22501):  Using default 0: Disable qdss ramdump
E/subsystem_ramdump(22501): Unable to open /dev/ramdump_smem
E/subsystem_ramdump(22501): Failed to open ramdump devices
E/subsystem_ramdump(22501): Failed to initialize ramdump
W/subsystem_ramdu(22501): type=1400 audit(0.0:834): avc: denied { read } for name="ramdump_smem" dev="tmpfs" ino=9295 scontext=u:r:subsystem_ramdump:s0 tcontext=u:object_r:ramdump_device:s0 tclass=chr_file permissive=0
I/wifi    (  766): #wpa-cmd: IFNAME=wlan0 SCAN
V/WLAN_PSA(  301): NL MSG, len[4026], NL type[0x1C] WNI type[0x5900] len[41487]
V/WLAN_PSA(  301): NL MSG, PID: 301
V/WLAN_PSA(  301): NL MSG, len[048], NL type[0x11] WNI type[0x5050] len[028]
V/WLAN_PSA(  301): NL MSG, PID: 301
I/WifiHAL (  766): Found some events!!!
I/WifiHAL (  766): event received NL80211_CMD_TRIGGER_SCAN, vendor_id = 0x0
I/WifiHAL (  766): event ignored!!
V/WLAN_PSA(  301): NL MSG, len[048], NL type[0x11] WNI type[0x5050] len[028]
V/WLAN_PSA(  301): NL MSG, PID: 301
V/WLAN_PSA(  301): NL MSG, len[048], NL type[0x11] WNI type[0x5050] len[028]
V/WLAN_PSA(  301): NL MSG, PID: 301
V/WLAN_PSA(  301): NL MSG, len[914], NL type[0x11] WNI type[0x5050] len[894]
V/WLAN_PSA(  301): NL MSG, PID: 301
V/WLAN_PSA(  301): NL MSG, len[048], NL type[0x11] WNI type[0x5050] len[028]
V/WLAN_PSA(  301): NL MSG, PID: 301
V/WLAN_PSA(  301): NL MSG, len[3954], NL type[0x1C] WNI type[0x5900] len[23055]
V/WLAN_PSA(  301): NL MSG, PID: 301
V/WLAN_PSA(  301): NL MSG, len[4088], NL type[0x1C] WNI type[0x5900] len[57359]
V/WLAN_PSA(  301): NL MSG, PID: 301
V/WLAN_PSA(  301): NL MSG, len[4007], NL type[0x1C] WNI type[0x5900] len[36623]
V/WLAN_PSA(  301): NL MSG, PID: 301
V/WLAN_PSA(  301): NL MSG, len[4068], NL type[0x1C] WNI type[0x5900] len[52239]
V/WLAN_PSA(  301): NL MSG, PID: 301
V/WLAN_PSA(  301): NL MSG, len[4068], NL type[0x1C] WNI type[0x5900] len[52239]
V/WLAN_PSA(  301): NL MSG, PID: 301
V/WLAN_PSA(  301): NL MSG, len[3957], NL type[0x1C] WNI type[0x5900] len[23823]
V/WLAN_PSA(  301): NL MSG, PID: 301
V/WLAN_PSA(  301): NL MSG, len[4061], NL type[0x1C] WNI type[0x5900] len[50447]
V/WLAN_PSA(  301): NL MSG, PID: 301
V/WLAN_PSA(  301): NL MSG, len[4018], NL type[0x1C] WNI type[0x5900] len[39439]
V/WLAN_PSA(  301): NL MSG, PID: 301
V/WLAN_PSA(  301): NL MSG, len[4022], NL type[0x1C] WNI type[0x5900] len[40463]
V/WLAN_PSA(  301): NL MSG, PID: 301
V/WLAN_PSA(  301): NL MSG, len[4034], NL type[0x1C] WNI type[0x5900] len[43535]
V/WLAN_PSA(  301): NL MSG, PID: 301
V/WLAN_PSA(  301): NL MSG, len[4090], NL type[0x1C] WNI type[0x5900] len[57871]
V/WLAN_PSA(  301): NL MSG, PID: 301
V/WLAN_PSA(  301): NL MSG, len[3981], NL type[0x1C] WNI type[0x5900] len[29967]
V/WLAN_PSA(  301): NL MSG, PID: 301
V/WLAN_PSA(  301): NL MSG, len[4069], NL type[0x1C] WNI type[0x5900] len[52495]
V/WLAN_PSA(  301): NL MSG, PID: 301
V/WLAN_PSA(  301): NL MSG, len[4008], NL type[0x1C] WNI type[0x5900] len[36879]
V/WLAN_PSA(  301): NL MSG, PID: 301
V/WLAN_PSA(  301): NL MSG, len[4035], NL type[0x1C] WNI type[0x5900] len[43791]
V/WLAN_PSA(  301): NL MSG, PID: 301
V/WLAN_PSA(  301): NL MSG, len[4018], NL type[0x1C] WNI type[0x5900] len[39439]
V/WLAN_PSA(  301): NL MSG, PID: 301
V/WLAN_PSA(  301): NL MSG, len[4028], NL type[0x1C] WNI type[0x5900] len[41999]
V/WLAN_PSA(  301): NL MSG, PID: 301
V/WLAN_PSA(  301): NL MSG, len[3995], NL type[0x1C] WNI type[0x5900] len[33551]
V/WLAN_PSA(  301): NL MSG, PID: 301
V/WLAN_PSA(  301): NL MSG, len[4018], NL type[0x1C] WNI type[0x5900] len[39439]
V/WLAN_PSA(  301): NL MSG, PID: 301
V/WLAN_PSA(  301): NL MSG, len[4026], NL type[0x1C] WNI type[0x5900] len[41487]
V/WLAN_PSA(  301): NL MSG, PID: 301
V/WLAN_PSA(  301): NL MSG, len[4031], NL type[0x1C] WNI type[0x5900] len[42767]
V/WLAN_PSA(  301): NL MSG, PID: 301
V/WLAN_PSA(  301): NL MSG, len[914], NL type[0x11] WNI type[0x5050] len[894]
V/WLAN_PSA(  301): NL MSG, PID: 301
V/WLAN_PSA(  301): NL MSG, len[3978], NL type[0x1C] WNI type[0x5900] len[29199]
V/WLAN_PSA(  301): NL MSG, PID: 301
V/WLAN_PSA(  301): NL MSG, len[4054], NL type[0x1C] WNI type[0x5900] len[48655]
V/WLAN_PSA(  301): NL MSG, PID: 301
V/WLAN_PSA(  301): NL MSG, len[4014], NL type[0x1C] WNI type[0x5900] len[38415]
V/WLAN_PSA(  301): NL MSG, PID: 301
V/WLAN_PSA(  301): NL MSG, len[4014], NL type[0x1C] WNI type[0x5900] len[38415]
V/WLAN_PSA(  301): NL MSG, PID: 301
V/WLAN_PSA(  301): NL MSG, len[4014], NL type[0x1C] WNI type[0x5900] len[38415]
V/WLAN_PSA(  301): NL MSG, PID: 301
I/WifiHAL (  766): Found some events!!!
I/WifiHAL (  766): event received NL80211_CMD_NEW_SCAN_RESULTS, vendor_id = 0x0
I/WifiHAL (  766): event ignored!!
I/wpa_supplicant( 4191): nl80211: Received scan results (115 BSSes)
I/wpa_supplicant( 4191): wlan0: BSS: Add new id 733 BSSID f0:5c:19:90:d7:e2 SSID 'externalhotspot84'
I/wifi    (  766): #wpa-cmd: IFNAME=wlan0 BSS RANGE=0- MASK=0x21987
I/wpa_supplicant( 4191): nl80211: Received scan results (115 BSSes)
I/wpa_supplicant( 4191): p2p0: BSS: Add new id 640 BSSID f0:5c:19:90:d7:e2 SSID 'externalhotspot84'
I/wifi    (  766): #wpa-cmd: IFNAME=wlan0 BSS RANGE=503- MASK=0x21987
I/wifi    (  766): #wpa-cmd: IFNAME=wlan0 BSS RANGE=647- MASK=0x21987
I/wifi    (  766): #wpa-cmd: IFNAME=wlan0 BSS RANGE=709- MASK=0x21987
D/LBSSystemMonitorService(  766): handleMessage what - 4
D/Wiper_jni(  766): Send Network Location.
V/WLAN_PSA(  301): NL MSG, len[048], NL type[0x11] WNI type[0x5050] len[028]
V/WLAN_PSA(  301): NL MSG, PID: 301
V/WLAN_PSA(  301): NL MSG, len[048], NL type[0x11] WNI type[0x5050] len[028]
V/WLAN_PSA(  301): NL MSG, PID: 301
V/WLAN_PSA(  301): NL MSG, len[4089], NL type[0x1C] WNI type[0x5900] len[57615]
V/WLAN_PSA(  301): NL MSG, PID: 301
V/WLAN_PSA(  301): NL MSG, len[048], NL type[0x11] WNI type[0x5050] len[028]
V/WLAN_PSA(  301): NL MSG, PID: 301
V/WLAN_PSA(  301): NL MSG, len[048], NL type[0x11] WNI type[0x5050] len[028]
V/WLAN_PSA(  301): NL MSG, PID: 301
V/DeviceStorageMonitorService(  766): freeMemory=3145936896, mMemLowThreshold: 209715200
I/DeviceStorageMonitorService(  766): Posting Message again
I/subsystem_ramdump(22503): Usage:./system/bin/subsystem_ramdump [arg1] [arg2] [arg3]
I/subsystem_ramdump(22503): [arg1]: (1/2) Ramdump location: 1: eMMC: /data/ramdump or 2: SD card: /sdcard/ramdump
I/subsystem_ramdump(22503): [arg2]: (1/0) 1: Enable RPM log / 0: Disable RPM log
I/subsystem_ramdump(22503): [arg3]: (1/0) 1: Enable qdss ramdump / 0: Disable qdss ramdump
I/subsystem_ramdump(22503):  Using default ramdump location 1: eMMC: /data/ramdump
I/subsystem_ramdump(22503):  Using default 0: Disable RPM log
I/subsystem_ramdump(22503):  Using default 0: Disable qdss ramdump
W/subsystem_ramdu(22503): type=1400 audit(0.0:835): avc: denied { read } for name="ramdump_smem" dev="tmpfs" ino=9295 scontext=u:r:subsystem_ramdump:s0 tcontext=u:object_r:ramdump_device:s0 tclass=chr_file permissive=0
E/subsystem_ramdump(22503): Unable to open /dev/ramdump_smem
E/subsystem_ramdump(22503): Failed to open ramdump devices
E/subsystem_ramdump(22503): Failed to initialize ramdump
D/AES     (  766):  AEEIOCTL_RT_MON_Kick IOCTL,cmd= -2147192822, lParam=300. 
D/ThermalEngine(  307): sensor_wait: xo_therm Wait done.
D/ThermalEngine(  307): sensor_monitor: xo_therm Reading 31000 .
I/ThermalEngine(  307): Sensor:xo_therm:31000 mC
D/ThermalEngine(  307): update_active_thresh: xo_therm Active(1), Hi(1) 42000, Lo(0) -2147483648, Interval(1) 10000
D/ThermalEngine(  307): sensor_monitor: xo_therm Sensor wait.
D/ThermalEngine(  307): sensor_wait: xo_therm Wait start. 10000ms
I/subsystem_ramdump(22505): Usage:./system/bin/subsystem_ramdump [arg1] [arg2] [arg3]
I/subsystem_ramdump(22505): [arg1]: (1/2) Ramdump location: 1: eMMC: /data/ramdump or 2: SD card: /sdcard/ramdump
I/subsystem_ramdump(22505): [arg2]: (1/0) 1: Enable RPM log / 0: Disable RPM log
I/subsystem_ramdump(22505): [arg3]: (1/0) 1: Enable qdss ramdump / 0: Disable qdss ramdump
I/subsystem_ramdump(22505):  Using default ramdump location 1: eMMC: /data/ramdump
I/subsystem_ramdump(22505):  Using default 0: Disable RPM log
I/subsystem_ramdump(22505):  Using default 0: Disable qdss ramdump
E/subsystem_ramdump(22505): Unable to open /dev/ramdump_smem
E/subsystem_ramdump(22505): Failed to open ramdump devices
E/subsystem_ramdump(22505): Failed to initialize ramdump
W/subsystem_ramdu(22505): type=1400 audit(0.0:836): avc: denied { read } for name="ramdump_smem" dev="tmpfs" ino=9295 scontext=u:r:subsystem_ramdump:s0 tcontext=u:object_r:ramdump_device:s0 tclass=chr_file permissive=0
I/wifi    (  766): #wpa-cmd: IFNAME=wlan0 SCAN
V/WLAN_PSA(  301): NL MSG, len[048], NL type[0x11] WNI type[0x5050] len[028]
V/WLAN_PSA(  301): NL MSG, PID: 301
V/WLAN_PSA(  301): NL MSG, len[048], NL type[0x11] WNI type[0x5050] len[028]
V/WLAN_PSA(  301): NL MSG, PID: 301
I/WifiHAL (  766): Found some events!!!
I/WifiHAL (  766): event received NL80211_CMD_TRIGGER_SCAN, vendor_id = 0x0
I/WifiHAL (  766): event ignored!!
V/WLAN_PSA(  301): NL MSG, len[048], NL type[0x11] WNI type[0x5050] len[028]
V/WLAN_PSA(  301): NL MSG, PID: 301
V/WLAN_PSA(  301): NL MSG, len[3981], NL type[0x1C] WNI type[0x5900] len[29967]
V/WLAN_PSA(  301): NL MSG, PID: 301
V/WLAN_PSA(  301): NL MSG, len[914], NL type[0x11] WNI type[0x5050] len[894]
V/WLAN_PSA(  301): NL MSG, PID: 301
V/WLAN_PSA(  301): NL MSG, len[048], NL type[0x11] WNI type[0x5050] len[028]
V/WLAN_PSA(  301): NL MSG, PID: 301
V/WLAN_PSA(  301): NL MSG, len[4005], NL type[0x1C] WNI type[0x5900] len[36111]
V/WLAN_PSA(  301): NL MSG, PID: 301
V/WLAN_PSA(  301): NL MSG, len[4091], NL type[0x1C] WNI type[0x5900] len[58127]
V/WLAN_PSA(  301): NL MSG, PID: 301
V/WLAN_PSA(  301): NL MSG, len[4023], NL type[0x1C] WNI type[0x5900] len[40719]
V/WLAN_PSA(  301): NL MSG, PID: 301
V/WLAN_PSA(  301): NL MSG, len[4069], NL type[0x1C] WNI type[0x5900] len[52495]
V/WLAN_PSA(  301): NL MSG, PID: 301
V/WLAN_PSA(  301): NL MSG, len[4022], NL type[0x1C] WNI type[0x5900] len[40463]
V/WLAN_PSA(  301): NL MSG, PID: 301
V/WLAN_PSA(  301): NL MSG, len[4029], NL type[0x1C] WNI type[0x5900] len[42255]
V/WLAN_PSA(  301): NL MSG, PID: 301
V/WLAN_PSA(  301): NL MSG, len[4022], NL type[0x1C] WNI type[0x5900] len[40463]
V/WLAN_PSA(  301): NL MSG, PID: 301
V/WLAN_PSA(  301): NL MSG, len[4023], NL type[0x1C] WNI type[0x5900] len[40719]
V/WLAN_PSA(  301): NL MSG, PID: 301
V/WLAN_PSA(  301): NL MSG, len[4020], NL type[0x1C] WNI type[0x5900] len[39951]
V/WLAN_PSA(  301): NL MSG, PID: 301
V/WLAN_PSA(  301): NL MSG, len[4035], NL type[0x1C] WNI type[0x5900] len[43791]
V/WLAN_PSA(  301): NL MSG, PID: 301
V/WLAN_PSA(  301): NL MSG, len[4008], NL type[0x1C] WNI type[0x5900] len[36879]
V/WLAN_PSA(  301): NL MSG, PID: 301
V/WLAN_PSA(  301): NL MSG, len[4060], NL type[0x1C] WNI type[0x5900] len[50191]
V/WLAN_PSA(  301): NL MSG, PID: 301
V/WLAN_PSA(  301): NL MSG, len[4074], NL type[0x1C] WNI type[0x5900] len[53775]
V/WLAN_PSA(  301): NL MSG, PID: 301
V/WLAN_PSA(  301): NL MSG, len[4063], NL type[0x1C] WNI type[0x5900] len[50959]
V/WLAN_PSA(  301): NL MSG, PID: 301
V/WLAN_PSA(  301): NL MSG, len[4039], NL type[0x1C] WNI type[0x5900] len[44815]
V/WLAN_PSA(  301): NL MSG, PID: 301
V/WLAN_PSA(  301): NL MSG, len[3995], NL type[0x1C] WNI type[0x5900] len[33551]
V/WLAN_PSA(  301): NL MSG, PID: 301
V/WLAN_PSA(  301): NL MSG, len[4018], NL type[0x1C] WNI type[0x5900] len[39439]
V/WLAN_PSA(  301): NL MSG, PID: 301
V/WLAN_PSA(  301): NL MSG, len[4028], NL type[0x1C] WNI type[0x5900] len[41999]
V/WLAN_PSA(  301): NL MSG, PID: 301
V/WLAN_PSA(  301): NL MSG, len[3995], NL type[0x1C] WNI type[0x5900] len[33551]
V/WLAN_PSA(  301): NL MSG, PID: 301
V/WLAN_PSA(  301): NL MSG, len[4018], NL type[0x1C] WNI type[0x5900] len[39439]
V/WLAN_PSA(  301): NL MSG, PID: 301
V/WLAN_PSA(  301): NL MSG, len[4028], NL type[0x1C] WNI type[0x5900] len[41999]
V/WLAN_PSA(  301): NL MSG, PID: 301
V/WLAN_PSA(  301): NL MSG, len[4041], NL type[0x1C] WNI type[0x5900] len[45327]
V/WLAN_PSA(  301): NL MSG, PID: 301
V/WLAN_PSA(  301): NL MSG, len[4024], NL type[0x1C] WNI type[0x5900] len[40975]
V/WLAN_PSA(  301): NL MSG, PID: 301
V/WLAN_PSA(  301): NL MSG, len[4033], NL type[0x1C] WNI type[0x5900] len[43279]
V/WLAN_PSA(  301): NL MSG, PID: 301
V/WLAN_PSA(  301): NL MSG, len[914], NL type[0x11] WNI type[0x5050] len[894]
V/WLAN_PSA(  301): NL MSG, PID: 301
V/WLAN_PSA(  301): NL MSG, len[3973], NL type[0x1C] WNI type[0x5900] len[27919]
V/WLAN_PSA(  301): NL MSG, PID: 301
V/WLAN_PSA(  301): NL MSG, len[4014], NL type[0x1C] WNI type[0x5900] len[38415]
V/WLAN_PSA(  301): NL MSG, PID: 301
V/WLAN_PSA(  301): NL MSG, len[4014], NL type[0x1C] WNI type[0x5900] len[38415]
V/WLAN_PSA(  301): NL MSG, PID: 301
V/WLAN_PSA(  301): NL MSG, len[4014], NL type[0x1C] WNI type[0x5900] len[38415]
V/WLAN_PSA(  301): NL MSG, PID: 301
I/WifiHAL (  766): Found some events!!!
I/WifiHAL (  766): event received NL80211_CMD_NEW_SCAN_RESULTS, vendor_id = 0x0
I/WifiHAL (  766): event ignored!!
I/wpa_supplicant( 4191): nl80211: Received scan results (116 BSSes)
V/WLAN_PSA(  301): NL MSG, len[4085], NL type[0x1C] WNI type[0x5900] len[56591]
V/WLAN_PSA(  301): NL MSG, PID: 301
I/wpa_supplicant( 4191): wlan0: BSS: Add new id 734 BSSID fc:5b:39:f1:c4:d3 SSID '\x00'
I/wpa_supplicant( 4191): wlan0: BSS: Add new id 735 BSSID fc:5b:39:d2:3d:13 SSID '\x00'
I/wpa_supplicant( 4191): wlan0: BSS: Add new id 736 BSSID f0:5c:19:90:d5:62 SSID 'externalhotspot84'
I/wifi    (  766): #wpa-cmd: IFNAME=wlan0 BSS RANGE=0- MASK=0x21987
I/wpa_supplicant( 4191): nl80211: Received scan results (116 BSSes)
I/wpa_supplicant( 4191): p2p0: BSS: Add new id 641 BSSID fc:5b:39:f1:c4:d3 SSID '\x00'
I/wpa_supplicant( 4191): p2p0: BSS: Add new id 642 BSSID fc:5b:39:d2:3d:13 SSID '\x00'
I/wpa_supplicant( 4191): p2p0: BSS: Add new id 643 BSSID f0:5c:19:90:d5:62 SSID 'externalhotspot84'
I/wifi    (  766): #wpa-cmd: IFNAME=wlan0 BSS RANGE=503- MASK=0x21987
I/wifi    (  766): #wpa-cmd: IFNAME=wlan0 BSS RANGE=647- MASK=0x21987
I/wifi    (  766): #wpa-cmd: IFNAME=wlan0 BSS RANGE=709- MASK=0x21987
D/LBSSystemMonitorService(  766): handleMessage what - 4
D/Wiper_jni(  766): Send Network Location.
V/WLAN_PSA(  301): NL MSG, len[048], NL type[0x11] WNI type[0x5050] len[028]
V/WLAN_PSA(  301): NL MSG, PID: 301
V/WLAN_PSA(  301): NL MSG, len[048], NL type[0x11] WNI type[0x5050] len[028]
V/WLAN_PSA(  301): NL MSG, PID: 301
V/WLAN_PSA(  301): NL MSG, len[048], NL type[0x11] WNI type[0x5050] len[028]
V/WLAN_PSA(  301): NL MSG, PID: 301
V/WLAN_PSA(  301): NL MSG, len[048], NL type[0x11] WNI type[0x5050] len[028]
V/WLAN_PSA(  301): NL MSG, PID: 301
I/subsystem_ramdump(22506): Usage:./system/bin/subsystem_ramdump [arg1] [arg2] [arg3]
I/subsystem_ramdump(22506): [arg1]: (1/2) Ramdump location: 1: eMMC: /data/ramdump or 2: SD card: /sdcard/ramdump
I/subsystem_ramdump(22506): [arg2]: (1/0) 1: Enable RPM log / 0: Disable RPM log
I/subsystem_ramdump(22506): [arg3]: (1/0) 1: Enable qdss ramdump / 0: Disable qdss ramdump
I/subsystem_ramdump(22506):  Using default ramdump location 1: eMMC: /data/ramdump
I/subsystem_ramdump(22506):  Using default 0: Disable RPM log
I/subsystem_ramdump(22506):  Using default 0: Disable qdss ramdump
E/subsystem_ramdump(22506): Unable to open /dev/ramdump_smem
E/subsystem_ramdump(22506): Failed to open ramdump devices
E/subsystem_ramdump(22506): Failed to initialize ramdump
W/subsystem_ramdu(22506): type=1400 audit(0.0:837): avc: denied { read } for name="ramdump_smem" dev="tmpfs" ino=9295 scontext=u:r:subsystem_ramdump:s0 tcontext=u:object_r:ramdump_device:s0 tclass=chr_file permissive=0
V/AlarmManager(  766): sending alarm Alarm{2d0d698b type 3 when 3993761 android}
D/PowerManagerService(  766): updateWakeLockSummaryLocked: mWakefulness=Awake, mWakeLockSummary=0x1
D/KeyguardUpdateMonitor( 4181): handleTimeUpdate
I/SurfaceFlinger(  260): FPS: 2
D/PowerManagerService(  766): releaseWakeLockInternal: lock=1035987373 [*alarm*], flags=0x0, packageName=android, total_time=98ms
D/PowerManagerService(  766): updateWakeLockSummaryLocked: mWakefulness=Awake, mWakeLockSummary=0x0
D/ThermalEngine(  307): sensor_wait: xo_therm Wait done.
D/ThermalEngine(  307): sensor_monitor: xo_therm Reading 31000 .
I/ThermalEngine(  307): Sensor:xo_therm:31000 mC
D/ThermalEngine(  307): update_active_thresh: xo_therm Active(1), Hi(1) 42000, Lo(0) -2147483648, Interval(1) 10000
D/ThermalEngine(  307): sensor_monitor: xo_therm Sensor wait.
D/ThermalEngine(  307): sensor_wait: xo_therm Wait start. 10000ms
D/VM_BMS  (  443): wake_lock acquired
D/VM_BMS  (  443): New BMS data - Size=56
D/VM_BMS  (  443): Start process_bms_data
D/VM_BMS  (  443): Battery charge_cycle=7 fcc_adjust=217 rbatt_adjust=217 cycle_changed=false
D/VM_BMS  (  443): For batt_temp=295 fcc_mah=2567
D/VM_BMS  (  443): Lookup fcc_mah=2567.000000  adjusted fcc_mah=2561.429688
D/VM_BMS  (  443): For ocv=4325844 batt_temp=295 soc=100
D/VM_BMS  (  443): fifo_count=5 acc_count=0
D/VM_BMS  (  443): INIT: ocv=4325844 last_ocv=4325844 batt_temp=295 soc=100
D/VM_BMS  (  443): For soc=100 batt_temp=295 slope=13400
D/VM_BMS  (  443): For soc=100 batt_temp=295 rbatt_sf=96
D/VM_BMS  (  443): rbatt_mohm_default=134, rbatt_mohm=128, sf=96 batt_temp=295
D/VM_BMS  (  443): Lookup rbatt=128.000000  adjusted rbatt=128.277756
D/VM_BMS  (  443): For ocv=4326018 batt_temp=295 soc=100
D/VM_BMS  (  443): FIFO=0 fifo_avg=4.349738 rbatt=0.178278 slope=1.340000 ibatt=-0.133541 ocv=4.326018 soc=100 fcc_ah=2.561430 sample_count=128 sample_interval=70 seq_num=82
D/VM_BMS  (  443): For soc=100 batt_temp=295 slope=13400
D/VM_BMS  (  443): For soc=100 batt_temp=295 rbatt_sf=96
D/VM_BMS  (  443): rbatt_mohm_default=134, rbatt_mohm=128, sf=96 batt_temp=295
D/VM_BMS  (  443): Lookup rbatt=128.000000  adjusted rbatt=128.277756
D/VM_BMS  (  443): For ocv=4326186 batt_temp=295 soc=100
D/VM_BMS  (  443): FIFO=1 fifo_avg=4.349147 rbatt=0.178278 slope=1.340000 ibatt=-0.129264 ocv=4.326186 soc=100 fcc_ah=2.561430 sample_count=128 sample_interval=70 seq_num=82
D/VM_BMS  (  443): For soc=100 batt_temp=295 slope=13400
D/VM_BMS  (  443): For soc=100 batt_temp=295 rbatt_sf=96
D/VM_BMS  (  443): rbatt_mohm_default=134, rbatt_mohm=128, sf=96 batt_temp=295
D/VM_BMS  (  443): Lookup rbatt=128.000000  adjusted rbatt=128.277756
D/VM_BMS  (  443): For ocv=4326359 batt_temp=295 soc=100
D/VM_BMS  (  443): FIFO=2 fifo_avg=4.350045 rbatt=0.178278 slope=1.340000 ibatt=-0.133344 ocv=4.326360 soc=100 fcc_ah=2.561430 sample_count=128 sample_interval=70 seq_num=82
D/VM_BMS  (  443): For soc=100 batt_temp=295 slope=13400
D/VM_BMS  (  443): For soc=100 batt_temp=295 rbatt_sf=96
D/VM_BMS  (  443): rbatt_mohm_default=134, rbatt_mohm=128, sf=96 batt_temp=295
D/VM_BMS  (  443): Lookup rbatt=128.000000  adjusted rbatt=128.277756
D/VM_BMS  (  443): For ocv=4326533 batt_temp=295 soc=100
D/VM_BMS  (  443): FIFO=3 fifo_avg=4.350339 rbatt=0.178278 slope=1.340000 ibatt=-0.134021 ocv=4.326533 soc=100 fcc_ah=2.561430 sample_count=128 sample_interval=70 seq_num=82
D/VM_BMS  (  443): For soc=100 batt_temp=295 slope=13400
D/VM_BMS  (  443): For soc=100 batt_temp=295 rbatt_sf=96
D/VM_BMS  (  443): rbatt_mohm_default=134, rbatt_mohm=128, sf=96 batt_temp=295
D/VM_BMS  (  443): Lookup rbatt=128.000000  adjusted rbatt=128.277756
D/VM_BMS  (  443): For ocv=4326706 batt_temp=295 soc=100
D/VM_BMS  (  443): FIFO=4 fifo_avg=4.350339 rbatt=0.178278 slope=1.340000 ibatt=-0.133048 ocv=4.326706 soc=100 fcc_ah=2.561430 sample_count=128 sample_interval=70 seq_num=82
I/VM_BMS  (  443): power_supply_update: ocv_uv=4326706 ibatt=-133047 soc=100 seq_num=82
D/VM_BMS  (  443): End process_bms_data
D/VM_BMS  (  443): wake_lock released
I/subsystem_ramdump(22510): Usage:./system/bin/subsystem_ramdump [arg1] [arg2] [arg3]
I/subsystem_ramdump(22510): [arg1]: (1/2) Ramdump location: 1: eMMC: /data/ramdump or 2: SD card: /sdcard/ramdump
I/subsystem_ramdump(22510): [arg2]: (1/0) 1: Enable RPM log / 0: Disable RPM log
I/subsystem_ramdump(22510): [arg3]: (1/0) 1: Enable qdss ramdump / 0: Disable qdss ramdump
I/subsystem_ramdump(22510):  Using default ramdump location 1: eMMC: /data/ramdump
I/subsystem_ramdump(22510):  Using default 0: Disable RPM log
I/subsystem_ramdump(22510):  Using default 0: Disable qdss ramdump
E/subsystem_ramdump(22510): Unable to open /dev/ramdump_smem
E/subsystem_ramdump(22510): Failed to open ramdump devices
E/subsystem_ramdump(22510): Failed to initialize ramdump
W/subsystem_ramdu(22510): type=1400 audit(0.0:838): avc: denied { read } for name="ramdump_smem" dev="tmpfs" ino=9295 scontext=u:r:subsystem_ramdump:s0 tcontext=u:object_r:ramdump_device:s0 tclass=chr_file permissive=0
I/wifi    (  766): #wpa-cmd: IFNAME=wlan0 SCAN
V/WLAN_PSA(  301): NL MSG, len[048], NL type[0x11] WNI type[0x5050] len[028]
V/WLAN_PSA(  301): NL MSG, PID: 301
V/WLAN_PSA(  301): NL MSG, len[4019], NL type[0x1C] WNI type[0x5900] len[39695]
V/WLAN_PSA(  301): NL MSG, PID: 301
I/WifiHAL (  766): Found some events!!!
I/WifiHAL (  766): event received NL80211_CMD_TRIGGER_SCAN, vendor_id = 0x0
I/WifiHAL (  766): event ignored!!
V/WLAN_PSA(  301): NL MSG, len[048], NL type[0x11] WNI type[0x5050] len[028]
V/WLAN_PSA(  301): NL MSG, PID: 301
V/WLAN_PSA(  301): NL MSG, len[048], NL type[0x11] WNI type[0x5050] len[028]
V/WLAN_PSA(  301): NL MSG, PID: 301
V/WLAN_PSA(  301): NL MSG, len[914], NL type[0x11] WNI type[0x5050] len[894]
V/WLAN_PSA(  301): NL MSG, PID: 301
V/WLAN_PSA(  301): NL MSG, len[048], NL type[0x11] WNI type[0x5050] len[028]
V/WLAN_PSA(  301): NL MSG, PID: 301
V/WLAN_PSA(  301): NL MSG, len[4085], NL type[0x1C] WNI type[0x5900] len[56591]
V/WLAN_PSA(  301): NL MSG, PID: 301
V/WLAN_PSA(  301): NL MSG, len[4083], NL type[0x1C] WNI type[0x5900] len[56079]
V/WLAN_PSA(  301): NL MSG, PID: 301
V/WLAN_PSA(  301): NL MSG, len[4037], NL type[0x1C] WNI type[0x5900] len[44303]
V/WLAN_PSA(  301): NL MSG, PID: 301
V/WLAN_PSA(  301): NL MSG, len[4035], NL type[0x1C] WNI type[0x5900] len[43791]
V/WLAN_PSA(  301): NL MSG, PID: 301
V/WLAN_PSA(  301): NL MSG, len[3966], NL type[0x1C] WNI type[0x5900] len[26127]
V/WLAN_PSA(  301): NL MSG, PID: 301
V/WLAN_PSA(  301): NL MSG, len[3966], NL type[0x1C] WNI type[0x5900] len[26127]
V/WLAN_PSA(  301): NL MSG, PID: 301
V/WLAN_PSA(  301): NL MSG, len[4035], NL type[0x1C] WNI type[0x5900] len[43791]
V/WLAN_PSA(  301): NL MSG, PID: 301
V/WLAN_PSA(  301): NL MSG, len[4037], NL type[0x1C] WNI type[0x5900] len[44303]
V/WLAN_PSA(  301): NL MSG, PID: 301
V/WLAN_PSA(  301): NL MSG, len[4073], NL type[0x1C] WNI type[0x5900] len[53519]
V/WLAN_PSA(  301): NL MSG, PID: 301
V/WLAN_PSA(  301): NL MSG, len[4063], NL type[0x1C] WNI type[0x5900] len[50959]
V/WLAN_PSA(  301): NL MSG, PID: 301
V/WLAN_PSA(  301): NL MSG, len[4087], NL type[0x1C] WNI type[0x5900] len[57103]
V/WLAN_PSA(  301): NL MSG, PID: 301
V/WLAN_PSA(  301): NL MSG, len[3985], NL type[0x1C] WNI type[0x5900] len[30991]
V/WLAN_PSA(  301): NL MSG, PID: 301
V/WLAN_PSA(  301): NL MSG, len[4022], NL type[0x1C] WNI type[0x5900] len[40463]
V/WLAN_PSA(  301): NL MSG, PID: 301
V/WLAN_PSA(  301): NL MSG, len[4074], NL type[0x1C] WNI type[0x5900] len[53775]
V/WLAN_PSA(  301): NL MSG, PID: 301
V/WLAN_PSA(  301): NL MSG, len[4007], NL type[0x1C] WNI type[0x5900] len[36623]
V/WLAN_PSA(  301): NL MSG, PID: 301
V/WLAN_PSA(  301): NL MSG, len[3984], NL type[0x1C] WNI type[0x5900] len[30735]
V/WLAN_PSA(  301): NL MSG, PID: 301
V/WLAN_PSA(  301): NL MSG, len[4018], NL type[0x1C] WNI type[0x5900] len[39439]
V/WLAN_PSA(  301): NL MSG, PID: 301
V/WLAN_PSA(  301): NL MSG, len[4028], NL type[0x1C] WNI type[0x5900] len[41999]
V/WLAN_PSA(  301): NL MSG, PID: 301
V/WLAN_PSA(  301): NL MSG, len[3995], NL type[0x1C] WNI type[0x5900] len[33551]
V/WLAN_PSA(  301): NL MSG, PID: 301
V/WLAN_PSA(  301): NL MSG, len[4018], NL type[0x1C] WNI type[0x5900] len[39439]
V/WLAN_PSA(  301): NL MSG, PID: 301
V/WLAN_PSA(  301): NL MSG, len[4028], NL type[0x1C] WNI type[0x5900] len[41999]
V/WLAN_PSA(  301): NL MSG, PID: 301
V/WLAN_PSA(  301): NL MSG, len[4092], NL type[0x1C] WNI type[0x5900] len[58383]
V/WLAN_PSA(  301): NL MSG, PID: 301
V/WLAN_PSA(  301): NL MSG, len[4030], NL type[0x1C] WNI type[0x5900] len[42511]
V/WLAN_PSA(  301): NL MSG, PID: 301
V/WLAN_PSA(  301): NL MSG, len[914], NL type[0x11] WNI type[0x5050] len[894]
V/WLAN_PSA(  301): NL MSG, PID: 301
V/WLAN_PSA(  301): NL MSG, len[4030], NL type[0x1C] WNI type[0x5900] len[42511]
V/WLAN_PSA(  301): NL MSG, PID: 301
V/WLAN_PSA(  301): NL MSG, len[3966], NL type[0x1C] WNI type[0x5900] len[26127]
V/WLAN_PSA(  301): NL MSG, PID: 301
V/WLAN_PSA(  301): NL MSG, len[4014], NL type[0x1C] WNI type[0x5900] len[38415]
V/WLAN_PSA(  301): NL MSG, PID: 301
V/WLAN_PSA(  301): NL MSG, len[4014], NL type[0x1C] WNI type[0x5900] len[38415]
V/WLAN_PSA(  301): NL MSG, PID: 301
V/WLAN_PSA(  301): NL MSG, len[4014], NL type[0x1C] WNI type[0x5900] len[38415]
V/WLAN_PSA(  301): NL MSG, PID: 301
I/WifiHAL (  766): Found some events!!!
I/WifiHAL (  766): event received NL80211_CMD_NEW_SCAN_RESULTS, vendor_id = 0x0
I/WifiHAL (  766): event ignored!!
I/wpa_supplicant( 4191): nl80211: Received scan results (111 BSSes)
I/wpa_supplicant( 4191): wlan0: BSS: Add new id 737 BSSID fc:5b:39:e4:21:d3 SSID '\x00'
I/wpa_supplicant( 4191): wlan0: BSS: Add new id 738 BSSID f0:5c:19:90:d5:61 SSID 'net4guest'
I/wifi    (  766): #wpa-cmd: IFNAME=wlan0 BSS RANGE=0- MASK=0x21987
I/wpa_supplicant( 4191): nl80211: Received scan results (111 BSSes)
I/wpa_supplicant( 4191): p2p0: BSS: Add new id 644 BSSID fc:5b:39:e4:21:d3 SSID '\x00'
I/wpa_supplicant( 4191): p2p0: BSS: Add new id 645 BSSID f0:5c:19:90:d5:61 SSID 'net4guest'
I/wifi    (  766): #wpa-cmd: IFNAME=wlan0 BSS RANGE=503- MASK=0x21987
I/wifi    (  766): #wpa-cmd: IFNAME=wlan0 BSS RANGE=647- MASK=0x21987
I/wifi    (  766): #wpa-cmd: IFNAME=wlan0 BSS RANGE=709- MASK=0x21987
D/LBSSystemMonitorService(  766): handleMessage what - 4
D/Wiper_jni(  766): Send Network Location.
V/WLAN_PSA(  301): NL MSG, len[048], NL type[0x11] WNI type[0x5050] len[028]
V/WLAN_PSA(  301): NL MSG, PID: 301
V/WLAN_PSA(  301): NL MSG, len[048], NL type[0x11] WNI type[0x5050] len[028]
V/WLAN_PSA(  301): NL MSG, PID: 301
V/WLAN_PSA(  301): NL MSG, len[048], NL type[0x11] WNI type[0x5050] len[028]
V/WLAN_PSA(  301): NL MSG, PID: 301
V/WLAN_PSA(  301): NL MSG, len[048], NL type[0x11] WNI type[0x5050] len[028]
V/WLAN_PSA(  301): NL MSG, PID: 301
I/subsystem_ramdump(22511): Usage:./system/bin/subsystem_ramdump [arg1] [arg2] [arg3]
I/subsystem_ramdump(22511): [arg1]: (1/2) Ramdump location: 1: eMMC: /data/ramdump or 2: SD card: /sdcard/ramdump
I/subsystem_ramdump(22511): [arg2]: (1/0) 1: Enable RPM log / 0: Disable RPM log
I/subsystem_ramdump(22511): [arg3]: (1/0) 1: Enable qdss ramdump / 0: Disable qdss ramdump
I/subsystem_ramdump(22511):  Using default ramdump location 1: eMMC: /data/ramdump
I/subsystem_ramdump(22511):  Using default 0: Disable RPM log
I/subsystem_ramdump(22511):  Using default 0: Disable qdss ramdump
W/subsystem_ramdu(22511): type=1400 audit(0.0:839): avc: denied { read } for name="ramdump_smem" dev="tmpfs" ino=9295 scontext=u:r:subsystem_ramdump:s0 tcontext=u:object_r:ramdump_device:s0 tclass=chr_file permissive=0
E/subsystem_ramdump(22511): Unable to open /dev/ramdump_smem
E/subsystem_ramdump(22511): Failed to open ramdump devices
E/subsystem_ramdump(22511): Failed to initialize ramdump
D/ThermalEngine(  307): sensor_wait: xo_therm Wait done.
D/ThermalEngine(  307): sensor_monitor: xo_therm Reading 31000 .
I/ThermalEngine(  307): Sensor:xo_therm:31000 mC
D/ThermalEngine(  307): update_active_thresh: xo_therm Active(1), Hi(1) 42000, Lo(0) -2147483648, Interval(1) 10000
D/ThermalEngine(  307): sensor_monitor: xo_therm Sensor wait.
D/ThermalEngine(  307): sensor_wait: xo_therm Wait start. 10000ms
I/subsystem_ramdump(22512): Usage:./system/bin/subsystem_ramdump [arg1] [arg2] [arg3]
I/subsystem_ramdump(22512): [arg1]: (1/2) Ramdump location: 1: eMMC: /data/ramdump or 2: SD card: /sdcard/ramdump
I/subsystem_ramdump(22512): [arg2]: (1/0) 1: Enable RPM log / 0: Disable RPM log
I/subsystem_ramdump(22512): [arg3]: (1/0) 1: Enable qdss ramdump / 0: Disable qdss ramdump
I/subsystem_ramdump(22512):  Using default ramdump location 1: eMMC: /data/ramdump
I/subsystem_ramdump(22512):  Using default 0: Disable RPM log
I/subsystem_ramdump(22512):  Using default 0: Disable qdss ramdump
E/subsystem_ramdump(22512): Unable to open /dev/ramdump_smem
E/subsystem_ramdump(22512): Failed to open ramdump devices
E/subsystem_ramdump(22512): Failed to initialize ramdump
W/subsystem_ramdu(22512): type=1400 audit(0.0:840): avc: denied { read } for name="ramdump_smem" dev="tmpfs" ino=9295 scontext=u:r:subsystem_ramdump:s0 tcontext=u:object_r:ramdump_device:s0 tclass=chr_file permissive=0
I/wifi    (  766): #wpa-cmd: IFNAME=wlan0 SCAN
V/WLAN_PSA(  301): NL MSG, len[4068], NL type[0x1C] WNI type[0x5900] len[52239]
V/WLAN_PSA(  301): NL MSG, PID: 301
V/WLAN_PSA(  301): NL MSG, len[048], NL type[0x11] WNI type[0x5050] len[028]
V/WLAN_PSA(  301): NL MSG, PID: 301
I/WifiHAL (  766): Found some events!!!
I/WifiHAL (  766): event received NL80211_CMD_TRIGGER_SCAN, vendor_id = 0x0
I/WifiHAL (  766): event ignored!!
V/WLAN_PSA(  301): NL MSG, len[048], NL type[0x11] WNI type[0x5050] len[028]
V/WLAN_PSA(  301): NL MSG, PID: 301
V/WLAN_PSA(  301): NL MSG, len[048], NL type[0x11] WNI type[0x5050] len[028]
V/WLAN_PSA(  301): NL MSG, PID: 301
V/WLAN_PSA(  301): NL MSG, len[914], NL type[0x11] WNI type[0x5050] len[894]
V/WLAN_PSA(  301): NL MSG, PID: 301
V/WLAN_PSA(  301): NL MSG, len[3993], NL type[0x1C] WNI type[0x5900] len[33039]
V/WLAN_PSA(  301): NL MSG, PID: 301
V/WLAN_PSA(  301): NL MSG, len[048], NL type[0x11] WNI type[0x5050] len[028]
V/WLAN_PSA(  301): NL MSG, PID: 301
V/WLAN_PSA(  301): NL MSG, len[3984], NL type[0x1C] WNI type[0x5900] len[30735]
V/WLAN_PSA(  301): NL MSG, PID: 301
V/WLAN_PSA(  301): NL MSG, len[4087], NL type[0x1C] WNI type[0x5900] len[57103]
V/WLAN_PSA(  301): NL MSG, PID: 301
V/WLAN_PSA(  301): NL MSG, len[4026], NL type[0x1C] WNI type[0x5900] len[41487]
V/WLAN_PSA(  301): NL MSG, PID: 301
V/WLAN_PSA(  301): NL MSG, len[4034], NL type[0x1C] WNI type[0x5900] len[43535]
V/WLAN_PSA(  301): NL MSG, PID: 301
V/WLAN_PSA(  301): NL MSG, len[4014], NL type[0x1C] WNI type[0x5900] len[38415]
V/WLAN_PSA(  301): NL MSG, PID: 301
V/WLAN_PSA(  301): NL MSG, len[4055], NL type[0x1C] WNI type[0x5900] len[48911]
V/WLAN_PSA(  301): NL MSG, PID: 301
V/WLAN_PSA(  301): NL MSG, len[4088], NL type[0x1C] WNI type[0x5900] len[57359]
V/WLAN_PSA(  301): NL MSG, PID: 301
V/WLAN_PSA(  301): NL MSG, len[4090], NL type[0x1C] WNI type[0x5900] len[57871]
V/WLAN_PSA(  301): NL MSG, PID: 301
V/WLAN_PSA(  301): NL MSG, len[4062], NL type[0x1C] WNI type[0x5900] len[50703]
V/WLAN_PSA(  301): NL MSG, PID: 301
V/WLAN_PSA(  301): NL MSG, len[4069], NL type[0x1C] WNI type[0x5900] len[52495]
V/WLAN_PSA(  301): NL MSG, PID: 301
V/WLAN_PSA(  301): NL MSG, len[4013], NL type[0x1C] WNI type[0x5900] len[38159]
V/WLAN_PSA(  301): NL MSG, PID: 301
V/WLAN_PSA(  301): NL MSG, len[4065], NL type[0x1C] WNI type[0x5900] len[51471]
V/WLAN_PSA(  301): NL MSG, PID: 301
V/WLAN_PSA(  301): NL MSG, len[4037], NL type[0x1C] WNI type[0x5900] len[44303]
V/WLAN_PSA(  301): NL MSG, PID: 301
V/WLAN_PSA(  301): NL MSG, len[4040], NL type[0x1C] WNI type[0x5900] len[45071]
V/WLAN_PSA(  301): NL MSG, PID: 301
V/WLAN_PSA(  301): NL MSG, len[4049], NL type[0x1C] WNI type[0x5900] len[47375]
V/WLAN_PSA(  301): NL MSG, PID: 301
V/WLAN_PSA(  301): NL MSG, len[4018], NL type[0x1C] WNI type[0x5900] len[39439]
V/WLAN_PSA(  301): NL MSG, PID: 301
V/WLAN_PSA(  301): NL MSG, len[4028], NL type[0x1C] WNI type[0x5900] len[41999]
V/WLAN_PSA(  301): NL MSG, PID: 301
V/WLAN_PSA(  301): NL MSG, len[3995], NL type[0x1C] WNI type[0x5900] len[33551]
V/WLAN_PSA(  301): NL MSG, PID: 301
V/WLAN_PSA(  301): NL MSG, len[4018], NL type[0x1C] WNI type[0x5900] len[39439]
V/WLAN_PSA(  301): NL MSG, PID: 301
V/WLAN_PSA(  301): NL MSG, len[4028], NL type[0x1C] WNI type[0x5900] len[41999]
V/WLAN_PSA(  301): NL MSG, PID: 301
V/WLAN_PSA(  301): NL MSG, len[4000], NL type[0x1C] WNI type[0x5900] len[34831]
V/WLAN_PSA(  301): NL MSG, PID: 301
V/WLAN_PSA(  301): NL MSG, len[4033], NL type[0x1C] WNI type[0x5900] len[43279]
V/WLAN_PSA(  301): NL MSG, PID: 301
V/WLAN_PSA(  301): NL MSG, len[914], NL type[0x11] WNI type[0x5050] len[894]
V/WLAN_PSA(  301): NL MSG, PID: 301
V/WLAN_PSA(  301): NL MSG, len[3977], NL type[0x1C] WNI type[0x5900] len[28943]
V/WLAN_PSA(  301): NL MSG, PID: 301
V/WLAN_PSA(  301): NL MSG, len[3986], NL type[0x1C] WNI type[0x5900] len[31247]
V/WLAN_PSA(  301): NL MSG, PID: 301
V/WLAN_PSA(  301): NL MSG, len[4014], NL type[0x1C] WNI type[0x5900] len[38415]
V/WLAN_PSA(  301): NL MSG, PID: 301
V/WLAN_PSA(  301): NL MSG, len[4014], NL type[0x1C] WNI type[0x5900] len[38415]
V/WLAN_PSA(  301): NL MSG, PID: 301
I/WifiHAL (  766): Found some events!!!
I/WifiHAL (  766): event received NL80211_CMD_NEW_SCAN_RESULTS, vendor_id = 0x0
I/WifiHAL (  766): event ignored!!
I/wpa_supplicant( 4191): nl80211: Received scan results (111 BSSes)
V/WLAN_PSA(  301): NL MSG, len[4013], NL type[0x1C] WNI type[0x5900] len[38159]
V/WLAN_PSA(  301): NL MSG, PID: 301
I/wpa_supplicant( 4191): wlan0: BSS: Add new id 739 BSSID f0:5c:19:90:d5:01 SSID 'net4guest'
I/wpa_supplicant( 4191): wlan0: BSS: Add new id 740 BSSID 00:11:b5:84:be:17 SSID 'CMCC-WEB'
I/wifi    (  766): #wpa-cmd: IFNAME=wlan0 BSS RANGE=0- MASK=0x21987
I/wpa_supplicant( 4191): nl80211: Received scan results (111 BSSes)
I/wpa_supplicant( 4191): p2p0: BSS: Add new id 646 BSSID f0:5c:19:90:d5:01 SSID 'net4guest'
I/wpa_supplicant( 4191): p2p0: BSS: Add new id 647 BSSID 00:11:b5:84:be:17 SSID 'CMCC-WEB'
I/wifi    (  766): #wpa-cmd: IFNAME=wlan0 BSS RANGE=503- MASK=0x21987
I/wifi    (  766): #wpa-cmd: IFNAME=wlan0 BSS RANGE=647- MASK=0x21987
I/wifi    (  766): #wpa-cmd: IFNAME=wlan0 BSS RANGE=723- MASK=0x21987
D/LBSSystemMonitorService(  766): handleMessage what - 4
D/Wiper_jni(  766): Send Network Location.
V/WLAN_PSA(  301): NL MSG, len[048], NL type[0x11] WNI type[0x5050] len[028]
V/WLAN_PSA(  301): NL MSG, PID: 301
V/WLAN_PSA(  301): NL MSG, len[048], NL type[0x11] WNI type[0x5050] len[028]
V/WLAN_PSA(  301): NL MSG, PID: 301
V/WLAN_PSA(  301): NL MSG, len[048], NL type[0x11] WNI type[0x5050] len[028]
V/WLAN_PSA(  301): NL MSG, PID: 301
V/WLAN_PSA(  301): NL MSG, len[048], NL type[0x11] WNI type[0x5050] len[028]
V/WLAN_PSA(  301): NL MSG, PID: 301
V/DeviceStorageMonitorService(  766): freeMemory=3145936896, mMemLowThreshold: 209715200
I/DeviceStorageMonitorService(  766): Posting Message again
I/subsystem_ramdump(22514): Usage:./system/bin/subsystem_ramdump [arg1] [arg2] [arg3]
I/subsystem_ramdump(22514): [arg1]: (1/2) Ramdump location: 1: eMMC: /data/ramdump or 2: SD card: /sdcard/ramdump
I/subsystem_ramdump(22514): [arg2]: (1/0) 1: Enable RPM log / 0: Disable RPM log
I/subsystem_ramdump(22514): [arg3]: (1/0) 1: Enable qdss ramdump / 0: Disable qdss ramdump
I/subsystem_ramdump(22514):  Using default ramdump location 1: eMMC: /data/ramdump
I/subsystem_ramdump(22514):  Using default 0: Disable RPM log
I/subsystem_ramdump(22514):  Using default 0: Disable qdss ramdump
E/subsystem_ramdump(22514): Unable to open /dev/ramdump_smem
E/subsystem_ramdump(22514): Failed to open ramdump devices
E/subsystem_ramdump(22514): Failed to initialize ramdump
W/subsystem_ramdu(22514): type=1400 audit(0.0:841): avc: denied { read } for name="ramdump_smem" dev="tmpfs" ino=9295 scontext=u:r:subsystem_ramdump:s0 tcontext=u:object_r:ramdump_device:s0 tclass=chr_file permissive=0
D/AES     (  766):  AEEIOCTL_RT_MON_Kick IOCTL,cmd= -2147192822, lParam=300. 
D/ThermalEngine(  307): sensor_wait: xo_therm Wait done.
D/ThermalEngine(  307): sensor_monitor: xo_therm Reading 31000 .
I/ThermalEngine(  307): Sensor:xo_therm:31000 mC
D/ThermalEngine(  307): update_active_thresh: xo_therm Active(1), Hi(1) 42000, Lo(0) -2147483648, Interval(1) 10000
D/ThermalEngine(  307): sensor_monitor: xo_therm Sensor wait.
D/ThermalEngine(  307): sensor_wait: xo_therm Wait start. 10000ms
I/subsystem_ramdump(22516): Usage:./system/bin/subsystem_ramdump [arg1] [arg2] [arg3]
I/subsystem_ramdump(22516): [arg1]: (1/2) Ramdump location: 1: eMMC: /data/ramdump or 2: SD card: /sdcard/ramdump
I/subsystem_ramdump(22516): [arg2]: (1/0) 1: Enable RPM log / 0: Disable RPM log
I/subsystem_ramdump(22516): [arg3]: (1/0) 1: Enable qdss ramdump / 0: Disable qdss ramdump
I/subsystem_ramdump(22516):  Using default ramdump location 1: eMMC: /data/ramdump
I/subsystem_ramdump(22516):  Using default 0: Disable RPM log
I/subsystem_ramdump(22516):  Using default 0: Disable qdss ramdump
E/subsystem_ramdump(22516): Unable to open /dev/ramdump_smem
E/subsystem_ramdump(22516): Failed to open ramdump devices
E/subsystem_ramdump(22516): Failed to initialize ramdump
W/subsystem_ramdu(22516): type=1400 audit(0.0:842): avc: denied { read } for name="ramdump_smem" dev="tmpfs" ino=9295 scontext=u:r:subsystem_ramdump:s0 tcontext=u:object_r:ramdump_device:s0 tclass=chr_file permissive=0
I/wifi    (  766): #wpa-cmd: IFNAME=wlan0 SCAN
V/WLAN_PSA(  301): NL MSG, len[3985], NL type[0x1C] WNI type[0x5900] len[30991]
V/WLAN_PSA(  301): NL MSG, PID: 301
I/WifiHAL (  766): Found some events!!!
I/WifiHAL (  766): event received NL80211_CMD_TRIGGER_SCAN, vendor_id = 0x0
I/WifiHAL (  766): event ignored!!
V/WLAN_PSA(  301): NL MSG, len[048], NL type[0x11] WNI type[0x5050] len[028]
V/WLAN_PSA(  301): NL MSG, PID: 301
V/WLAN_PSA(  301): NL MSG, len[048], NL type[0x11] WNI type[0x5050] len[028]
V/WLAN_PSA(  301): NL MSG, PID: 301
V/WLAN_PSA(  301): NL MSG, len[048], NL type[0x11] WNI type[0x5050] len[028]
V/WLAN_PSA(  301): NL MSG, PID: 301
V/WLAN_PSA(  301): NL MSG, len[914], NL type[0x11] WNI type[0x5050] len[894]
V/WLAN_PSA(  301): NL MSG, PID: 301
V/WLAN_PSA(  301): NL MSG, len[048], NL type[0x11] WNI type[0x5050] len[028]
V/WLAN_PSA(  301): NL MSG, PID: 301
V/WLAN_PSA(  301): NL MSG, len[4042], NL type[0x1C] WNI type[0x5900] len[45583]
V/WLAN_PSA(  301): NL MSG, PID: 301
V/WLAN_PSA(  301): NL MSG, len[4020], NL type[0x1C] WNI type[0x5900] len[39951]
V/WLAN_PSA(  301): NL MSG, PID: 301
V/WLAN_PSA(  301): NL MSG, len[4007], NL type[0x1C] WNI type[0x5900] len[36623]
V/WLAN_PSA(  301): NL MSG, PID: 301
V/WLAN_PSA(  301): NL MSG, len[4025], NL type[0x1C] WNI type[0x5900] len[41231]
V/WLAN_PSA(  301): NL MSG, PID: 301
V/WLAN_PSA(  301): NL MSG, len[4084], NL type[0x1C] WNI type[0x5900] len[56335]
V/WLAN_PSA(  301): NL MSG, PID: 301
V/WLAN_PSA(  301): NL MSG, len[3982], NL type[0x1C] WNI type[0x5900] len[30223]
V/WLAN_PSA(  301): NL MSG, PID: 301
V/WLAN_PSA(  301): NL MSG, len[4085], NL type[0x1C] WNI type[0x5900] len[56591]
V/WLAN_PSA(  301): NL MSG, PID: 301
V/WLAN_PSA(  301): NL MSG, len[3995], NL type[0x1C] WNI type[0x5900] len[33551]
V/WLAN_PSA(  301): NL MSG, PID: 301
V/WLAN_PSA(  301): NL MSG, len[4079], NL type[0x1C] WNI type[0x5900] len[55055]
V/WLAN_PSA(  301): NL MSG, PID: 301
V/WLAN_PSA(  301): NL MSG, len[4062], NL type[0x1C] WNI type[0x5900] len[50703]
V/WLAN_PSA(  301): NL MSG, PID: 301
V/WLAN_PSA(  301): NL MSG, len[4022], NL type[0x1C] WNI type[0x5900] len[40463]
V/WLAN_PSA(  301): NL MSG, PID: 301
V/WLAN_PSA(  301): NL MSG, len[4060], NL type[0x1C] WNI type[0x5900] len[50191]
V/WLAN_PSA(  301): NL MSG, PID: 301
V/WLAN_PSA(  301): NL MSG, len[4065], NL type[0x1C] WNI type[0x5900] len[51471]
V/WLAN_PSA(  301): NL MSG, PID: 301
V/WLAN_PSA(  301): NL MSG, len[4080], NL type[0x1C] WNI type[0x5900] len[55311]
V/WLAN_PSA(  301): NL MSG, PID: 301
V/WLAN_PSA(  301): NL MSG, len[4041], NL type[0x1C] WNI type[0x5900] len[45327]
V/WLAN_PSA(  301): NL MSG, PID: 301
V/WLAN_PSA(  301): NL MSG, len[4073], NL type[0x1C] WNI type[0x5900] len[53519]
V/WLAN_PSA(  301): NL MSG, PID: 301
V/WLAN_PSA(  301): NL MSG, len[4028], NL type[0x1C] WNI type[0x5900] len[41999]
V/WLAN_PSA(  301): NL MSG, PID: 301
V/WLAN_PSA(  301): NL MSG, len[3995], NL type[0x1C] WNI type[0x5900] len[33551]
V/WLAN_PSA(  301): NL MSG, PID: 301
V/WLAN_PSA(  301): NL MSG, len[4018], NL type[0x1C] WNI type[0x5900] len[39439]
V/WLAN_PSA(  301): NL MSG, PID: 301
V/WLAN_PSA(  301): NL MSG, len[4028], NL type[0x1C] WNI type[0x5900] len[41999]
V/WLAN_PSA(  301): NL MSG, PID: 301
V/WLAN_PSA(  301): NL MSG, len[3995], NL type[0x1C] WNI type[0x5900] len[33551]
V/WLAN_PSA(  301): NL MSG, PID: 301
V/WLAN_PSA(  301): NL MSG, len[4018], NL type[0x1C] WNI type[0x5900] len[39439]
V/WLAN_PSA(  301): NL MSG, PID: 301
V/WLAN_PSA(  301): NL MSG, len[3999], NL type[0x1C] WNI type[0x5900] len[34575]
V/WLAN_PSA(  301): NL MSG, PID: 301
V/WLAN_PSA(  301): NL MSG, len[4024], NL type[0x1C] WNI type[0x5900] len[40975]
V/WLAN_PSA(  301): NL MSG, PID: 301
V/WLAN_PSA(  301): NL MSG, len[914], NL type[0x11] WNI type[0x5050] len[894]
V/WLAN_PSA(  301): NL MSG, PID: 301
V/WLAN_PSA(  301): NL MSG, len[4062], NL type[0x1C] WNI type[0x5900] len[50703]
V/WLAN_PSA(  301): NL MSG, PID: 301
V/WLAN_PSA(  301): NL MSG, len[4038], NL type[0x1C] WNI type[0x5900] len[44559]
V/WLAN_PSA(  301): NL MSG, PID: 301
V/WLAN_PSA(  301): NL MSG, len[4014], NL type[0x1C] WNI type[0x5900] len[38415]
V/WLAN_PSA(  301): NL MSG, PID: 301
V/WLAN_PSA(  301): NL MSG, len[4014], NL type[0x1C] WNI type[0x5900] len[38415]
V/WLAN_PSA(  301): NL MSG, PID: 301
V/WLAN_PSA(  301): NL MSG, len[4014], NL type[0x1C] WNI type[0x5900] len[38415]
V/WLAN_PSA(  301): NL MSG, PID: 301
I/WifiHAL (  766): Found some events!!!
I/WifiHAL (  766): event received NL80211_CMD_NEW_SCAN_RESULTS, vendor_id = 0x0
I/WifiHAL (  766): event ignored!!
I/wpa_supplicant( 4191): nl80211: Received scan results (111 BSSes)
I/wpa_supplicant( 4191): wlan0: BSS: Add new id 741 BSSID fc:5b:39:db:45:01 SSID 'Phone-WIFI'
I/wpa_supplicant( 4191): wlan0: BSS: Add new id 742 BSSID fc:5b:39:db:45:07 SSID 'wlan-test'
I/wpa_supplicant( 4191): wlan0: BSS: Add new id 743 BSSID fc:5b:39:db:45:08 SSID 'Phone-IPV6'
I/wpa_supplicant( 4191): wlan0: BSS: Add new id 744 BSSID fc:5b:39:db:45:06 SSID 'VAL-TEST'
I/wpa_supplicant( 4191): wlan0: BSS: Add new id 745 BSSID fc:5b:39:db:45:0b SSID 'WIFI-Internal-Test'
I/wpa_supplicant( 4191): wlan0: BSS: Add new id 746 BSSID c4:ca:d9:25:15:f1 SSID 'i-Shanghai'
I/wifi    (  766): #wpa-cmd: IFNAME=wlan0 BSS RANGE=0- MASK=0x21987
I/wpa_supplicant( 4191): nl80211: Received scan results (111 BSSes)
I/wpa_supplicant( 4191): p2p0: BSS: Add new id 648 BSSID fc:5b:39:db:45:01 SSID 'Phone-WIFI'
I/wpa_supplicant( 4191): p2p0: BSS: Add new id 649 BSSID fc:5b:39:db:45:07 SSID 'wlan-test'
I/wpa_supplicant( 4191): p2p0: BSS: Add new id 650 BSSID fc:5b:39:db:45:08 SSID 'Phone-IPV6'
I/wpa_supplicant( 4191): p2p0: BSS: Add new id 651 BSSID fc:5b:39:db:45:06 SSID 'VAL-TEST'
I/wpa_supplicant( 4191): p2p0: BSS: Add new id 652 BSSID fc:5b:39:db:45:0b SSID 'WIFI-Internal-Test'
I/wpa_supplicant( 4191): p2p0: BSS: Add new id 653 BSSID c4:ca:d9:25:15:f1 SSID 'i-Shanghai'
I/wifi    (  766): #wpa-cmd: IFNAME=wlan0 BSS RANGE=503- MASK=0x21987
I/wifi    (  766): #wpa-cmd: IFNAME=wlan0 BSS RANGE=647- MASK=0x21987
I/wifi    (  766): #wpa-cmd: IFNAME=wlan0 BSS RANGE=725- MASK=0x21987
D/LBSSystemMonitorService(  766): handleMessage what - 4
D/Wiper_jni(  766): Send Network Location.
V/WLAN_PSA(  301): NL MSG, len[048], NL type[0x11] WNI type[0x5050] len[028]
V/WLAN_PSA(  301): NL MSG, PID: 301
V/WLAN_PSA(  301): NL MSG, len[048], NL type[0x11] WNI type[0x5050] len[028]
V/WLAN_PSA(  301): NL MSG, PID: 301
V/WLAN_PSA(  301): NL MSG, len[4041], NL type[0x1C] WNI type[0x5900] len[45327]
V/WLAN_PSA(  301): NL MSG, PID: 301
V/WLAN_PSA(  301): NL MSG, len[048], NL type[0x11] WNI type[0x5050] len[028]
V/WLAN_PSA(  301): NL MSG, PID: 301
V/WLAN_PSA(  301): NL MSG, len[048], NL type[0x11] WNI type[0x5050] len[028]
V/WLAN_PSA(  301): NL MSG, PID: 301
V/AlarmManager(  766): sending alarm Alarm{31607a68 type 3 when 4021947 com.google.android.gms}
D/PowerManagerService(  766): updateWakeLockSummaryLocked: mWakefulness=Awake, mWakeLockSummary=0x1
D/PowerManagerService(  766): releaseWakeLockInternal: lock=1035987373 [*alarm*], flags=0x0, packageName=android, total_time=8ms
D/PowerManagerService(  766): updateWakeLockSummaryLocked: mWakefulness=Awake, mWakeLockSummary=0x0
I/subsystem_ramdump(22519): Usage:./system/bin/subsystem_ramdump [arg1] [arg2] [arg3]
I/subsystem_ramdump(22519): [arg1]: (1/2) Ramdump location: 1: eMMC: /data/ramdump or 2: SD card: /sdcard/ramdump
I/subsystem_ramdump(22519): [arg2]: (1/0) 1: Enable RPM log / 0: Disable RPM log
I/subsystem_ramdump(22519): [arg3]: (1/0) 1: Enable qdss ramdump / 0: Disable qdss ramdump
I/subsystem_ramdump(22519):  Using default ramdump location 1: eMMC: /data/ramdump
I/subsystem_ramdump(22519):  Using default 0: Disable RPM log
I/subsystem_ramdump(22519):  Using default 0: Disable qdss ramdump
E/subsystem_ramdump(22519): Unable to open /dev/ramdump_smem
E/subsystem_ramdump(22519): Failed to open ramdump devices
E/subsystem_ramdump(22519): Failed to initialize ramdump
W/subsystem_ramdu(22519): type=1400 audit(0.0:843): avc: denied { read } for name="ramdump_smem" dev="tmpfs" ino=9295 scontext=u:r:subsystem_ramdump:s0 tcontext=u:object_r:ramdump_device:s0 tclass=chr_file permissive=0
D/ThermalEngine(  307): sensor_wait: xo_therm Wait done.
D/ThermalEngine(  307): sensor_monitor: xo_therm Reading 31000 .
I/ThermalEngine(  307): Sensor:xo_therm:31000 mC
D/ThermalEngine(  307): update_active_thresh: xo_therm Active(1), Hi(1) 42000, Lo(0) -2147483648, Interval(1) 10000
D/ThermalEngine(  307): sensor_monitor: xo_therm Sensor wait.
D/ThermalEngine(  307): sensor_wait: xo_therm Wait start. 10000ms
I/subsystem_ramdump(22521): Usage:./system/bin/subsystem_ramdump [arg1] [arg2] [arg3]
I/subsystem_ramdump(22521): [arg1]: (1/2) Ramdump location: 1: eMMC: /data/ramdump or 2: SD card: /sdcard/ramdump
I/subsystem_ramdump(22521): [arg2]: (1/0) 1: Enable RPM log / 0: Disable RPM log
I/subsystem_ramdump(22521): [arg3]: (1/0) 1: Enable qdss ramdump / 0: Disable qdss ramdump
I/subsystem_ramdump(22521):  Using default ramdump location 1: eMMC: /data/ramdump
I/subsystem_ramdump(22521):  Using default 0: Disable RPM log
I/subsystem_ramdump(22521):  Using default 0: Disable qdss ramdump
W/subsystem_ramdu(22521): type=1400 audit(0.0:844): avc: denied { read } for name="ramdump_smem" dev="tmpfs" ino=9295 scontext=u:r:subsystem_ramdump:s0 tcontext=u:object_r:ramdump_device:s0 tclass=chr_file permissive=0
E/subsystem_ramdump(22521): Unable to open /dev/ramdump_smem
E/subsystem_ramdump(22521): Failed to open ramdump devices
E/subsystem_ramdump(22521): Failed to initialize ramdump
I/wifi    (  766): #wpa-cmd: IFNAME=wlan0 SCAN
V/WLAN_PSA(  301): NL MSG, len[048], NL type[0x11] WNI type[0x5050] len[028]
V/WLAN_PSA(  301): NL MSG, PID: 301
I/WifiHAL (  766): Found some events!!!
I/WifiHAL (  766): event received NL80211_CMD_TRIGGER_SCAN, vendor_id = 0x0
I/WifiHAL (  766): event ignored!!
V/WLAN_PSA(  301): NL MSG, len[048], NL type[0x11] WNI type[0x5050] len[028]
V/WLAN_PSA(  301): NL MSG, PID: 301
V/WLAN_PSA(  301): NL MSG, len[048], NL type[0x11] WNI type[0x5050] len[028]
V/WLAN_PSA(  301): NL MSG, PID: 301
V/WLAN_PSA(  301): NL MSG, len[914], NL type[0x11] WNI type[0x5050] len[894]
V/WLAN_PSA(  301): NL MSG, PID: 301
V/WLAN_PSA(  301): NL MSG, len[048], NL type[0x11] WNI type[0x5050] len[028]
V/WLAN_PSA(  301): NL MSG, PID: 301
V/WLAN_PSA(  301): NL MSG, len[4024], NL type[0x1C] WNI type[0x5900] len[40975]
V/WLAN_PSA(  301): NL MSG, PID: 301
V/WLAN_PSA(  301): NL MSG, len[4059], NL type[0x1C] WNI type[0x5900] len[49935]
V/WLAN_PSA(  301): NL MSG, PID: 301
V/WLAN_PSA(  301): NL MSG, len[4003], NL type[0x1C] WNI type[0x5900] len[35599]
V/WLAN_PSA(  301): NL MSG, PID: 301
V/WLAN_PSA(  301): NL MSG, len[4022], NL type[0x1C] WNI type[0x5900] len[40463]
V/WLAN_PSA(  301): NL MSG, PID: 301
